Archive member included to satisfy reference by file (symbol)

C:/ST/STM32CubeIDE_1.10.1/STM32CubeIDE/plugins/com.st.stm32cube.ide.mcu.externaltools.gnu-tools-for-stm32.12.3.rel1.win32_1.0.200.202406191623/tools/bin/../lib/gcc/arm-none-eabi/12.3.1/../../../../arm-none-eabi/lib/thumb/v6-m/nofp\libc.a(libc_a-atof.o)
                              BOS\BOS_CLI.o (atof)
C:/ST/STM32CubeIDE_1.10.1/STM32CubeIDE/plugins/com.st.stm32cube.ide.mcu.externaltools.gnu-tools-for-stm32.12.3.rel1.win32_1.0.200.202406191623/tools/bin/../lib/gcc/arm-none-eabi/12.3.1/../../../../arm-none-eabi/lib/thumb/v6-m/nofp\libc.a(libc_a-atoi.o)
                              BOS\BOS_CLI.o (atoi)
C:/ST/STM32CubeIDE_1.10.1/STM32CubeIDE/plugins/com.st.stm32cube.ide.mcu.externaltools.gnu-tools-for-stm32.12.3.rel1.win32_1.0.200.202406191623/tools/bin/../lib/gcc/arm-none-eabi/12.3.1/../../../../arm-none-eabi/lib/thumb/v6-m/nofp\libc.a(libc_a-atol.o)
                              BOS\BOS.o (atol)
C:/ST/STM32CubeIDE_1.10.1/STM32CubeIDE/plugins/com.st.stm32cube.ide.mcu.externaltools.gnu-tools-for-stm32.12.3.rel1.win32_1.0.200.202406191623/tools/bin/../lib/gcc/arm-none-eabi/12.3.1/../../../../arm-none-eabi/lib/thumb/v6-m/nofp\libc.a(libc_a-exit.o)
                              C:/ST/STM32CubeIDE_1.10.1/STM32CubeIDE/plugins/com.st.stm32cube.ide.mcu.externaltools.gnu-tools-for-stm32.12.3.rel1.win32_1.0.200.202406191623/tools/bin/../lib/gcc/arm-none-eabi/12.3.1/../../../../arm-none-eabi/lib/thumb/v6-m/nofp/crt0.o (exit)
C:/ST/STM32CubeIDE_1.10.1/STM32CubeIDE/plugins/com.st.stm32cube.ide.mcu.externaltools.gnu-tools-for-stm32.12.3.rel1.win32_1.0.200.202406191623/tools/bin/../lib/gcc/arm-none-eabi/12.3.1/../../../../arm-none-eabi/lib/thumb/v6-m/nofp\libc.a(libc_a-malloc.o)
                              BOS\BOS.o (malloc)
C:/ST/STM32CubeIDE_1.10.1/STM32CubeIDE/plugins/com.st.stm32cube.ide.mcu.externaltools.gnu-tools-for-stm32.12.3.rel1.win32_1.0.200.202406191623/tools/bin/../lib/gcc/arm-none-eabi/12.3.1/../../../../arm-none-eabi/lib/thumb/v6-m/nofp\libc.a(libc_a-mallocr.o)
                              C:/ST/STM32CubeIDE_1.10.1/STM32CubeIDE/plugins/com.st.stm32cube.ide.mcu.externaltools.gnu-tools-for-stm32.12.3.rel1.win32_1.0.200.202406191623/tools/bin/../lib/gcc/arm-none-eabi/12.3.1/../../../../arm-none-eabi/lib/thumb/v6-m/nofp\libc.a(libc_a-malloc.o) (_malloc_r)
C:/ST/STM32CubeIDE_1.10.1/STM32CubeIDE/plugins/com.st.stm32cube.ide.mcu.externaltools.gnu-tools-for-stm32.12.3.rel1.win32_1.0.200.202406191623/tools/bin/../lib/gcc/arm-none-eabi/12.3.1/../../../../arm-none-eabi/lib/thumb/v6-m/nofp\libc.a(libc_a-mlock.o)
                              C:/ST/STM32CubeIDE_1.10.1/STM32CubeIDE/plugins/com.st.stm32cube.ide.mcu.externaltools.gnu-tools-for-stm32.12.3.rel1.win32_1.0.200.202406191623/tools/bin/../lib/gcc/arm-none-eabi/12.3.1/../../../../arm-none-eabi/lib/thumb/v6-m/nofp\libc.a(libc_a-mallocr.o) (__malloc_lock)
C:/ST/STM32CubeIDE_1.10.1/STM32CubeIDE/plugins/com.st.stm32cube.ide.mcu.externaltools.gnu-tools-for-stm32.12.3.rel1.win32_1.0.200.202406191623/tools/bin/../lib/gcc/arm-none-eabi/12.3.1/../../../../arm-none-eabi/lib/thumb/v6-m/nofp\libc.a(libc_a-rand.o)
                              BOS\BOS_CLIcommands.o (rand)
C:/ST/STM32CubeIDE_1.10.1/STM32CubeIDE/plugins/com.st.stm32cube.ide.mcu.externaltools.gnu-tools-for-stm32.12.3.rel1.win32_1.0.200.202406191623/tools/bin/../lib/gcc/arm-none-eabi/12.3.1/../../../../arm-none-eabi/lib/thumb/v6-m/nofp\libc.a(libc_a-realloc.o)
                              BOS\BOS_CLI.o (realloc)
C:/ST/STM32CubeIDE_1.10.1/STM32CubeIDE/plugins/com.st.stm32cube.ide.mcu.externaltools.gnu-tools-for-stm32.12.3.rel1.win32_1.0.200.202406191623/tools/bin/../lib/gcc/arm-none-eabi/12.3.1/../../../../arm-none-eabi/lib/thumb/v6-m/nofp\libc.a(libc_a-reallocr.o)
                              C:/ST/STM32CubeIDE_1.10.1/STM32CubeIDE/plugins/com.st.stm32cube.ide.mcu.externaltools.gnu-tools-for-stm32.12.3.rel1.win32_1.0.200.202406191623/tools/bin/../lib/gcc/arm-none-eabi/12.3.1/../../../../arm-none-eabi/lib/thumb/v6-m/nofp\libc.a(libc_a-realloc.o) (_realloc_r)
C:/ST/STM32CubeIDE_1.10.1/STM32CubeIDE/plugins/com.st.stm32cube.ide.mcu.externaltools.gnu-tools-for-stm32.12.3.rel1.win32_1.0.200.202406191623/tools/bin/../lib/gcc/arm-none-eabi/12.3.1/../../../../arm-none-eabi/lib/thumb/v6-m/nofp\libc.a(libc_a-strtod.o)
                              C:/ST/STM32CubeIDE_1.10.1/STM32CubeIDE/plugins/com.st.stm32cube.ide.mcu.externaltools.gnu-tools-for-stm32.12.3.rel1.win32_1.0.200.202406191623/tools/bin/../lib/gcc/arm-none-eabi/12.3.1/../../../../arm-none-eabi/lib/thumb/v6-m/nofp\libc.a(libc_a-atof.o) (strtod)
C:/ST/STM32CubeIDE_1.10.1/STM32CubeIDE/plugins/com.st.stm32cube.ide.mcu.externaltools.gnu-tools-for-stm32.12.3.rel1.win32_1.0.200.202406191623/tools/bin/../lib/gcc/arm-none-eabi/12.3.1/../../../../arm-none-eabi/lib/thumb/v6-m/nofp\libc.a(libc_a-strtol.o)
[...]
Memory Configuration

Name             Origin             Length             Attributes
RAM              0x20000000         0x00024000         xrw
FLASH            0x08000000         0x00080000         xr
*default*        0x00000000         0xffffffff

Linker script and memory map

LOAD C:/ST/STM32CubeIDE_1.10.1/STM32CubeIDE/plugins/com.st.stm32cube.ide.mcu.externaltools.gnu-tools-for-stm32.12.3.rel1.win32_1.0.200.202406191623/tools/bin/../lib/gcc/arm-none-eabi/12.3.1/thumb/v6-m/nofp/crti.o
LOAD C:/ST/STM32CubeIDE_1.10.1/STM32CubeIDE/plugins/com.st.stm32cube.ide.mcu.externaltools.gnu-tools-for-stm32.12.3.rel1.win32_1.0.200.202406191623/tools/bin/../lib/gcc/arm-none-eabi/12.3.1/thumb/v6-m/nofp/crtbegin.o
LOAD C:/ST/STM32CubeIDE_1.10.1/STM32CubeIDE/plugins/com.st.stm32cube.ide.mcu.externaltools.gnu-tools-for-stm32.12.3.rel1.win32_1.0.200.202406191623/tools/bin/../lib/gcc/arm-none-eabi/12.3.1/../../../../arm-none-eabi/lib/thumb/v6-m/nofp/crt0.o
LOAD BOS\BOS.o
LOAD BOS\BOS_CLI.o
LOAD BOS\BOS_CLIcommands.o
LOAD BOS\BOS_dma.o
LOAD BOS\BOS_freertos.o
LOAD BOS\BOS_messaging.o
LOAD BOS\BOS_msgparser.o
LOAD H0FR1\H0FR1.o
LOAD H0FR1\H0FR1_dma.o
LOAD H0FR1\H0FR1_eeprom.o
LOAD H0FR1\H0FR1_gpio.o
LOAD H0FR1\H0FR1_inputs.o
LOAD H0FR1\H0FR1_it.o
LOAD H0FR1\H0FR1_rtc.o
LOAD H0FR1\H0FR1_timers.o
LOAD H0FR1\H0FR1_uart.o
LOAD H0FR1\startup_stm32g0b1ceuxn.o
LOAD Thirdparty\CMSIS\STM32G0xx\Device\ST\STM32G0xx\Source\Templates\system_stm32g0xx.o
LOAD Thirdparty\Middleware\STM32G0xx\FreeRTOS\Source\CMSIS_RTOS\cmsis_os.o
LOAD Thirdparty\Middleware\STM32G0xx\FreeRTOS\Source\FreeRTOS_CLI.o
LOAD Thirdparty\Middleware\STM32G0xx\FreeRTOS\Source\croutine.o
LOAD Thirdparty\Middleware\STM32G0xx\FreeRTOS\Source\event_groups.o
LOAD Thirdparty\Middleware\STM32G0xx\FreeRTOS\Source\list.o
LOAD Thirdparty\Middleware\STM32G0xx\FreeRTOS\Source\portable\GCC\ARM_CM0\port.o
LOAD Thirdparty\Middleware\STM32G0xx\FreeRTOS\Source\portable\MemMang\heap_4.o
LOAD Thirdparty\Middleware\STM32G0xx\FreeRTOS\Source\queue.o
LOAD Thirdparty\Middleware\STM32G0xx\FreeRTOS\Source\stream_buffer.o
LOAD Thirdparty\Middleware\STM32G0xx\FreeRTOS\Source\tasks.o
LOAD Thirdparty\Middleware\STM32G0xx\FreeRTOS\Source\timers.o
LOAD Thirdparty\STM32G0xx_HAL_Driver\Src\stm32g0xx_hal.o
LOAD Thirdparty\STM32G0xx_HAL_Driver\Src\stm32g0xx_hal_adc.o
LOAD Thirdparty\STM32G0xx_HAL_Driver\Src\stm32g0xx_hal_adc_ex.o
LOAD Thirdparty\STM32G0xx_HAL_Driver\Src\stm32g0xx_hal_cec.o
LOAD Thirdparty\STM32G0xx_HAL_Driver\Src\stm32g0xx_hal_comp.o
LOAD Thirdparty\STM32G0xx_HAL_Driver\Src\stm32g0xx_hal_cortex.o
LOAD Thirdparty\STM32G0xx_HAL_Driver\Src\stm32g0xx_hal_crc.o
LOAD Thirdparty\STM32G0xx_HAL_Driver\Src\stm32g0xx_hal_crc_ex.o
LOAD Thirdparty\STM32G0xx_HAL_Driver\Src\stm32g0xx_hal_cryp.o
LOAD Thirdparty\STM32G0xx_HAL_Driver\Src\stm32g0xx_hal_cryp_ex.o
LOAD Thirdparty\STM32G0xx_HAL_Driver\Src\stm32g0xx_hal_dac.o
LOAD Thirdparty\STM32G0xx_HAL_Driver\Src\stm32g0xx_hal_dac_ex.o
LOAD Thirdparty\STM32G0xx_HAL_Driver\Src\stm32g0xx_hal_dma.o
LOAD Thirdparty\STM32G0xx_HAL_Driver\Src\stm32g0xx_hal_dma_ex.o
LOAD Thirdparty\STM32G0xx_HAL_Driver\Src\stm32g0xx_hal_exti.o
LOAD Thirdparty\STM32G0xx_HAL_Driver\Src\stm32g0xx_hal_fdcan.o
LOAD Thirdparty\STM32G0xx_HAL_Driver\Src\stm32g0xx_hal_flash.o
LOAD Thirdparty\STM32G0xx_HAL_Driver\Src\stm32g0xx_hal_flash_ex.o
LOAD Thirdparty\STM32G0xx_HAL_Driver\Src\stm32g0xx_hal_gpio.o
LOAD Thirdparty\STM32G0xx_HAL_Driver\Src\stm32g0xx_hal_hcd.o
LOAD Thirdparty\STM32G0xx_HAL_Driver\Src\stm32g0xx_hal_i2c.o
LOAD Thirdparty\STM32G0xx_HAL_Driver\Src\stm32g0xx_hal_i2c_ex.o
LOAD Thirdparty\STM32G0xx_HAL_Driver\Src\stm32g0xx_hal_i2s.o
LOAD Thirdparty\STM32G0xx_HAL_Driver\Src\stm32g0xx_hal_irda.o
LOAD Thirdparty\STM32G0xx_HAL_Driver\Src\stm32g0xx_hal_iwdg.o
LOAD Thirdparty\STM32G0xx_HAL_Driver\Src\stm32g0xx_hal_lptim.o
LOAD Thirdparty\STM32G0xx_HAL_Driver\Src\stm32g0xx_hal_msp_template.o
LOAD Thirdparty\STM32G0xx_HAL_Driver\Src\stm32g0xx_hal_pcd.o
LOAD Thirdparty\STM32G0xx_HAL_Driver\Src\stm32g0xx_hal_pcd_ex.o
LOAD Thirdparty\STM32G0xx_HAL_Driver\Src\stm32g0xx_hal_pwr.o
LOAD Thirdparty\STM32G0xx_HAL_Driver\Src\stm32g0xx_hal_pwr_ex.o
LOAD Thirdparty\STM32G0xx_HAL_Driver\Src\stm32g0xx_hal_rcc.o
LOAD Thirdparty\STM32G0xx_HAL_Driver\Src\stm32g0xx_hal_rcc_ex.o
LOAD Thirdparty\STM32G0xx_HAL_Driver\Src\stm32g0xx_hal_rng.o
LOAD Thirdparty\STM32G0xx_HAL_Driver\Src\stm32g0xx_hal_rtc.o
LOAD Thirdparty\STM32G0xx_HAL_Driver\Src\stm32g0xx_hal_rtc_ex.o
LOAD Thirdparty\STM32G0xx_HAL_Driver\Src\stm32g0xx_hal_smartcard.o
LOAD Thirdparty\STM32G0xx_HAL_Driver\Src\stm32g0xx_hal_smartcard_ex.o
LOAD Thirdparty\STM32G0xx_HAL_Driver\Src\stm32g0xx_hal_smbus.o
LOAD Thirdparty\STM32G0xx_HAL_Driver\Src\stm32g0xx_hal_smbus_ex.o
LOAD Thirdparty\STM32G0xx_HAL_Driver\Src\stm32g0xx_hal_spi.o
LOAD Thirdparty\STM32G0xx_HAL_Driver\Src\stm32g0xx_hal_spi_ex.o
LOAD Thirdparty\STM32G0xx_HAL_Driver\Src\stm32g0xx_hal_tim.o
LOAD Thirdparty\STM32G0xx_HAL_Driver\Src\stm32g0xx_hal_tim_ex.o
LOAD Thirdparty\STM32G0xx_HAL_Driver\Src\stm32g0xx_hal_uart.o
LOAD Thirdparty\STM32G0xx_HAL_Driver\Src\stm32g0xx_hal_uart_ex.o
LOAD Thirdparty\STM32G0xx_HAL_Driver\Src\stm32g0xx_hal_usart.o
LOAD Thirdparty\STM32G0xx_HAL_Driver\Src\stm32g0xx_hal_usart_ex.o
LOAD Thirdparty\STM32G0xx_HAL_Driver\Src\stm32g0xx_hal_wwdg.o
LOAD Thirdparty\STM32G0xx_HAL_Driver\Src\stm32g0xx_ll_adc.o
LOAD Thirdparty\STM32G0xx_HAL_Driver\Src\stm32g0xx_ll_comp.o
LOAD Thirdparty\STM32G0xx_HAL_Driver\Src\stm32g0xx_ll_crc.o
LOAD Thirdparty\STM32G0xx_HAL_Driver\Src\stm32g0xx_ll_crs.o
LOAD Thirdparty\STM32G0xx_HAL_Driver\Src\stm32g0xx_ll_dac.o
LOAD Thirdparty\STM32G0xx_HAL_Driver\Src\stm32g0xx_ll_dma.o
LOAD Thirdparty\STM32G0xx_HAL_Driver\Src\stm32g0xx_ll_exti.o
LOAD Thirdparty\STM32G0xx_HAL_Driver\Src\stm32g0xx_ll_gpio.o
LOAD Thirdparty\STM32G0xx_HAL_Driver\Src\stm32g0xx_ll_i2c.o
LOAD Thirdparty\STM32G0xx_HAL_Driver\Src\stm32g0xx_ll_lptim.o
LOAD Thirdparty\STM32G0xx_HAL_Driver\Src\stm32g0xx_ll_lpuart.o
LOAD Thirdparty\STM32G0xx_HAL_Driver\Src\stm32g0xx_ll_pwr.o
LOAD Thirdparty\STM32G0xx_HAL_Driver\Src\stm32g0xx_ll_rcc.o
LOAD Thirdparty\STM32G0xx_HAL_Driver\Src\stm32g0xx_ll_rng.o
LOAD Thirdparty\STM32G0xx_HAL_Driver\Src\stm32g0xx_ll_rtc.o
LOAD Thirdparty\STM32G0xx_HAL_Driver\Src\stm32g0xx_ll_spi.o
LOAD Thirdparty\STM32G0xx_HAL_Driver\Src\stm32g0xx_ll_tim.o
LOAD Thirdparty\STM32G0xx_HAL_Driver\Src\stm32g0xx_ll_ucpd.o
LOAD Thirdparty\STM32G0xx_HAL_Driver\Src\stm32g0xx_ll_usart.o
LOAD Thirdparty\STM32G0xx_HAL_Driver\Src\stm32g0xx_ll_usb.o
LOAD Thirdparty\STM32G0xx_HAL_Driver\Src\stm32g0xx_ll_utils.o
LOAD User\main.o
START GROUP
LOAD C:/ST/STM32CubeIDE_1.10.1/STM32CubeIDE/plugins/com.st.stm32cube.ide.mcu.externaltools.gnu-tools-for-stm32.12.3.rel1.win32_1.0.200.202406191623/tools/bin/../lib/gcc/arm-none-eabi/12.3.1/../../../../arm-none-eabi/lib/thumb/v6-m/nofp\libc.a
LOAD C:/ST/STM32CubeIDE_1.10.1/STM32CubeIDE/plugins/com.st.stm32cube.ide.mcu.externaltools.gnu-tools-for-stm32.12.3.rel1.win32_1.0.200.202406191623/tools/bin/../lib/gcc/arm-none-eabi/12.3.1/../../../../arm-none-eabi/lib/thumb/v6-m/nofp\libm.a
END GROUP
START GROUP
LOAD C:/ST/STM32CubeIDE_1.10.1/STM32CubeIDE/plugins/com.st.stm32cube.ide.mcu.externaltools.gnu-tools-for-stm32.12.3.rel1.win32_1.0.200.202406191623/tools/bin/../lib/gcc/arm-none-eabi/12.3.1/thumb/v6-m/nofp\libgcc.a
LOAD C:/ST/STM32CubeIDE_1.10.1/STM32CubeIDE/plugins/com.st.stm32cube.ide.mcu.externaltools.gnu-tools-for-stm32.12.3.rel1.win32_1.0.200.202406191623/tools/bin/../lib/gcc/arm-none-eabi/12.3.1/../../../../arm-none-eabi/lib/thumb/v6-m/nofp\libc.a
END GROUP
START GROUP
LOAD C:/ST/STM32CubeIDE_1.10.1/STM32CubeIDE/plugins/com.st.stm32cube.ide.mcu.externaltools.gnu-tools-for-stm32.12.3.rel1.win32_1.0.200.202406191623/tools/bin/../lib/gcc/arm-none-eabi/12.3.1/thumb/v6-m/nofp\libgcc.a
LOAD C:/ST/STM32CubeIDE_1.10.1/STM32CubeIDE/plugins/com.st.stm32cube.ide.mcu.externaltools.gnu-tools-for-stm32.12.3.rel1.win32_1.0.200.202406191623/tools/bin/../lib/gcc/arm-none-eabi/12.3.1/../../../../arm-none-eabi/lib/thumb/v6-m/nofp\libc.a
LOAD C:/ST/STM32CubeIDE_1.10.1/STM32CubeIDE/plugins/com.st.stm32cube.ide.mcu.externaltools.gnu-tools-for-stm32.12.3.rel1.win32_1.0.200.202406191623/tools/bin/../lib/gcc/arm-none-eabi/12.3.1/../../../../arm-none-eabi/lib/thumb/v6-m/nofp\libnosys.a
END GROUP
LOAD C:/ST/STM32CubeIDE_1.10.1/STM32CubeIDE/plugins/com.st.stm32cube.ide.mcu.externaltools.gnu-tools-for-stm32.12.3.rel1.win32_1.0.200.202406191623/tools/bin/../lib/gcc/arm-none-eabi/12.3.1/thumb/v6-m/nofp/crtend.o
LOAD C:/ST/STM32CubeIDE_1.10.1/STM32CubeIDE/plugins/com.st.stm32cube.ide.mcu.externaltools.gnu-tools-for-stm32.12.3.rel1.win32_1.0.200.202406191623/tools/bin/../lib/gcc/arm-none-eabi/12.3.1/thumb/v6-m/nofp/crtn.o
                0x20024000                        _estack = (ORIGIN (RAM) + LENGTH (RAM))
                0x00000200                        _Min_Heap_Size = 0x200
                0x00000400                        _Min_Stack_Size = 0x400

.isr_vector     0x08000000       0xbc
                0x08000000                        . = ALIGN (0x4)
 *(.isr_vector)
 .isr_vector    0x08000000       0xbc H0FR1\startup_stm32g0b1ceuxn.o
                0x08000000                g_pfnVectors
                0x080000bc                        . = ALIGN (0x4)

.text           0x080000c0    0x27a90
                0x080000c0                        . = ALIGN (0x4)
 *(.text)
 .text          0x080000c0       0x48 C:/ST/STM32CubeIDE_1.10.1/STM32CubeIDE/plugins/com.st.stm32cube.ide.mcu.externaltools.gnu-tools-for-stm32.12.3.rel1.win32_1.0.200.202406191623/tools/bin/../lib/gcc/arm-none-eabi/12.3.1/thumb/v6-m/nofp/crtbegin.o
 .text          0x08000108       0x14 C:/ST/STM32CubeIDE_1.10.1/STM32CubeIDE/plugins/com.st.stm32cube.ide.mcu.externaltools.gnu-tools-for-stm32.12.3.rel1.win32_1.0.200.202406191623/tools/bin/../lib/gcc/arm-none-eabi/12.3.1/../../../../arm-none-eabi/lib/thumb/v6-m/nofp\libc.a(libc_a-strcmp.o)
                0x08000108                strcmp
 .text          0x0800011c        0xe C:/ST/STM32CubeIDE_1.10.1/STM32CubeIDE/plugins/com.st.stm32cube.ide.mcu.externaltools.gnu-tools-for-stm32.12.3.rel1.win32_1.0.200.202406191623/tools/bin/../lib/gcc/arm-none-eabi/12.3.1/../../../../arm-none-eabi/lib/thumb/v6-m/nofp\libc.a(libc_a-strlen.o)
                0x0800011c                strlen
 *fill*         0x0800012a        0x2 
 .text          0x0800012c       0x14 C:/ST/STM32CubeIDE_1.10.1/STM32CubeIDE/plugins/com.st.stm32cube.ide.mcu.externaltools.gnu-tools-for-stm32.12.3.rel1.win32_1.0.200.202406191623/tools/bin/../lib/gcc/arm-none-eabi/12.3.1/thumb/v6-m/nofp\libgcc.a(_thumb1_case_uqi.o)
                0x0800012c                __gnu_thumb1_case_uqi
 .text          0x08000140       0x14 C:/ST/STM32CubeIDE_1.10.1/STM32CubeIDE/plugins/com.st.stm32cube.ide.mcu.externaltools.gnu-tools-for-stm32.12.3.rel1.win32_1.0.200.202406191623/tools/bin/../lib/gcc/arm-none-eabi/12.3.1/thumb/v6-m/nofp\libgcc.a(_thumb1_case_uhi.o)
                0x08000140                __gnu_thumb1_case_uhi
 .text          0x08000154      0x114 C:/ST/STM32CubeIDE_1.10.1/STM32CubeIDE/plugins/com.st.stm32cube.ide.mcu.externaltools.gnu-tools-for-stm32.12.3.rel1.win32_1.0.200.202406191623/tools/bin/../lib/gcc/arm-none-eabi/12.3.1/thumb/v6-m/nofp\libgcc.a(_udivsi3.o)
                0x08000154                __aeabi_uidiv
                0x08000154                __udivsi3
                0x08000260                __aeabi_uidivmod
 .text          0x08000268      0x1d4 C:/ST/STM32CubeIDE_1.10.1/STM32CubeIDE/plugins/com.st.stm32cube.ide.mcu.externaltools.gnu-tools-for-stm32.12.3.rel1.win32_1.0.200.202406191623/tools/bin/../lib/gcc/arm-none-eabi/12.3.1/thumb/v6-m/nofp\libgcc.a(_divsi3.o)
                0x08000268                __divsi3
                0x08000268                __aeabi_idiv
                0x08000434                __aeabi_idivmod
 .text          0x0800043c        0x4 C:/ST/STM32CubeIDE_1.10.1/STM32CubeIDE/plugins/com.st.stm32cube.ide.mcu.externaltools.gnu-tools-for-stm32.12.3.rel1.win32_1.0.200.202406191623/tools/bin/../lib/gcc/arm-none-eabi/12.3.1/thumb/v6-m/nofp\libgcc.a(_dvmd_tls.o)
                0x0800043c                __aeabi_idiv0
                0x0800043c                __aeabi_ldiv0
 .text          0x08000440       0x7c C:/ST/STM32CubeIDE_1.10.1/STM32CubeIDE/plugins/com.st.stm32cube.ide.mcu.externaltools.gnu-tools-for-stm32.12.3.rel1.win32_1.0.200.202406191623/tools/bin/../lib/gcc/arm-none-eabi/12.3.1/thumb/v6-m/nofp\libgcc.a(_arm_cmpdf2.o)
                0x08000440                __aeabi_cdrcmple
                0x08000450                __aeabi_cdcmple
                0x08000450                __aeabi_cdcmpeq
                0x08000460                __aeabi_dcmpeq
                0x0800046c                __aeabi_dcmplt
                0x08000480                __aeabi_dcmple
                0x08000494                __aeabi_dcmpgt
                0x080004a8                __aeabi_dcmpge
 .text          0x080004bc       0x74 C:/ST/STM32CubeIDE_1.10.1/STM32CubeIDE/plugins/com.st.stm32cube.ide.mcu.externaltools.gnu-tools-for-stm32.12.3.rel1.win32_1.0.200.202406191623/tools/bin/../lib/gcc/arm-none-eabi/12.3.1/thumb/v6-m/nofp\libgcc.a(_arm_cmpsf2.o)
                0x080004bc                __aeabi_cfrcmple
                0x080004c4                __aeabi_cfcmpeq
                0x080004c4                __aeabi_cfcmple
                0x080004d4                __aeabi_fcmpeq
                0x080004e0                __aeabi_fcmplt
                0x080004f4                __aeabi_fcmple
                0x08000508                __aeabi_fcmpgt
                0x0800051c                __aeabi_fcmpge
 .text          0x08000530       0x14 C:/ST/STM32CubeIDE_1.10.1/STM32CubeIDE/plugins/com.st.stm32cube.ide.mcu.externaltools.gnu-tools-for-stm32.12.3.rel1.win32_1.0.200.202406191623/tools/bin/../lib/gcc/arm-none-eabi/12.3.1/thumb/v6-m/nofp\libgcc.a(_aeabi_ulcmp.o)
                0x08000530                __aeabi_ulcmp
 .text          0x08000544       0x40 C:/ST/STM32CubeIDE_1.10.1/STM32CubeIDE/plugins/com.st.stm32cube.ide.mcu.externaltools.gnu-tools-for-stm32.12.3.rel1.win32_1.0.200.202406191623/tools/bin/../lib/gcc/arm-none-eabi/12.3.1/thumb/v6-m/nofp\libgcc.a(_aeabi_uldivmod.o)
                0x08000544                __aeabi_uldivmod
 .text          0x08000584       0x5c C:/ST/STM32CubeIDE_1.10.1/STM32CubeIDE/plugins/com.st.stm32cube.ide.mcu.externaltools.gnu-tools-for-stm32.12.3.rel1.win32_1.0.200.202406191623/tools/bin/../lib/gcc/arm-none-eabi/12.3.1/thumb/v6-m/nofp\libgcc.a(_muldi3.o)
                0x08000584                __muldi3
                0x08000584                __aeabi_lmul
 .text          0x080005e0       0x30 C:/ST/STM32CubeIDE_1.10.1/STM32CubeIDE/plugins/com.st.stm32cube.ide.mcu.externaltools.gnu-tools-for-stm32.12.3.rel1.win32_1.0.200.202406191623/tools/bin/../lib/gcc/arm-none-eabi/12.3.1/thumb/v6-m/nofp\libgcc.a(_fixunssfsi.o)
                0x080005e0                __fixunssfsi
                0x080005e0                __aeabi_f2uiz
 .text          0x08000610       0x3c C:/ST/STM32CubeIDE_1.10.1/STM32CubeIDE/plugins/com.st.stm32cube.ide.mcu.externaltools.gnu-tools-for-stm32.12.3.rel1.win32_1.0.200.202406191623/tools/bin/../lib/gcc/arm-none-eabi/12.3.1/thumb/v6-m/nofp\libgcc.a(_fixunsdfsi.o)
                0x08000610                __aeabi_d2uiz
                0x08000610                __fixunsdfsi
 .text          0x0800064c       0x38 C:/ST/STM32CubeIDE_1.10.1/STM32CubeIDE/plugins/com.st.stm32cube.ide.mcu.externaltools.gnu-tools-for-stm32.12.3.rel1.win32_1.0.200.202406191623/tools/bin/../lib/gcc/arm-none-eabi/12.3.1/thumb/v6-m/nofp\libgcc.a(_fixdfdi.o)
                0x0800064c                __fixdfdi
                0x0800064c                __aeabi_d2lz
 .text          0x08000684       0x3c C:/ST/STM32CubeIDE_1.10.1/STM32CubeIDE/plugins/com.st.stm32cube.ide.mcu.externaltools.gnu-tools-for-stm32.12.3.rel1.win32_1.0.200.202406191623/tools/bin/../lib/gcc/arm-none-eabi/12.3.1/thumb/v6-m/nofp\libgcc.a(_fixunsdfdi.o)
                0x08000684                __fixunsdfdi
                0x08000684                __aeabi_d2ulz
 .text          0x080006c0       0x2c C:/ST/STM32CubeIDE_1.10.1/STM32CubeIDE/plugins/com.st.stm32cube.ide.mcu.externaltools.gnu-tools-for-stm32.12.3.rel1.win32_1.0.200.202406191623/tools/bin/../lib/gcc/arm-none-eabi/12.3.1/thumb/v6-m/nofp\libgcc.a(_floatdidf.o)
                0x080006c0                __aeabi_l2d
                0x080006c0                __floatdidf
 .text          0x080006ec      0x198 C:/ST/STM32CubeIDE_1.10.1/STM32CubeIDE/plugins/com.st.stm32cube.ide.mcu.externaltools.gnu-tools-for-stm32.12.3.rel1.win32_1.0.200.202406191623/tools/bin/../lib/gcc/arm-none-eabi/12.3.1/thumb/v6-m/nofp\libgcc.a(_udivmoddi4.o)
                0x080006ec                __udivmoddi4
 .text          0x08000884       0x50 C:/ST/STM32CubeIDE_1.10.1/STM32CubeIDE/plugins/com.st.stm32cube.ide.mcu.externaltools.gnu-tools-for-stm32.12.3.rel1.win32_1.0.200.202406191623/tools/bin/../lib/gcc/arm-none-eabi/12.3.1/thumb/v6-m/nofp\libgcc.a(eqsf2.o)
                0x08000884                __eqsf2
                0x08000884                __nesf2
 .text          0x080008d4       0xa0 C:/ST/STM32CubeIDE_1.10.1/STM32CubeIDE/plugins/com.st.stm32cube.ide.mcu.externaltools.gnu-tools-for-stm32.12.3.rel1.win32_1.0.200.202406191623/tools/bin/../lib/gcc/arm-none-eabi/12.3.1/thumb/v6-m/nofp\libgcc.a(gesf2.o)
                0x080008d4                __gesf2
                0x080008d4                __gtsf2
 .text          0x08000974       0x9c C:/ST/STM32CubeIDE_1.10.1/STM32CubeIDE/plugins/com.st.stm32cube.ide.mcu.externaltools.gnu-tools-for-stm32.12.3.rel1.win32_1.0.200.202406191623/tools/bin/../lib/gcc/arm-none-eabi/12.3.1/thumb/v6-m/nofp\libgcc.a(lesf2.o)
                0x08000974                __ltsf2
                0x08000974                __lesf2
 .text          0x08000a10      0x27c C:/ST/STM32CubeIDE_1.10.1/STM32CubeIDE/plugins/com.st.stm32cube.ide.mcu.externaltools.gnu-tools-for-stm32.12.3.rel1.win32_1.0.200.202406191623/tools/bin/../lib/gcc/arm-none-eabi/12.3.1/thumb/v6-m/nofp\libgcc.a(mulsf3.o)
                0x08000a10                __aeabi_fmul
 .text          0x08000c8c      0x348 C:/ST/STM32CubeIDE_1.10.1/STM32CubeIDE/plugins/com.st.stm32cube.ide.mcu.externaltools.gnu-tools-for-stm32.12.3.rel1.win32_1.0.200.202406191623/tools/bin/../lib/gcc/arm-none-eabi/12.3.1/thumb/v6-m/nofp\libgcc.a(subsf3.o)
                0x08000c8c                __aeabi_fsub
 .text          0x08000fd4       0x40 C:/ST/STM32CubeIDE_1.10.1/STM32CubeIDE/plugins/com.st.stm32cube.ide.mcu.externaltools.gnu-tools-for-stm32.12.3.rel1.win32_1.0.200.202406191623/tools/bin/../lib/gcc/arm-none-eabi/12.3.1/thumb/v6-m/nofp\libgcc.a(fixsfsi.o)
                0x08000fd4                __aeabi_f2iz
 .text          0x08001014       0x84 C:/ST/STM32CubeIDE_1.10.1/STM32CubeIDE/plugins/com.st.stm32cube.ide.mcu.externaltools.gnu-tools-for-stm32.12.3.rel1.win32_1.0.200.202406191623/tools/bin/../lib/gcc/arm-none-eabi/12.3.1/thumb/v6-m/nofp\libgcc.a(floatunsisf.o)
                0x08001014                __aeabi_ui2f
 .text          0x08001098      0x6c8 C:/ST/STM32CubeIDE_1.10.1/STM32CubeIDE/plugins/com.st.stm32cube.ide.mcu.externaltools.gnu-tools-for-stm32.12.3.rel1.win32_1.0.200.202406191623/tools/bin/../lib/gcc/arm-none-eabi/12.3.1/thumb/v6-m/nofp\libgcc.a(adddf3.o)
                0x08001098                __aeabi_dadd
 .text          0x08001760      0x634 C:/ST/STM32CubeIDE_1.10.1/STM32CubeIDE/plugins/com.st.stm32cube.ide.mcu.externaltools.gnu-tools-for-stm32.12.3.rel1.win32_1.0.200.202406191623/tools/bin/../lib/gcc/arm-none-eabi/12.3.1/thumb/v6-m/nofp\libgcc.a(divdf3.o)
                0x08001760                __aeabi_ddiv
 .text          0x08001d94       0x88 C:/ST/STM32CubeIDE_1.10.1/STM32CubeIDE/plugins/com.st.stm32cube.ide.mcu.externaltools.gnu-tools-for-stm32.12.3.rel1.win32_1.0.200.202406191623/tools/bin/../lib/gcc/arm-none-eabi/12.3.1/thumb/v6-m/nofp\libgcc.a(eqdf2.o)
                0x08001d94                __nedf2
                0x08001d94                __eqdf2
 .text          0x08001e1c       0xe8 C:/ST/STM32CubeIDE_1.10.1/STM32CubeIDE/plugins/com.st.stm32cube.ide.mcu.externaltools.gnu-tools-for-stm32.12.3.rel1.win32_1.0.200.202406191623/tools/bin/../lib/gcc/arm-none-eabi/12.3.1/thumb/v6-m/nofp\libgcc.a(gedf2.o)
                0x08001e1c                __gedf2
                0x08001e1c                __gtdf2
 .text          0x08001f04       0xe4 C:/ST/STM32CubeIDE_1.10.1/STM32CubeIDE/plugins/com.st.stm32cube.ide.mcu.externaltools.gnu-tools-for-stm32.12.3.rel1.win32_1.0.200.202406191623/tools/bin/../lib/gcc/arm-none-eabi/12.3.1/thumb/v6-m/nofp\libgcc.a(ledf2.o)
                0x08001f04                __ledf2
                0x08001f04                __ltdf2
 .text          0x08001fe8      0x590 C:/ST/STM32CubeIDE_1.10.1/STM32CubeIDE/plugins/com.st.stm32cube.ide.mcu.externaltools.gnu-tools-for-stm32.12.3.rel1.win32_1.0.200.202406191623/tools/bin/../lib/gcc/arm-none-eabi/12.3.1/thumb/v6-m/nofp\libgcc.a(muldf3.o)
                0x08001fe8                __aeabi_dmul
 .text          0x08002578      0x738 C:/ST/STM32CubeIDE_1.10.1/STM32CubeIDE/plugins/com.st.stm32cube.ide.mcu.externaltools.gnu-tools-for-stm32.12.3.rel1.win32_1.0.200.202406191623/tools/bin/../lib/gcc/arm-none-eabi/12.3.1/thumb/v6-m/nofp\libgcc.a(subdf3.o)
                0x08002578                __aeabi_dsub
 .text          0x08002cb0       0x44 C:/ST/STM32CubeIDE_1.10.1/STM32CubeIDE/plugins/com.st.stm32cube.ide.mcu.externaltools.gnu-tools-for-stm32.12.3.rel1.win32_1.0.200.202406191623/tools/bin/../lib/gcc/arm-none-eabi/12.3.1/thumb/v6-m/nofp\libgcc.a(unorddf2.o)
                0x08002cb0                __aeabi_dcmpun
 .text          0x08002cf4       0x78 C:/ST/STM32CubeIDE_1.10.1/STM32CubeIDE/plugins/com.st.stm32cube.ide.mcu.externaltools.gnu-tools-for-stm32.12.3.rel1.win32_1.0.200.202406191623/tools/bin/../lib/gcc/arm-none-eabi/12.3.1/thumb/v6-m/nofp\libgcc.a(fixdfsi.o)
                0x08002cf4                __aeabi_d2iz
 .text          0x08002d6c       0x5c C:/ST/STM32CubeIDE_1.10.1/STM32CubeIDE/plugins/com.st.stm32cube.ide.mcu.externaltools.gnu-tools-for-stm32.12.3.rel1.win32_1.0.200.202406191623/tools/bin/../lib/gcc/arm-none-eabi/12.3.1/thumb/v6-m/nofp\libgcc.a(floatsidf.o)
                0x08002d6c                __aeabi_i2d
 .text          0x08002dc8       0x48 C:/ST/STM32CubeIDE_1.10.1/STM32CubeIDE/plugins/com.st.stm32cube.ide.mcu.externaltools.gnu-tools-for-stm32.12.3.rel1.win32_1.0.200.202406191623/tools/bin/../lib/gcc/arm-none-eabi/12.3.1/thumb/v6-m/nofp\libgcc.a(floatunsidf.o)
                0x08002dc8                __aeabi_ui2d
 .text          0x08002e10       0x90 C:/ST/STM32CubeIDE_1.10.1/STM32CubeIDE/plugins/com.st.stm32cube.ide.mcu.externaltools.gnu-tools-for-stm32.12.3.rel1.win32_1.0.200.202406191623/tools/bin/../lib/gcc/arm-none-eabi/12.3.1/thumb/v6-m/nofp\libgcc.a(extendsfdf2.o)
                0x08002e10                __aeabi_f2d
 .text          0x08002ea0      0x108 C:/ST/STM32CubeIDE_1.10.1/STM32CubeIDE/plugins/com.st.stm32cube.ide.mcu.externaltools.gnu-tools-for-stm32.12.3.rel1.win32_1.0.200.202406191623/tools/bin/../lib/gcc/arm-none-eabi/12.3.1/thumb/v6-m/nofp\libgcc.a(truncdfsf2.o)
                0x08002ea0                __aeabi_d2f
 .text          0x08002fa8       0x3c C:/ST/STM32CubeIDE_1.10.1/STM32CubeIDE/plugins/com.st.stm32cube.ide.mcu.externaltools.gnu-tools-for-stm32.12.3.rel1.win32_1.0.200.202406191623/tools/bin/../lib/gcc/arm-none-eabi/12.3.1/thumb/v6-m/nofp\libgcc.a(_clzsi2.o)
                0x08002fa8                __clzsi2
 .text          0x08002fe4       0x18 C:/ST/STM32CubeIDE_1.10.1/STM32CubeIDE/plugins/com.st.stm32cube.ide.mcu.externaltools.gnu-tools-for-stm32.12.3.rel1.win32_1.0.200.202406191623/tools/bin/../lib/gcc/arm-none-eabi/12.3.1/thumb/v6-m/nofp\libgcc.a(_clzdi2.o)
                0x08002fe4                __clzdi2
 *(.text*)
 .text.__NVIC_SystemReset
                0x08002ffc       0x24 BOS\BOS.o
 .text.Processor_type
                0x08003020       0x5a BOS\BOS.o
                0x08003020                Processor_type
 *fill*         0x0800307a        0x2 
 .text.Get_Module_Name
                0x0800307c       0x2c BOS\BOS.o
                0x0800307c                Get_Module_Name
 .text.Send_BOS_Message
                0x080030a8       0xfc BOS\BOS.o
                0x080030a8                Send_BOS_Message
 .text.LoadEEvars
                0x080031a4       0x26 BOS\BOS.o
                0x080031a4                LoadEEvars
 *fill*         0x080031ca        0x2 
 .text.LoadEEportsDir
                0x080031cc       0x68 BOS\BOS.o
                0x080031cc                LoadEEportsDir
 .text.LoadEEalias
                0x08003234       0xd8 BOS\BOS.o
                0x08003234                LoadEEalias
 .text.LoadEEgroup
                0x0800330c      0x120 BOS\BOS.o
                0x0800330c                LoadEEgroup
 .text.LoadEEstreams
                0x0800342c      0x21c BOS\BOS.o
                0x0800342c                LoadEEstreams
 .text.LoadEEparams
                0x08003648      0x260 BOS\BOS.o
                0x08003648                LoadEEparams
 .text.LoadEEbuttons
                0x080038a8      0x2ec BOS\BOS.o
                0x080038a8                LoadEEbuttons
 .text.LoadROsnippets
                0x08003b94      0x1d8 BOS\BOS.o
                0x08003b94                LoadROsnippets
 .text.SaveEEportsDir
                0x08003d6c       0x78 BOS\BOS.o
                0x08003d6c                SaveEEportsDir
 .text.SaveEEalias
                0x08003de4       0xd0 BOS\BOS.o
                0x08003de4                SaveEEalias
 .text.SaveEEstreams
                0x08003eb4       0xdc BOS\BOS.o
                0x08003eb4                SaveEEstreams
 .text.SaveEEparams
                0x08003f90       0xf8 BOS\BOS.o
                0x08003f90                SaveEEparams
 .text.ClearEEportsDir
                0x08004088       0x84 BOS\BOS.o
                0x08004088                ClearEEportsDir
 .text.EE_FormatForFactoryReset
                0x0800410c       0x2c BOS\BOS.o
                0x0800410c                EE_FormatForFactoryReset
 .text.IsLowerCLIbaud
                0x08004138       0xe8 BOS\BOS.o
                0x08004138                IsLowerCLIbaud
 .text.IsModuleParameter
                0x08004220       0x64 BOS\BOS.o
                0x08004220                IsModuleParameter
 .text.IsMathOperator
                0x08004284       0xc4 BOS\BOS.o
                0x08004284                IsMathOperator
 .text.BOS_Init
                0x08004348      0x188 BOS\BOS.o
                0x08004348                BOS_Init
 .text.Module_Init
                0x080044d0       0x1e BOS\BOS.o
                0x080044d0                Module_Init
 *fill*         0x080044ee        0x2 
 .text.FindBroadcastRoutes
                0x080044f0      0x39c BOS\BOS.o
                0x080044f0                FindBroadcastRoutes
 .text.FindRoute
                0x0800488c      0x2b4 BOS\BOS.o
                0x0800488c                FindRoute
 .text.minArr   0x08004b40       0x88 BOS\BOS.o
                0x08004b40                minArr
 .text.QnotEmpty
                0x08004bc8       0x50 BOS\BOS.o
                0x08004bc8                QnotEmpty
 .text.DisplayTopology
                0x08004c18      0x250 BOS\BOS.o
                0x08004c18                DisplayTopology
 .text.DisplayPortsDir
                0x08004e68      0x118 BOS\BOS.o
                0x08004e68                DisplayPortsDir
 .text.DisplayModuleStatus
                0x08004f80      0x3c0 BOS\BOS.o
                0x08004f80                DisplayModuleStatus
 .text.GetID    0x08005340      0x15c BOS\BOS.o
                0x08005340                GetID
 .text.NameModule
                0x0800549c      0x140 BOS\BOS.o
                0x0800549c                NameModule
 .text.AddModuleToGroup
                0x080055dc      0x1b8 BOS\BOS.o
                0x080055dc                AddModuleToGroup
 .text.WriteToRemote
                0x08005794      0x460 BOS\BOS.o
                0x08005794                WriteToRemote
 .text.GetDateString
                0x08005bf4       0x5c BOS\BOS.o
                0x08005bf4                GetDateString
 .text.Bridge   0x08005c50       0x4c BOS\BOS.o
                0x08005c50                Bridge
 .text.Unbridge
                0x08005c9c       0xcc BOS\BOS.o
                0x08005c9c                Unbridge
 .text.EnableStopModebyUARTx
                0x08005d68       0xb8 BOS\BOS.o
                0x08005d68                EnableStopModebyUARTx
 .text.EnableStandbyModebyWakeupPinx
                0x08005e20       0x64 BOS\BOS.o
                0x08005e20                EnableStandbyModebyWakeupPinx
 .text.DisableStandbyModeWakeupPinx
                0x08005e84       0x98 BOS\BOS.o
                0x08005e84                DisableStandbyModeWakeupPinx
 .text.prvCLITask
                0x08005f1c      0x278 BOS\BOS_CLI.o
                0x08005f1c                prvCLITask
 .text.CLI_CommandParser
                0x08006194      0x574 BOS\BOS_CLI.o
                0x08006194                CLI_CommandParser
 .text.StringToLowerCase
                0x08006708       0x6c BOS\BOS_CLI.o
                0x08006708                StringToLowerCase
 .text.AddSnippet
                0x08006774      0x1b4 BOS\BOS_CLI.o
                0x08006774                AddSnippet
 .text.ParseSnippetCondition
                0x08006928      0x7f8 BOS\BOS_CLI.o
                0x08006928                ParseSnippetCondition
 .text.ParseSnippetCommand
                0x08007120       0xc8 BOS\BOS_CLI.o
                0x08007120                ParseSnippetCommand
 .text.CheckSnippetCondition
                0x080071e8      0x1b4 BOS\BOS_CLI.o
                0x080071e8                CheckSnippetCondition
 .text.ExecuteSnippet
                0x0800739c       0xd0 BOS\BOS_CLI.o
                0x0800739c                ExecuteSnippet
 .text.__NVIC_SystemReset
                0x0800746c       0x24 BOS\BOS_CLIcommands.o
 .text.RegisterUserCLICommands
                0x08007490        0xa BOS\BOS_CLIcommands.o
                0x08007490                RegisterUserCLICommands
 *fill*         0x0800749a        0x2 
 .text.vRegisterCLICommands
                0x0800749c      0x19c BOS\BOS_CLIcommands.o
                0x0800749c                vRegisterCLICommands
 .text.prvTaskStatsCommand
                0x08007638       0x40 BOS\BOS_CLIcommands.o
 .text.prvRunTimeStatsCommand
                0x08007678       0x40 BOS\BOS_CLIcommands.o
 .text.pingCommand
                0x080076b8       0x98 BOS\BOS_CLIcommands.o
 .text.bootloaderUpdateCommand
                0x08007750      0x1fc BOS\BOS_CLIcommands.o
 .text.resetCommand
                0x0800794c       0x10 BOS\BOS_CLIcommands.o
 .text.nameCommand
                0x0800795c       0xe8 BOS\BOS_CLIcommands.o
 .text.groupCommand
                0x08007a44      0x2fc BOS\BOS_CLIcommands.o
 .text.statusCommand
                0x08007d40       0x1c BOS\BOS_CLIcommands.o
 .text.infoCommand
                0x08007d5c       0xfc BOS\BOS_CLIcommands.o
 .text.scastCommand
                0x08007e58      0x2dc BOS\BOS_CLIcommands.o
 .text.addbuttonCommand
                0x08008134      0x150 BOS\BOS_CLIcommands.o
 .text.removebuttonCommand
                0x08008284       0x94 BOS\BOS_CLIcommands.o
 .text.setCommand
                0x08008318      0xbf8 BOS\BOS_CLIcommands.o
 .text.getCommand
                0x08008f10      0x3b4 BOS\BOS_CLIcommands.o
 .text.defaultCommand
                0x080092c4       0xf4 BOS\BOS_CLIcommands.o
 .text.timeCommand
                0x080093b8       0xd8 BOS\BOS_CLIcommands.o
 .text.dateCommand
                0x08009490       0x34 BOS\BOS_CLIcommands.o
 .text.setBaudrateCommand
                0x080094c4       0xc0 BOS\BOS_CLIcommands.o
 .text.uuidCommand
                0x08009584       0x70 BOS\BOS_CLIcommands.o
 .text.idcodeCommand
                0x080095f4       0xe0 BOS\BOS_CLIcommands.o
 .text.flashsizeCommand
                0x080096d4       0x34 BOS\BOS_CLIcommands.o
 .text.snipCommand
                0x08009708      0x3ac BOS\BOS_CLIcommands.o
 .text.actSnipCommand
                0x08009ab4       0xb8 BOS\BOS_CLIcommands.o
 .text.pauseSnipCommand
                0x08009b6c       0xb8 BOS\BOS_CLIcommands.o
 .text.delSnipCommand
                0x08009c24      0x1d4 BOS\BOS_CLIcommands.o
 .text.bridgeCommand
                0x08009df8      0x11c BOS\BOS_CLIcommands.o
 .text.unbridgeCommand
                0x08009f14      0x11c BOS\BOS_CLIcommands.o
 .text.testportCommand
                0x0800a030      0x2e8 BOS\BOS_CLIcommands.o
 .text.ADCReadCommand
                0x0800a318      0x134 BOS\BOS_CLIcommands.o
 .text.ReadTempCommand
                0x0800a44c       0x54 BOS\BOS_CLIcommands.o
 .text.ReadVrefCommand
                0x0800a4a0       0x54 BOS\BOS_CLIcommands.o
 .text.GetReadPrecentageCommand
                0x0800a4f4       0x98 BOS\BOS_CLIcommands.o
 .text.StartDMAstream
                0x0800a58c       0xb0 BOS\BOS_dma.o
                0x0800a58c                StartDMAstream
 .text.ResetUartORE
                0x0800a63c       0x48 BOS\BOS_dma.o
                0x0800a63c                ResetUartORE
 .text.MX_FREERTOS_Init
                0x0800a684      0x214 BOS\BOS_freertos.o
                0x0800a684                MX_FREERTOS_Init
 .text.StartDefaultTask
                0x0800a898      0x108 BOS\BOS_freertos.o
                0x0800a898                StartDefaultTask
 .text.ExecuteMonitor
                0x0800a9a0      0x4c8 BOS\BOS_freertos.o
                0x0800a9a0                ExecuteMonitor
 .text.vMainConfigureTimerForRunTimeStats
                0x0800ae68       0x2c BOS\BOS_freertos.o
                0x0800ae68                vMainConfigureTimerForRunTimeStats
 .text.ulMainGetRunTimeCounterValue
                0x0800ae94       0x90 BOS\BOS_freertos.o
                0x0800ae94                ulMainGetRunTimeCounterValue
 .text.SetupDMAStreams
                0x0800af24      0x27c BOS\BOS_messaging.o
                0x0800af24                SetupDMAStreams
 .text.StreamTimerCallback
                0x0800b1a0       0x34 BOS\BOS_messaging.o
                0x0800b1a0                StreamTimerCallback
 .text.ForwardReceivedMessage
                0x0800b1d4       0x78 BOS\BOS_messaging.o
                0x0800b1d4                ForwardReceivedMessage
 .text.BroadcastReceivedMessage
                0x0800b24c       0x70 BOS\BOS_messaging.o
                0x0800b24c                BroadcastReceivedMessage
 .text.NotifyMessagingTask
                0x0800b2bc       0x90 BOS\BOS_messaging.o
                0x0800b2bc                NotifyMessagingTask
 .text.BroadcastMessage
                0x0800b34c       0x94 BOS\BOS_messaging.o
                0x0800b34c                BroadcastMessage
 .text.SendMessageToModule
                0x0800b3e0       0xa0 BOS\BOS_messaging.o
                0x0800b3e0                SendMessageToModule
 .text.SendMessageFromPort
                0x0800b480      0x6b4 BOS\BOS_messaging.o
                0x0800b480                SendMessageFromPort
 .text.StartScastDMAStream
                0x0800bb34      0x30c BOS\BOS_messaging.o
                0x0800bb34                StartScastDMAStream
 .text.__NVIC_SystemReset
                0x0800be40       0x24 BOS\BOS_msgparser.o
 .text.BackEndTask
                0x0800be64      0x858 BOS\BOS_msgparser.o
                0x0800be64                BackEndTask
 .text.PxMessagingTask
                0x0800c6bc     0x5480 BOS\BOS_msgparser.o
                0x0800c6bc                PxMessagingTask
 .text.User_MessagingParser
                0x08011b3c       0x3a BOS\BOS_msgparser.o
                0x08011b3c                User_MessagingParser
 *fill*         0x08011b76        0x2 
 .text.SystemClock_Config
                0x08011b78      0x154 H0FR1\H0FR1.o
                0x08011b78                SystemClock_Config
 .text.SaveToRO
                0x08011ccc      0x414 H0FR1\H0FR1.o
                0x08011ccc                SaveToRO
 .text.remoteBootloaderUpdate
                0x080120e0      0x178 H0FR1\H0FR1.o
                0x080120e0                remoteBootloaderUpdate
 .text.SetupPortForRemoteBootloaderUpdate
                0x08012258       0x52 H0FR1\H0FR1.o
                0x08012258                SetupPortForRemoteBootloaderUpdate
 *fill*         0x080122aa        0x2 
 .text.Module_Peripheral_Init
                0x080122ac      0x100 H0FR1\H0FR1.o
                0x080122ac                Module_Peripheral_Init
 .text.Module_MessagingTask
                0x080123ac       0x42 H0FR1\H0FR1.o
                0x080123ac                Module_MessagingTask
 .text.RegisterModuleCLICommands
                0x080123ee        0xa H0FR1\H0FR1.o
                0x080123ee                RegisterModuleCLICommands
 .text.GetPort  0x080123f8       0x6c H0FR1\H0FR1.o
                0x080123f8                GetPort
 .text.LL_DMAMUX_SetRequestID
                0x08012464       0x3c H0FR1\H0FR1_dma.o
 .text.DMA_Init
                0x080124a0       0xa8 H0FR1\H0FR1_dma.o
                0x080124a0                DMA_Init
 .text.DMA_MSG_RX_CH_Init
                0x08012548       0x4c H0FR1\H0FR1_dma.o
                0x08012548                DMA_MSG_RX_CH_Init
 .text.DMA_STREAM_CH_Init
                0x08012594       0x4c H0FR1\H0FR1_dma.o
                0x08012594                DMA_STREAM_CH_Init
 .text.SetupMessagingRxDMAs
                0x080125e0       0x9c H0FR1\H0FR1_dma.o
                0x080125e0                SetupMessagingRxDMAs
 .text.DMA_MSG_RX_Setup
                0x0801267c       0x38 H0FR1\H0FR1_dma.o
                0x0801267c                DMA_MSG_RX_Setup
 .text.DMA_MSG_TX_UnSetup
                0x080126b4       0x28 H0FR1\H0FR1_dma.o
                0x080126b4                DMA_MSG_TX_UnSetup
 .text.DMA_STREAM_Setup
                0x080126dc       0x68 H0FR1\H0FR1_dma.o
                0x080126dc                DMA_STREAM_Setup
 .text.StopStreamDMA
                0x08012744       0x70 H0FR1\H0FR1_dma.o
                0x08012744                StopStreamDMA
 .text.StopMsgDMA
                0x080127b4       0x4c H0FR1\H0FR1_dma.o
                0x080127b4                StopMsgDMA
 .text.SwitchMsgDMAToStream
                0x08012800       0x50 H0FR1\H0FR1_dma.o
                0x08012800                SwitchMsgDMAToStream
 .text.SwitchStreamDMAToMsg
                0x08012850       0xd8 H0FR1\H0FR1_dma.o
                0x08012850                SwitchStreamDMAToMsg
 .text.UnSetupDMAInterrupts
                0x08012928       0xe4 H0FR1\H0FR1_dma.o
                0x08012928                UnSetupDMAInterrupts
 .text.RemapAndLinkDMAtoUARTRx
                0x08012a0c      0x134 H0FR1\H0FR1_dma.o
                0x08012a0c                RemapAndLinkDMAtoUARTRx
 .text.CRC_Init
                0x08012b40       0x44 H0FR1\H0FR1_dma.o
                0x08012b40                CRC_Init
 .text.HAL_CRC_MspInit
                0x08012b84       0x30 H0FR1\H0FR1_dma.o
                0x08012b84                HAL_CRC_MspInit
 .text.CalculateCRC8
                0x08012bb4      0x154 H0FR1\H0FR1_dma.o
                0x08012bb4                CalculateCRC8
 .text.EE_Init  0x08012d08      0x684 H0FR1\H0FR1_eeprom.o
                0x08012d08                EE_Init
 .text.EE_ReadVariable
                0x0801338c       0xc0 H0FR1\H0FR1_eeprom.o
                0x0801338c                EE_ReadVariable
 .text.EE_WriteVariable
                0x0801344c       0x64 H0FR1\H0FR1_eeprom.o
                0x0801344c                EE_WriteVariable
 .text.EE_Format
                0x080134b0      0x14c H0FR1\H0FR1_eeprom.o
                0x080134b0                EE_Format
 .text.EE_FindValidPage
                0x080135fc       0x90 H0FR1\H0FR1_eeprom.o
 .text.EE_VerifyPageFullWriteVariable
                0x0801368c      0x160 H0FR1\H0FR1_eeprom.o
 .text.EE_PageTransfer
                0x080137ec      0x20c H0FR1\H0FR1_eeprom.o
 .text.EraseSector
                0x080139f8       0x60 H0FR1\H0FR1_eeprom.o
                0x080139f8                EraseSector
 .text.GPIO_Init
                0x08013a58       0x90 H0FR1\H0FR1_gpio.o
                0x08013a58                GPIO_Init
 .text.IND_LED_Init
                0x08013ae8       0x38 H0FR1\H0FR1_gpio.o
                0x08013ae8                IND_LED_Init
 .text.IsFactoryReset
                0x08013b20      0x15c H0FR1\H0FR1_gpio.o
                0x08013b20                IsFactoryReset
 .text.GetPortGPIOs
                0x08013c7c       0xe8 H0FR1\H0FR1_gpio.o
                0x08013c7c                GetPortGPIOs
 .text.buttonPressedCallback
                0x08013d64       0x14 H0FR1\H0FR1_inputs.o
                0x08013d64                buttonPressedCallback
 .text.CheckAttachedButtons
                0x08013d78      0x7a8 H0FR1\H0FR1_inputs.o
                0x08013d78                CheckAttachedButtons
 .text.CheckForTimedButtonPress
                0x08014520       0xfc H0FR1\H0FR1_inputs.o
                0x08014520                CheckForTimedButtonPress
 .text.CheckForTimedButtonRelease
                0x0801461c       0xfc H0FR1\H0FR1_inputs.o
                0x0801461c                CheckForTimedButtonRelease
 .text.AddPortButton
                0x08014718      0x268 H0FR1\H0FR1_inputs.o
                0x08014718                AddPortButton
 .text.RemovePortButton
                0x08014980      0x200 H0FR1\H0FR1_inputs.o
                0x08014980                RemovePortButton
 .text.SetButtonEvents
                0x08014b80      0x77c H0FR1\H0FR1_inputs.o
                0x08014b80                SetButtonEvents
 .text.MX_ADC_Init
                0x080152fc       0x88 H0FR1\H0FR1_inputs.o
                0x080152fc                MX_ADC_Init
 .text.HAL_ADC_MspInit
                0x08015384       0xc4 H0FR1\H0FR1_inputs.o
                0x08015384                HAL_ADC_MspInit
 .text.ADCSelectChannel
                0x08015448       0xac H0FR1\H0FR1_inputs.o
                0x08015448                ADCSelectChannel
 .text.ReadADCChannel
                0x080154f4      0x10c H0FR1\H0FR1_inputs.o
                0x080154f4                ReadADCChannel
 .text.ReadTempAndVref
                0x08015600      0x1f0 H0FR1\H0FR1_inputs.o
                0x08015600                ReadTempAndVref
 .text.GetReadPrecentage
                0x080157f0      0x220 H0FR1\H0FR1_inputs.o
                0x080157f0                GetReadPrecentage
 .text.Get_channel
                0x08015a10       0xac H0FR1\H0FR1_inputs.o
                0x08015a10                Get_channel
 .text.Error_Handler
                0x08015abc       0x10 H0FR1\H0FR1_inputs.o
                0x08015abc                Error_Handler
 .text.Get_Rank
                0x08015acc       0xa4 H0FR1\H0FR1_inputs.o
                0x08015acc                Get_Rank
 .text.buttonReleasedCallback
                0x08015b70       0x14 H0FR1\H0FR1_inputs.o
                0x08015b70                buttonReleasedCallback
 .text.buttonClickedCallback
                0x08015b84       0x14 H0FR1\H0FR1_inputs.o
                0x08015b84                buttonClickedCallback
 .text.buttonDblClickedCallback
                0x08015b98       0x14 H0FR1\H0FR1_inputs.o
                0x08015b98                buttonDblClickedCallback
 .text.buttonPressedForXCallback
                0x08015bac       0x1a H0FR1\H0FR1_inputs.o
                0x08015bac                buttonPressedForXCallback
 .text.buttonReleasedForYCallback
                0x08015bc6       0x1a H0FR1\H0FR1_inputs.o
                0x08015bc6                buttonReleasedForYCallback
 .text.__NVIC_SystemReset
                0x08015be0       0x24 H0FR1\H0FR1_it.o
 .text.SysTick_Handler
                0x08015c04       0x12 H0FR1\H0FR1_it.o
                0x08015c04                SysTick_Handler
 *fill*         0x08015c16        0x2 
 .text.HardFault_Handler
                0x08015c18       0x40 H0FR1\H0FR1_it.o
                0x08015c18                HardFault_Handler
 .text.EXTI0_1_IRQHandler
                0x08015c58        0xa H0FR1\H0FR1_it.o
                0x08015c58                EXTI0_1_IRQHandler
 *fill*         0x08015c62        0x2 
 .text.USART2_LPUART2_IRQHandler
                0x08015c64       0x30 H0FR1\H0FR1_it.o
                0x08015c64                USART2_LPUART2_IRQHandler
 .text.USART3_4_5_6_LPUART1_IRQHandler
                0x08015c94       0x48 H0FR1\H0FR1_it.o
                0x08015c94                USART3_4_5_6_LPUART1_IRQHandler
 .text.HAL_UART_TxCpltCallback
                0x08015cdc       0x48 H0FR1\H0FR1_it.o
                0x08015cdc                HAL_UART_TxCpltCallback
 .text.HAL_UART_ErrorCallback
                0x08015d24       0xd4 H0FR1\H0FR1_it.o
                0x08015d24                HAL_UART_ErrorCallback
 .text.HAL_UART_RxCpltCallback
                0x08015df8       0x10 H0FR1\H0FR1_it.o
                0x08015df8                HAL_UART_RxCpltCallback
 .text.HAL_UARTEx_WakeupCallback
                0x08015e08       0x5c H0FR1\H0FR1_it.o
                0x08015e08                HAL_UARTEx_WakeupCallback
 .text.vApplicationStackOverflowHook
                0x08015e64       0x44 H0FR1\H0FR1_it.o
                0x08015e64                vApplicationStackOverflowHook
 .text.vApplicationMallocFailedHook
                0x08015ea8       0x40 H0FR1\H0FR1_it.o
                0x08015ea8                vApplicationMallocFailedHook
 .text.RTC_Init
                0x08015ee8       0xc4 H0FR1\H0FR1_rtc.o
                0x08015ee8                RTC_Init
 .text.RTC_CalendarConfig
                0x08015fac      0x18c H0FR1\H0FR1_rtc.o
                0x08015fac                RTC_CalendarConfig
 .text.BOS_CalendarConfig
                0x08016138      0x128 H0FR1\H0FR1_rtc.o
                0x08016138                BOS_CalendarConfig
 .text.GetTimeDate
                0x08016260       0x90 H0FR1\H0FR1_rtc.o
                0x08016260                GetTimeDate
 .text.MX_IWDG_Init
                0x080162f0       0x3c H0FR1\H0FR1_timers.o
                0x080162f0                MX_IWDG_Init
 .text.TIM_USEC_Init
                0x0801632c       0x74 H0FR1\H0FR1_timers.o
                0x0801632c                TIM_USEC_Init
 .text.TIM_MSEC_Init
                0x080163a0       0x78 H0FR1\H0FR1_timers.o
                0x080163a0                TIM_MSEC_Init
 .text.StartMicroDelay
                0x08016418       0x48 H0FR1\H0FR1_timers.o
                0x08016418                StartMicroDelay
 .text.StartMilliDelay
                0x08016460       0x48 H0FR1\H0FR1_timers.o
                0x08016460                StartMilliDelay
 .text.MX_USART1_UART_Init
                0x080164a8       0x7c H0FR1\H0FR1_uart.o
                0x080164a8                MX_USART1_UART_Init
 .text.MX_USART2_UART_Init
                0x08016524       0x7c H0FR1\H0FR1_uart.o
                0x08016524                MX_USART2_UART_Init
 .text.MX_USART3_UART_Init
                0x080165a0       0x7c H0FR1\H0FR1_uart.o
                0x080165a0                MX_USART3_UART_Init
 .text.MX_USART5_UART_Init
                0x0801661c       0x60 H0FR1\H0FR1_uart.o
                0x0801661c                MX_USART5_UART_Init
 .text.MX_USART6_UART_Init
                0x0801667c       0x60 H0FR1\H0FR1_uart.o
                0x0801667c                MX_USART6_UART_Init
 .text.HAL_UART_MspInit
                0x080166dc      0x5a0 H0FR1\H0FR1_uart.o
                0x080166dc                HAL_UART_MspInit
 .text.writePxMutex
                0x08016c7c       0xac H0FR1\H0FR1_uart.o
                0x08016c7c                writePxMutex
 .text.writePxITMutex
                0x08016d28       0x78 H0FR1\H0FR1_uart.o
                0x08016d28                writePxITMutex
 .text.UpdateBaudrate
                0x08016da0       0x3e H0FR1\H0FR1_uart.o
                0x08016da0                UpdateBaudrate
 *fill*         0x08016dde        0x2 
 .text.GetUart  0x08016de0       0x54 H0FR1\H0FR1_uart.o
                0x08016de0                GetUart
 .text.SwapUartPins
                0x08016e34       0xd0 H0FR1\H0FR1_uart.o
                0x08016e34                SwapUartPins
 .text.ReadPortsDir
                0x08016f04       0xa8 H0FR1\H0FR1_uart.o
                0x08016f04                ReadPortsDir
 .text.ReadPortsDirMSG
                0x08016fac       0x80 H0FR1\H0FR1_uart.o
                0x08016fac                ReadPortsDirMSG
 .text.Reset_Handler
                0x0801702c       0x90 H0FR1\startup_stm32g0b1ceuxn.o
                0x0801702c                Reset_Handler
 .text.Default_Handler
                0x080170bc        0x2 H0FR1\startup_stm32g0b1ceuxn.o
                0x080170bc                I2C2_3_IRQHandler
                0x080170bc                TIM1_CC_IRQHandler
                0x080170bc                ADC1_COMP_IRQHandler
                0x080170bc                NMI_Handler
                0x080170bc                I2C1_IRQHandler
                0x080170bc                TIM7_LPTIM2_IRQHandler
                0x080170bc                TIM17_FDCAN_IT1_IRQHandler
                0x080170bc                DMA1_Ch4_7_DMA2_Ch1_5_DMAMUX1_OVR_IRQHandler
                0x080170bc                RCC_CRS_IRQHandler
                0x080170bc                RTC_TAMP_IRQHandler
                0x080170bc                SPI1_IRQHandler
                0x080170bc                USB_UCPD1_2_IRQHandler
                0x080170bc                EXTI2_3_IRQHandler
                0x080170bc                PVD_VDDIO2_IRQHandler
                0x080170bc                EXTI4_15_IRQHandler
                0x080170bc                DMA1_Channel1_IRQHandler
                0x080170bc                Default_Handler
                0x080170bc                CEC_IRQHandler
                0x080170bc                TIM14_IRQHandler
                0x080170bc                TIM15_IRQHandler
                0x080170bc                TIM3_TIM4_IRQHandler
                0x080170bc                SPI2_3_IRQHandler
                0x080170bc                TIM6_DAC_LPTIM1_IRQHandler
                0x080170bc                WWDG_IRQHandler
                0x080170bc                TIM2_IRQHandler
                0x080170bc                DMA1_Channel2_3_IRQHandler
                0x080170bc                FLASH_IRQHandler
                0x080170bc                USART1_IRQHandler
                0x080170bc                TIM16_FDCAN_IT0_IRQHandler
                0x080170bc                TIM1_BRK_UP_TRG_COM_IRQHandler
 .text.SystemInit
                0x080170be        0xa Thirdparty\CMSIS\STM32G0xx\Device\ST\STM32G0xx\Source\Templates\system_stm32g0xx.o
                0x080170be                SystemInit
 .text.inHandlerMode
                0x080170c8       0x1c Thirdparty\Middleware\STM32G0xx\FreeRTOS\Source\CMSIS_RTOS\cmsis_os.o
 .text.osKernelStart
                0x080170e4       0x10 Thirdparty\Middleware\STM32G0xx\FreeRTOS\Source\CMSIS_RTOS\cmsis_os.o
                0x080170e4                osKernelStart
 .text.osDelay  0x080170f4       0x28 Thirdparty\Middleware\STM32G0xx\FreeRTOS\Source\CMSIS_RTOS\cmsis_os.o
                0x080170f4                osDelay
 .text.osSemaphoreCreate
                0x0801711c       0x4a Thirdparty\Middleware\STM32G0xx\FreeRTOS\Source\CMSIS_RTOS\cmsis_os.o
                0x0801711c                osSemaphoreCreate
 *fill*         0x08017166        0x2 
 .text.osSemaphoreWait
                0x08017168       0x94 Thirdparty\Middleware\STM32G0xx\FreeRTOS\Source\CMSIS_RTOS\cmsis_os.o
                0x08017168                osSemaphoreWait
 .text.osSemaphoreRelease
                0x080171fc       0x64 Thirdparty\Middleware\STM32G0xx\FreeRTOS\Source\CMSIS_RTOS\cmsis_os.o
                0x080171fc                osSemaphoreRelease
 .text.osSystickHandler
                0x08017260       0x18 Thirdparty\Middleware\STM32G0xx\FreeRTOS\Source\CMSIS_RTOS\cmsis_os.o
                0x08017260                osSystickHandler
 .text.FreeRTOS_CLIRegisterCommand
                0x08017278       0x50 Thirdparty\Middleware\STM32G0xx\FreeRTOS\Source\FreeRTOS_CLI.o
                0x08017278                FreeRTOS_CLIRegisterCommand
 .text.FreeRTOS_CLIProcessCommand
                0x080172c8      0x11c Thirdparty\Middleware\STM32G0xx\FreeRTOS\Source\FreeRTOS_CLI.o
                0x080172c8                FreeRTOS_CLIProcessCommand
 .text.FreeRTOS_CLIGetOutputBuffer
                0x080173e4       0x10 Thirdparty\Middleware\STM32G0xx\FreeRTOS\Source\FreeRTOS_CLI.o
                0x080173e4                FreeRTOS_CLIGetOutputBuffer
 .text.FreeRTOS_CLIGetParameter
                0x080173f4       0xbc Thirdparty\Middleware\STM32G0xx\FreeRTOS\Source\FreeRTOS_CLI.o
                0x080173f4                FreeRTOS_CLIGetParameter
 .text.prvHelpCommand
                0x080174b0      0x154 Thirdparty\Middleware\STM32G0xx\FreeRTOS\Source\FreeRTOS_CLI.o
 .text.prvGetNumberOfParameters
                0x08017604       0x7a Thirdparty\Middleware\STM32G0xx\FreeRTOS\Source\FreeRTOS_CLI.o
 .text.vListInitialise
                0x0801767e       0x3c Thirdparty\Middleware\STM32G0xx\FreeRTOS\Source\list.o
                0x0801767e                vListInitialise
 .text.vListInitialiseItem
                0x080176ba       0x16 Thirdparty\Middleware\STM32G0xx\FreeRTOS\Source\list.o
                0x080176ba                vListInitialiseItem
 .text.vListInsertEnd
                0x080176d0       0x44 Thirdparty\Middleware\STM32G0xx\FreeRTOS\Source\list.o
                0x080176d0                vListInsertEnd
 .text.vListInsert
                0x08017714       0x6c Thirdparty\Middleware\STM32G0xx\FreeRTOS\Source\list.o
                0x08017714                vListInsert
 .text.uxListRemove
                0x08017780       0x50 Thirdparty\Middleware\STM32G0xx\FreeRTOS\Source\list.o
                0x08017780                uxListRemove
 .text.pxPortInitialiseStack
                0x080177d0       0x54 Thirdparty\Middleware\STM32G0xx\FreeRTOS\Source\portable\GCC\ARM_CM0\port.o
                0x080177d0                pxPortInitialiseStack
 .text.prvTaskExitError
                0x08017824       0x1e Thirdparty\Middleware\STM32G0xx\FreeRTOS\Source\portable\GCC\ARM_CM0\port.o
 .text.SVC_Handler
                0x08017842        0xa Thirdparty\Middleware\STM32G0xx\FreeRTOS\Source\portable\GCC\ARM_CM0\port.o
                0x08017842                SVC_Handler
 *fill*         0x0801784c        0x4 
 .text.vPortStartFirstTask
                0x08017850       0x38 Thirdparty\Middleware\STM32G0xx\FreeRTOS\Source\portable\GCC\ARM_CM0\port.o
 .text.xPortStartScheduler
                0x08017888       0x48 Thirdparty\Middleware\STM32G0xx\FreeRTOS\Source\portable\GCC\ARM_CM0\port.o
                0x08017888                xPortStartScheduler
 .text.vPortYield
                0x080178d0       0x20 Thirdparty\Middleware\STM32G0xx\FreeRTOS\Source\portable\GCC\ARM_CM0\port.o
                0x080178d0                vPortYield
 .text.vPortEnterCritical
                0x080178f0       0x24 Thirdparty\Middleware\STM32G0xx\FreeRTOS\Source\portable\GCC\ARM_CM0\port.o
                0x080178f0                vPortEnterCritical
 .text.vPortExitCritical
                0x08017914       0x24 Thirdparty\Middleware\STM32G0xx\FreeRTOS\Source\portable\GCC\ARM_CM0\port.o
                0x08017914                vPortExitCritical
 .text.ulSetInterruptMaskFromISR
                0x08017938        0xc Thirdparty\Middleware\STM32G0xx\FreeRTOS\Source\portable\GCC\ARM_CM0\port.o
                0x08017938                ulSetInterruptMaskFromISR
 .text.vClearInterruptMaskFromISR
                0x08017944        0x8 Thirdparty\Middleware\STM32G0xx\FreeRTOS\Source\portable\GCC\ARM_CM0\port.o
                0x08017944                vClearInterruptMaskFromISR
 *fill*         0x0801794c        0x4 
 .text.PendSV_Handler
                0x08017950       0x48 Thirdparty\Middleware\STM32G0xx\FreeRTOS\Source\portable\GCC\ARM_CM0\port.o
                0x08017950                PendSV_Handler
 .text.xPortSysTickHandler
                0x08017998       0x34 Thirdparty\Middleware\STM32G0xx\FreeRTOS\Source\portable\GCC\ARM_CM0\port.o
                0x08017998                xPortSysTickHandler
 .text.vPortSetupTimerInterrupt
                0x080179cc       0x44 Thirdparty\Middleware\STM32G0xx\FreeRTOS\Source\portable\GCC\ARM_CM0\port.o
                0x080179cc                vPortSetupTimerInterrupt
 .text.pvPortMalloc
                0x08017a10      0x140 Thirdparty\Middleware\STM32G0xx\FreeRTOS\Source\portable\MemMang\heap_4.o
                0x08017a10                pvPortMalloc
 .text.vPortFree
                0x08017b50       0x80 Thirdparty\Middleware\STM32G0xx\FreeRTOS\Source\portable\MemMang\heap_4.o
                0x08017b50                vPortFree
 .text.prvHeapInit
                0x08017bd0       0xc0 Thirdparty\Middleware\STM32G0xx\FreeRTOS\Source\portable\MemMang\heap_4.o
 .text.prvInsertBlockIntoFreeList
                0x08017c90       0xb0 Thirdparty\Middleware\STM32G0xx\FreeRTOS\Source\portable\MemMang\heap_4.o
 .text.xQueueGenericReset
                0x08017d40       0x9e Thirdparty\Middleware\STM32G0xx\FreeRTOS\Source\queue.o
                0x08017d40                xQueueGenericReset
 .text.xQueueGenericCreate
                0x08017dde       0x52 Thirdparty\Middleware\STM32G0xx\FreeRTOS\Source\queue.o
                0x08017dde                xQueueGenericCreate
 .text.prvInitialiseNewQueue
                0x08017e30       0x4e Thirdparty\Middleware\STM32G0xx\FreeRTOS\Source\queue.o
 .text.xQueueCreateCountingSemaphore
                0x08017e7e       0x30 Thirdparty\Middleware\STM32G0xx\FreeRTOS\Source\queue.o
                0x08017e7e                xQueueCreateCountingSemaphore
 .text.xQueueGenericSend
                0x08017eae      0x12a Thirdparty\Middleware\STM32G0xx\FreeRTOS\Source\queue.o
                0x08017eae                xQueueGenericSend
 .text.xQueueGenericSendFromISR
                0x08017fd8       0xa6 Thirdparty\Middleware\STM32G0xx\FreeRTOS\Source\queue.o
                0x08017fd8                xQueueGenericSendFromISR
 .text.xQueueGiveFromISR
                0x0801807e       0x96 Thirdparty\Middleware\STM32G0xx\FreeRTOS\Source\queue.o
                0x0801807e                xQueueGiveFromISR
 .text.xQueueReceive
                0x08018114      0x128 Thirdparty\Middleware\STM32G0xx\FreeRTOS\Source\queue.o
                0x08018114                xQueueReceive
 .text.xQueueSemaphoreTake
                0x0801823c      0x178 Thirdparty\Middleware\STM32G0xx\FreeRTOS\Source\queue.o
                0x0801823c                xQueueSemaphoreTake
 .text.xQueueReceiveFromISR
                0x080183b4       0xa0 Thirdparty\Middleware\STM32G0xx\FreeRTOS\Source\queue.o
                0x080183b4                xQueueReceiveFromISR
 .text.prvGetDisinheritPriorityAfterTimeout
                0x08018454       0x2c Thirdparty\Middleware\STM32G0xx\FreeRTOS\Source\queue.o
 .text.prvCopyDataToQueue
                0x08018480       0xd6 Thirdparty\Middleware\STM32G0xx\FreeRTOS\Source\queue.o
 .text.prvCopyDataFromQueue
                0x08018556       0x4c Thirdparty\Middleware\STM32G0xx\FreeRTOS\Source\queue.o
 .text.prvUnlockQueue
                0x080185a2       0xbc Thirdparty\Middleware\STM32G0xx\FreeRTOS\Source\queue.o
 .text.prvIsQueueEmpty
                0x0801865e       0x2c Thirdparty\Middleware\STM32G0xx\FreeRTOS\Source\queue.o
 .text.prvIsQueueFull
                0x0801868a       0x30 Thirdparty\Middleware\STM32G0xx\FreeRTOS\Source\queue.o
 *fill*         0x080186ba        0x2 
 .text.vQueueAddToRegistry
                0x080186bc       0x50 Thirdparty\Middleware\STM32G0xx\FreeRTOS\Source\queue.o
                0x080186bc                vQueueAddToRegistry
 .text.vQueueWaitForMessageRestricted
                0x0801870c       0x66 Thirdparty\Middleware\STM32G0xx\FreeRTOS\Source\queue.o
                0x0801870c                vQueueWaitForMessageRestricted
 .text.xTaskCreate
                0x08018772       0x90 Thirdparty\Middleware\STM32G0xx\FreeRTOS\Source\tasks.o
                0x08018772                xTaskCreate
 *fill*         0x08018802        0x2 
 .text.prvInitialiseNewTask
                0x08018804      0x10c Thirdparty\Middleware\STM32G0xx\FreeRTOS\Source\tasks.o
 .text.prvAddNewTaskToReadyList
                0x08018910       0xd0 Thirdparty\Middleware\STM32G0xx\FreeRTOS\Source\tasks.o
 .text.vTaskDelay
                0x080189e0       0x3a Thirdparty\Middleware\STM32G0xx\FreeRTOS\Source\tasks.o
                0x080189e0                vTaskDelay
 *fill*         0x08018a1a        0x2 
 .text.eTaskGetState
                0x08018a1c       0xd0 Thirdparty\Middleware\STM32G0xx\FreeRTOS\Source\tasks.o
                0x08018a1c                eTaskGetState
 .text.uxTaskPriorityGet
                0x08018aec       0x34 Thirdparty\Middleware\STM32G0xx\FreeRTOS\Source\tasks.o
                0x08018aec                uxTaskPriorityGet
 .text.vTaskPrioritySet
                0x08018b20      0x110 Thirdparty\Middleware\STM32G0xx\FreeRTOS\Source\tasks.o
                0x08018b20                vTaskPrioritySet
 .text.vTaskStartScheduler
                0x08018c30       0x74 Thirdparty\Middleware\STM32G0xx\FreeRTOS\Source\tasks.o
                0x08018c30                vTaskStartScheduler
 .text.vTaskSuspendAll
                0x08018ca4       0x18 Thirdparty\Middleware\STM32G0xx\FreeRTOS\Source\tasks.o
                0x08018ca4                vTaskSuspendAll
 .text.xTaskResumeAll
                0x08018cbc      0x10c Thirdparty\Middleware\STM32G0xx\FreeRTOS\Source\tasks.o
                0x08018cbc                xTaskResumeAll
 .text.xTaskGetTickCount
                0x08018dc8       0x1c Thirdparty\Middleware\STM32G0xx\FreeRTOS\Source\tasks.o
                0x08018dc8                xTaskGetTickCount
 .text.xTaskGetTickCountFromISR
                0x08018de4       0x20 Thirdparty\Middleware\STM32G0xx\FreeRTOS\Source\tasks.o
                0x08018de4                xTaskGetTickCountFromISR
 .text.uxTaskGetSystemState
                0x08018e04      0x120 Thirdparty\Middleware\STM32G0xx\FreeRTOS\Source\tasks.o
                0x08018e04                uxTaskGetSystemState
 .text.xTaskIncrementTick
                0x08018f24      0x150 Thirdparty\Middleware\STM32G0xx\FreeRTOS\Source\tasks.o
                0x08018f24                xTaskIncrementTick
 .text.vTaskSwitchContext
                0x08019074      0x124 Thirdparty\Middleware\STM32G0xx\FreeRTOS\Source\tasks.o
                0x08019074                vTaskSwitchContext
 .text.vTaskPlaceOnEventList
                0x08019198       0x34 Thirdparty\Middleware\STM32G0xx\FreeRTOS\Source\tasks.o
                0x08019198                vTaskPlaceOnEventList
 .text.vTaskPlaceOnEventListRestricted
                0x080191cc       0x44 Thirdparty\Middleware\STM32G0xx\FreeRTOS\Source\tasks.o
                0x080191cc                vTaskPlaceOnEventListRestricted
 .text.xTaskRemoveFromEventList
                0x08019210       0xb0 Thirdparty\Middleware\STM32G0xx\FreeRTOS\Source\tasks.o
                0x08019210                xTaskRemoveFromEventList
 .text.vTaskInternalSetTimeOutState
                0x080192c0       0x28 Thirdparty\Middleware\STM32G0xx\FreeRTOS\Source\tasks.o
                0x080192c0                vTaskInternalSetTimeOutState
 .text.xTaskCheckForTimeOut
                0x080192e8       0x8c Thirdparty\Middleware\STM32G0xx\FreeRTOS\Source\tasks.o
                0x080192e8                xTaskCheckForTimeOut
 .text.vTaskMissedYield
                0x08019374       0x14 Thirdparty\Middleware\STM32G0xx\FreeRTOS\Source\tasks.o
                0x08019374                vTaskMissedYield
 .text.prvIdleTask
                0x08019388       0x20 Thirdparty\Middleware\STM32G0xx\FreeRTOS\Source\tasks.o
 .text.prvInitialiseTaskLists
                0x080193a8       0x88 Thirdparty\Middleware\STM32G0xx\FreeRTOS\Source\tasks.o
 .text.prvCheckTasksWaitingTermination
                0x08019430       0x5c Thirdparty\Middleware\STM32G0xx\FreeRTOS\Source\tasks.o
 .text.vTaskGetInfo
                0x0801948c       0xd8 Thirdparty\Middleware\STM32G0xx\FreeRTOS\Source\tasks.o
                0x0801948c                vTaskGetInfo
 .text.prvListTasksWithinSingleList
                0x08019564       0xa6 Thirdparty\Middleware\STM32G0xx\FreeRTOS\Source\tasks.o
 .text.prvTaskCheckFreeStackSpace
                0x0801960a       0x34 Thirdparty\Middleware\STM32G0xx\FreeRTOS\Source\tasks.o
 .text.prvDeleteTCB
                0x0801963e       0x22 Thirdparty\Middleware\STM32G0xx\FreeRTOS\Source\tasks.o
 .text.prvResetNextTaskUnblockTime
                0x08019660       0x3c Thirdparty\Middleware\STM32G0xx\FreeRTOS\Source\tasks.o
 .text.xTaskGetSchedulerState
                0x0801969c       0x38 Thirdparty\Middleware\STM32G0xx\FreeRTOS\Source\tasks.o
                0x0801969c                xTaskGetSchedulerState
 .text.xTaskPriorityInherit
                0x080196d4       0xd0 Thirdparty\Middleware\STM32G0xx\FreeRTOS\Source\tasks.o
                0x080196d4                xTaskPriorityInherit
 .text.xTaskPriorityDisinherit
                0x080197a4       0x98 Thirdparty\Middleware\STM32G0xx\FreeRTOS\Source\tasks.o
                0x080197a4                xTaskPriorityDisinherit
 .text.vTaskPriorityDisinheritAfterTimeout
                0x0801983c       0xc0 Thirdparty\Middleware\STM32G0xx\FreeRTOS\Source\tasks.o
                0x0801983c                vTaskPriorityDisinheritAfterTimeout
 .text.prvWriteNameToBuffer
                0x080198fc       0x52 Thirdparty\Middleware\STM32G0xx\FreeRTOS\Source\tasks.o
 *fill*         0x0801994e        0x2 
 .text.vTaskList
                0x08019950      0x14c Thirdparty\Middleware\STM32G0xx\FreeRTOS\Source\tasks.o
                0x08019950                vTaskList
 .text.vTaskGetRunTimeStats
                0x08019a9c      0x118 Thirdparty\Middleware\STM32G0xx\FreeRTOS\Source\tasks.o
                0x08019a9c                vTaskGetRunTimeStats
 .text.pvTaskIncrementMutexHeldCount
                0x08019bb4       0x24 Thirdparty\Middleware\STM32G0xx\FreeRTOS\Source\tasks.o
                0x08019bb4                pvTaskIncrementMutexHeldCount
 .text.ulTaskNotifyTake
                0x08019bd8       0x84 Thirdparty\Middleware\STM32G0xx\FreeRTOS\Source\tasks.o
                0x08019bd8                ulTaskNotifyTake
 .text.xTaskGenericNotify
                0x08019c5c      0x104 Thirdparty\Middleware\STM32G0xx\FreeRTOS\Source\tasks.o
                0x08019c5c                xTaskGenericNotify
 .text.xTaskGenericNotifyFromISR
                0x08019d60      0x140 Thirdparty\Middleware\STM32G0xx\FreeRTOS\Source\tasks.o
                0x08019d60                xTaskGenericNotifyFromISR
 .text.prvAddCurrentTaskToDelayedList
                0x08019ea0       0xa8 Thirdparty\Middleware\STM32G0xx\FreeRTOS\Source\tasks.o
 .text.xTimerCreateTimerTask
                0x08019f48       0x4c Thirdparty\Middleware\STM32G0xx\FreeRTOS\Source\timers.o
                0x08019f48                xTimerCreateTimerTask
 .text.xTimerCreate
                0x08019f94       0x46 Thirdparty\Middleware\STM32G0xx\FreeRTOS\Source\timers.o
                0x08019f94                xTimerCreate
 .text.prvInitialiseNewTimer
                0x08019fda       0x5a Thirdparty\Middleware\STM32G0xx\FreeRTOS\Source\timers.o
 .text.xTimerGenericCommand
                0x0801a034       0x8c Thirdparty\Middleware\STM32G0xx\FreeRTOS\Source\timers.o
                0x0801a034                xTimerGenericCommand
 .text.prvProcessExpiredTimer
                0x0801a0c0       0x80 Thirdparty\Middleware\STM32G0xx\FreeRTOS\Source\timers.o
 .text.prvTimerTask
                0x0801a140       0x28 Thirdparty\Middleware\STM32G0xx\FreeRTOS\Source\timers.o
 .text.prvProcessTimerOrBlockTask
                0x0801a168       0x90 Thirdparty\Middleware\STM32G0xx\FreeRTOS\Source\timers.o
 .text.prvGetNextExpireTime
                0x0801a1f8       0x44 Thirdparty\Middleware\STM32G0xx\FreeRTOS\Source\timers.o
 .text.prvSampleTimeNow
                0x0801a23c       0x40 Thirdparty\Middleware\STM32G0xx\FreeRTOS\Source\timers.o
 .text.prvInsertTimerInActiveList
                0x0801a27c       0x84 Thirdparty\Middleware\STM32G0xx\FreeRTOS\Source\timers.o
 .text.prvProcessReceivedCommands
                0x0801a300      0x16c Thirdparty\Middleware\STM32G0xx\FreeRTOS\Source\timers.o
 .text.prvSwitchTimerLists
                0x0801a46c       0xb0 Thirdparty\Middleware\STM32G0xx\FreeRTOS\Source\timers.o
 .text.prvCheckForValidListAndQueue
                0x0801a51c       0x74 Thirdparty\Middleware\STM32G0xx\FreeRTOS\Source\timers.o
 .text.pvTimerGetTimerID
                0x0801a590       0x24 Thirdparty\Middleware\STM32G0xx\FreeRTOS\Source\timers.o
                0x0801a590                pvTimerGetTimerID
 .text.HAL_Init
                0x0801a5b4       0x40 Thirdparty\STM32G0xx_HAL_Driver\Src\stm32g0xx_hal.o
                0x0801a5b4                HAL_Init
 .text.HAL_InitTick
                0x0801a5f4       0x94 Thirdparty\STM32G0xx_HAL_Driver\Src\stm32g0xx_hal.o
                0x0801a5f4                HAL_InitTick
 .text.HAL_IncTick
                0x0801a688       0x24 Thirdparty\STM32G0xx_HAL_Driver\Src\stm32g0xx_hal.o
                0x0801a688                HAL_IncTick
 .text.HAL_GetTick
                0x0801a6ac       0x14 Thirdparty\STM32G0xx_HAL_Driver\Src\stm32g0xx_hal.o
                0x0801a6ac                HAL_GetTick
 .text.HAL_Delay
                0x0801a6c0       0x48 Thirdparty\STM32G0xx_HAL_Driver\Src\stm32g0xx_hal.o
                0x0801a6c0                HAL_Delay
 .text.HAL_GetREVID
                0x0801a708       0x18 Thirdparty\STM32G0xx_HAL_Driver\Src\stm32g0xx_hal.o
                0x0801a708                HAL_GetREVID
 .text.HAL_GetDEVID
                0x0801a720       0x18 Thirdparty\STM32G0xx_HAL_Driver\Src\stm32g0xx_hal.o
                0x0801a720                HAL_GetDEVID
 .text.LL_ADC_SetCommonPathInternalCh
                0x0801a738       0x28 Thirdparty\STM32G0xx_HAL_Driver\Src\stm32g0xx_hal_adc.o
 .text.LL_ADC_GetCommonPathInternalCh
                0x0801a760       0x1a Thirdparty\STM32G0xx_HAL_Driver\Src\stm32g0xx_hal_adc.o
 .text.LL_ADC_SetSamplingTimeCommonChannels
                0x0801a77a       0x3a Thirdparty\STM32G0xx_HAL_Driver\Src\stm32g0xx_hal_adc.o
 .text.LL_ADC_GetSamplingTimeCommonChannels
                0x0801a7b4       0x2e Thirdparty\STM32G0xx_HAL_Driver\Src\stm32g0xx_hal_adc.o
 .text.LL_ADC_REG_IsTriggerSourceSWStart
                0x0801a7e2       0x22 Thirdparty\STM32G0xx_HAL_Driver\Src\stm32g0xx_hal_adc.o
 .text.LL_ADC_REG_SetSequencerRanks
                0x0801a804       0x40 Thirdparty\STM32G0xx_HAL_Driver\Src\stm32g0xx_hal_adc.o
 .text.LL_ADC_REG_SetSequencerChAdd
                0x0801a844       0x22 Thirdparty\STM32G0xx_HAL_Driver\Src\stm32g0xx_hal_adc.o
 .text.LL_ADC_REG_SetSequencerChRem
                0x0801a866       0x24 Thirdparty\STM32G0xx_HAL_Driver\Src\stm32g0xx_hal_adc.o
 *fill*         0x0801a88a        0x2 
 .text.LL_ADC_SetChannelSamplingTime
                0x0801a88c       0x38 Thirdparty\STM32G0xx_HAL_Driver\Src\stm32g0xx_hal_adc.o
 .text.LL_ADC_EnableInternalRegulator
                0x0801a8c4       0x28 Thirdparty\STM32G0xx_HAL_Driver\Src\stm32g0xx_hal_adc.o
 .text.LL_ADC_IsInternalRegulatorEnabled
                0x0801a8ec       0x28 Thirdparty\STM32G0xx_HAL_Driver\Src\stm32g0xx_hal_adc.o
 .text.LL_ADC_Enable
                0x0801a914       0x24 Thirdparty\STM32G0xx_HAL_Driver\Src\stm32g0xx_hal_adc.o
 .text.LL_ADC_Disable
                0x0801a938       0x24 Thirdparty\STM32G0xx_HAL_Driver\Src\stm32g0xx_hal_adc.o
 .text.LL_ADC_IsEnabled
                0x0801a95c       0x22 Thirdparty\STM32G0xx_HAL_Driver\Src\stm32g0xx_hal_adc.o
 .text.LL_ADC_IsDisableOngoing
                0x0801a97e       0x22 Thirdparty\STM32G0xx_HAL_Driver\Src\stm32g0xx_hal_adc.o
 .text.LL_ADC_REG_StartConversion
                0x0801a9a0       0x24 Thirdparty\STM32G0xx_HAL_Driver\Src\stm32g0xx_hal_adc.o
 .text.LL_ADC_REG_StopConversion
                0x0801a9c4       0x24 Thirdparty\STM32G0xx_HAL_Driver\Src\stm32g0xx_hal_adc.o
 .text.LL_ADC_REG_IsConversionOngoing
                0x0801a9e8       0x22 Thirdparty\STM32G0xx_HAL_Driver\Src\stm32g0xx_hal_adc.o
 *fill*         0x0801aa0a        0x2 
 .text.HAL_ADC_Init
                0x0801aa0c      0x350 Thirdparty\STM32G0xx_HAL_Driver\Src\stm32g0xx_hal_adc.o
                0x0801aa0c                HAL_ADC_Init
 .text.HAL_ADC_Start
                0x0801ad5c       0x9c Thirdparty\STM32G0xx_HAL_Driver\Src\stm32g0xx_hal_adc.o
                0x0801ad5c                HAL_ADC_Start
 .text.HAL_ADC_Stop
                0x0801adf8       0x78 Thirdparty\STM32G0xx_HAL_Driver\Src\stm32g0xx_hal_adc.o
                0x0801adf8                HAL_ADC_Stop
 .text.HAL_ADC_PollForConversion
                0x0801ae70      0x128 Thirdparty\STM32G0xx_HAL_Driver\Src\stm32g0xx_hal_adc.o
                0x0801ae70                HAL_ADC_PollForConversion
 .text.HAL_ADC_GetValue
                0x0801af98       0x16 Thirdparty\STM32G0xx_HAL_Driver\Src\stm32g0xx_hal_adc.o
                0x0801af98                HAL_ADC_GetValue
 *fill*         0x0801afae        0x2 
 .text.HAL_ADC_ConfigChannel
                0x0801afb0      0x3b0 Thirdparty\STM32G0xx_HAL_Driver\Src\stm32g0xx_hal_adc.o
                0x0801afb0                HAL_ADC_ConfigChannel
 .text.ADC_ConversionStop
                0x0801b360       0x84 Thirdparty\STM32G0xx_HAL_Driver\Src\stm32g0xx_hal_adc.o
                0x0801b360                ADC_ConversionStop
 .text.ADC_Enable
                0x0801b3e4      0x10c Thirdparty\STM32G0xx_HAL_Driver\Src\stm32g0xx_hal_adc.o
                0x0801b3e4                ADC_Enable
 .text.ADC_Disable
                0x0801b4f0       0xbc Thirdparty\STM32G0xx_HAL_Driver\Src\stm32g0xx_hal_adc.o
                0x0801b4f0                ADC_Disable
 .text.__NVIC_EnableIRQ
                0x0801b5ac       0x34 Thirdparty\STM32G0xx_HAL_Driver\Src\stm32g0xx_hal_cortex.o
 .text.__NVIC_DisableIRQ
                0x0801b5e0       0x44 Thirdparty\STM32G0xx_HAL_Driver\Src\stm32g0xx_hal_cortex.o
 .text.__NVIC_SetPriority
                0x0801b624       0xdc Thirdparty\STM32G0xx_HAL_Driver\Src\stm32g0xx_hal_cortex.o
 .text.SysTick_Config
                0x0801b700       0x48 Thirdparty\STM32G0xx_HAL_Driver\Src\stm32g0xx_hal_cortex.o
 .text.HAL_NVIC_SetPriority
                0x0801b748       0x2a Thirdparty\STM32G0xx_HAL_Driver\Src\stm32g0xx_hal_cortex.o
                0x0801b748                HAL_NVIC_SetPriority
 .text.HAL_NVIC_EnableIRQ
                0x0801b772       0x20 Thirdparty\STM32G0xx_HAL_Driver\Src\stm32g0xx_hal_cortex.o
                0x0801b772                HAL_NVIC_EnableIRQ
 .text.HAL_NVIC_DisableIRQ
                0x0801b792       0x20 Thirdparty\STM32G0xx_HAL_Driver\Src\stm32g0xx_hal_cortex.o
                0x0801b792                HAL_NVIC_DisableIRQ
 .text.HAL_SYSTICK_Config
                0x0801b7b2       0x1a Thirdparty\STM32G0xx_HAL_Driver\Src\stm32g0xx_hal_cortex.o
                0x0801b7b2                HAL_SYSTICK_Config
 .text.HAL_SYSTICK_CLKSourceConfig
                0x0801b7cc       0x34 Thirdparty\STM32G0xx_HAL_Driver\Src\stm32g0xx_hal_cortex.o
                0x0801b7cc                HAL_SYSTICK_CLKSourceConfig
 .text.HAL_CRC_Init
                0x0801b800       0xcc Thirdparty\STM32G0xx_HAL_Driver\Src\stm32g0xx_hal_crc.o
                0x0801b800                HAL_CRC_Init
 .text.HAL_CRC_Accumulate
                0x0801b8cc       0x8e Thirdparty\STM32G0xx_HAL_Driver\Src\stm32g0xx_hal_crc.o
                0x0801b8cc                HAL_CRC_Accumulate
 .text.HAL_CRC_Calculate
                0x0801b95a       0x9e Thirdparty\STM32G0xx_HAL_Driver\Src\stm32g0xx_hal_crc.o
                0x0801b95a                HAL_CRC_Calculate
 .text.CRC_Handle_8
                0x0801b9f8      0x122 Thirdparty\STM32G0xx_HAL_Driver\Src\stm32g0xx_hal_crc.o
 .text.CRC_Handle_16
                0x0801bb1a       0x6e Thirdparty\STM32G0xx_HAL_Driver\Src\stm32g0xx_hal_crc.o
 .text.HAL_CRCEx_Polynomial_Set
                0x0801bb88       0xda Thirdparty\STM32G0xx_HAL_Driver\Src\stm32g0xx_hal_crc_ex.o
                0x0801bb88                HAL_CRCEx_Polynomial_Set
 *fill*         0x0801bc62        0x2 
 .text.HAL_DMA_Init
                0x0801bc64      0x158 Thirdparty\STM32G0xx_HAL_Driver\Src\stm32g0xx_hal_dma.o
                0x0801bc64                HAL_DMA_Init
 .text.HAL_DMA_Start_IT
                0x0801bdbc      0x10c Thirdparty\STM32G0xx_HAL_Driver\Src\stm32g0xx_hal_dma.o
                0x0801bdbc                HAL_DMA_Start_IT
 .text.HAL_DMA_Abort
                0x0801bec8       0xc0 Thirdparty\STM32G0xx_HAL_Driver\Src\stm32g0xx_hal_dma.o
                0x0801bec8                HAL_DMA_Abort
 .text.HAL_DMA_Abort_IT
                0x0801bf88       0xd0 Thirdparty\STM32G0xx_HAL_Driver\Src\stm32g0xx_hal_dma.o
                0x0801bf88                HAL_DMA_Abort_IT
 .text.HAL_DMA_GetError
                0x0801c058       0x14 Thirdparty\STM32G0xx_HAL_Driver\Src\stm32g0xx_hal_dma.o
                0x0801c058                HAL_DMA_GetError
 .text.DMA_SetConfig
                0x0801c06c       0x78 Thirdparty\STM32G0xx_HAL_Driver\Src\stm32g0xx_hal_dma.o
 .text.DMA_CalcDMAMUXChannelBaseAndMask
                0x0801c0e4       0x94 Thirdparty\STM32G0xx_HAL_Driver\Src\stm32g0xx_hal_dma.o
 .text.DMA_CalcDMAMUXRequestGenBaseAndMask
                0x0801c178       0x48 Thirdparty\STM32G0xx_HAL_Driver\Src\stm32g0xx_hal_dma.o
 .text.HAL_FLASH_Program
                0x0801c1c0       0x9c Thirdparty\STM32G0xx_HAL_Driver\Src\stm32g0xx_hal_flash.o
                0x0801c1c0                HAL_FLASH_Program
 .text.HAL_FLASH_Unlock
                0x0801c25c       0x48 Thirdparty\STM32G0xx_HAL_Driver\Src\stm32g0xx_hal_flash.o
                0x0801c25c                HAL_FLASH_Unlock
 .text.HAL_FLASH_Lock
                0x0801c2a4       0x38 Thirdparty\STM32G0xx_HAL_Driver\Src\stm32g0xx_hal_flash.o
                0x0801c2a4                HAL_FLASH_Lock
 .text.FLASH_WaitForLastOperation
                0x0801c2dc       0x9c Thirdparty\STM32G0xx_HAL_Driver\Src\stm32g0xx_hal_flash.o
                0x0801c2dc                FLASH_WaitForLastOperation
 .text.FLASH_Program_DoubleWord
                0x0801c378       0x40 Thirdparty\STM32G0xx_HAL_Driver\Src\stm32g0xx_hal_flash.o
 .text.HAL_FLASHEx_Erase
                0x0801c3b8       0xe0 Thirdparty\STM32G0xx_HAL_Driver\Src\stm32g0xx_hal_flash_ex.o
                0x0801c3b8                HAL_FLASHEx_Erase
 .text.FLASH_MassErase
                0x0801c498       0x28 Thirdparty\STM32G0xx_HAL_Driver\Src\stm32g0xx_hal_flash_ex.o
 .text.FLASH_PageErase
                0x0801c4c0      0x198 Thirdparty\STM32G0xx_HAL_Driver\Src\stm32g0xx_hal_flash_ex.o
                0x0801c4c0                FLASH_PageErase
 .text.HAL_GPIO_Init
                0x0801c658      0x2d8 Thirdparty\STM32G0xx_HAL_Driver\Src\stm32g0xx_hal_gpio.o
                0x0801c658                HAL_GPIO_Init
 .text.HAL_GPIO_DeInit
                0x0801c930      0x1b0 Thirdparty\STM32G0xx_HAL_Driver\Src\stm32g0xx_hal_gpio.o
                0x0801c930                HAL_GPIO_DeInit
 .text.HAL_GPIO_ReadPin
                0x0801cae0       0x3a Thirdparty\STM32G0xx_HAL_Driver\Src\stm32g0xx_hal_gpio.o
                0x0801cae0                HAL_GPIO_ReadPin
 .text.HAL_GPIO_WritePin
                0x0801cb1a       0x3a Thirdparty\STM32G0xx_HAL_Driver\Src\stm32g0xx_hal_gpio.o
                0x0801cb1a                HAL_GPIO_WritePin
 .text.HAL_GPIO_TogglePin
                0x0801cb54       0x36 Thirdparty\STM32G0xx_HAL_Driver\Src\stm32g0xx_hal_gpio.o
                0x0801cb54                HAL_GPIO_TogglePin
 *fill*         0x0801cb8a        0x2 
 .text.HAL_IWDG_Init
                0x0801cb8c       0xa4 Thirdparty\STM32G0xx_HAL_Driver\Src\stm32g0xx_hal_iwdg.o
                0x0801cb8c                HAL_IWDG_Init
 .text.HAL_IWDG_Refresh
                0x0801cc30       0x20 Thirdparty\STM32G0xx_HAL_Driver\Src\stm32g0xx_hal_iwdg.o
                0x0801cc30                HAL_IWDG_Refresh
 .text.HAL_MspInit
                0x0801cc50        0xa Thirdparty\STM32G0xx_HAL_Driver\Src\stm32g0xx_hal_msp_template.o
                0x0801cc50                HAL_MspInit
 *fill*         0x0801cc5a        0x2 
 .text.HAL_PWR_EnableBkUpAccess
                0x0801cc5c       0x1c Thirdparty\STM32G0xx_HAL_Driver\Src\stm32g0xx_hal_pwr.o
                0x0801cc5c                HAL_PWR_EnableBkUpAccess
 .text.HAL_PWR_EnableWakeUpPin
                0x0801cc78       0x40 Thirdparty\STM32G0xx_HAL_Driver\Src\stm32g0xx_hal_pwr.o
                0x0801cc78                HAL_PWR_EnableWakeUpPin
 .text.HAL_PWR_DisableWakeUpPin
                0x0801ccb8       0x28 Thirdparty\STM32G0xx_HAL_Driver\Src\stm32g0xx_hal_pwr.o
                0x0801ccb8                HAL_PWR_DisableWakeUpPin
 .text.HAL_PWR_EnterSTOPMode
                0x0801cce0       0x70 Thirdparty\STM32G0xx_HAL_Driver\Src\stm32g0xx_hal_pwr.o
                0x0801cce0                HAL_PWR_EnterSTOPMode
 .text.HAL_PWR_EnterSTANDBYMode
                0x0801cd50       0x34 Thirdparty\STM32G0xx_HAL_Driver\Src\stm32g0xx_hal_pwr.o
                0x0801cd50                HAL_PWR_EnterSTANDBYMode
 .text.HAL_PWREx_EnableSRAMRetention
                0x0801cd84       0x1c Thirdparty\STM32G0xx_HAL_Driver\Src\stm32g0xx_hal_pwr_ex.o
                0x0801cd84                HAL_PWREx_EnableSRAMRetention
 .text.HAL_PWREx_ControlVoltageScaling
                0x0801cda0       0x80 Thirdparty\STM32G0xx_HAL_Driver\Src\stm32g0xx_hal_pwr_ex.o
                0x0801cda0                HAL_PWREx_ControlVoltageScaling
 .text.LL_RCC_GetAPB1Prescaler
                0x0801ce20       0x18 Thirdparty\STM32G0xx_HAL_Driver\Src\stm32g0xx_hal_rcc.o
 .text.HAL_RCC_OscConfig
                0x0801ce38      0x6c0 Thirdparty\STM32G0xx_HAL_Driver\Src\stm32g0xx_hal_rcc.o
                0x0801ce38                HAL_RCC_OscConfig
 .text.HAL_RCC_ClockConfig
                0x0801d4f8      0x210 Thirdparty\STM32G0xx_HAL_Driver\Src\stm32g0xx_hal_rcc.o
                0x0801d4f8                HAL_RCC_ClockConfig
 .text.HAL_RCC_GetSysClockFreq
                0x0801d708      0x104 Thirdparty\STM32G0xx_HAL_Driver\Src\stm32g0xx_hal_rcc.o
                0x0801d708                HAL_RCC_GetSysClockFreq
 .text.HAL_RCC_GetHCLKFreq
                0x0801d80c       0x14 Thirdparty\STM32G0xx_HAL_Driver\Src\stm32g0xx_hal_rcc.o
                0x0801d80c                HAL_RCC_GetHCLKFreq
 .text.HAL_RCC_GetPCLK1Freq
                0x0801d820       0x2c Thirdparty\STM32G0xx_HAL_Driver\Src\stm32g0xx_hal_rcc.o
                0x0801d820                HAL_RCC_GetPCLK1Freq
 .text.HAL_RCCEx_PeriphCLKConfig
                0x0801d84c      0x478 Thirdparty\STM32G0xx_HAL_Driver\Src\stm32g0xx_hal_rcc_ex.o
                0x0801d84c                HAL_RCCEx_PeriphCLKConfig
 .text.HAL_RTC_Init
                0x0801dcc4      0x144 Thirdparty\STM32G0xx_HAL_Driver\Src\stm32g0xx_hal_rtc.o
                0x0801dcc4                HAL_RTC_Init
 .text.HAL_RTC_MspInit
                0x0801de08       0x10 Thirdparty\STM32G0xx_HAL_Driver\Src\stm32g0xx_hal_rtc.o
                0x0801de08                HAL_RTC_MspInit
 .text.HAL_RTC_SetTime
                0x0801de18      0x150 Thirdparty\STM32G0xx_HAL_Driver\Src\stm32g0xx_hal_rtc.o
                0x0801de18                HAL_RTC_SetTime
 .text.HAL_RTC_GetTime
                0x0801df68       0xb8 Thirdparty\STM32G0xx_HAL_Driver\Src\stm32g0xx_hal_rtc.o
                0x0801df68                HAL_RTC_GetTime
 .text.HAL_RTC_SetDate
                0x0801e020      0x124 Thirdparty\STM32G0xx_HAL_Driver\Src\stm32g0xx_hal_rtc.o
                0x0801e020                HAL_RTC_SetDate
 .text.HAL_RTC_GetDate
                0x0801e144       0x9c Thirdparty\STM32G0xx_HAL_Driver\Src\stm32g0xx_hal_rtc.o
                0x0801e144                HAL_RTC_GetDate
 .text.HAL_RTC_WaitForSynchro
                0x0801e1e0       0x4e Thirdparty\STM32G0xx_HAL_Driver\Src\stm32g0xx_hal_rtc.o
                0x0801e1e0                HAL_RTC_WaitForSynchro
 .text.RTC_EnterInitMode
                0x0801e22e       0x84 Thirdparty\STM32G0xx_HAL_Driver\Src\stm32g0xx_hal_rtc.o
                0x0801e22e                RTC_EnterInitMode
 *fill*         0x0801e2b2        0x2 
 .text.RTC_ExitInitMode
                0x0801e2b4       0x88 Thirdparty\STM32G0xx_HAL_Driver\Src\stm32g0xx_hal_rtc.o
                0x0801e2b4                RTC_ExitInitMode
 .text.RTC_ByteToBcd2
                0x0801e33c       0x50 Thirdparty\STM32G0xx_HAL_Driver\Src\stm32g0xx_hal_rtc.o
                0x0801e33c                RTC_ByteToBcd2
 .text.RTC_Bcd2ToByte
                0x0801e38c       0x3a Thirdparty\STM32G0xx_HAL_Driver\Src\stm32g0xx_hal_rtc.o
                0x0801e38c                RTC_Bcd2ToByte
 .text.HAL_RTCEx_BKUPWrite
                0x0801e3c6       0x3a Thirdparty\STM32G0xx_HAL_Driver\Src\stm32g0xx_hal_rtc_ex.o
                0x0801e3c6                HAL_RTCEx_BKUPWrite
 .text.HAL_RTCEx_BKUPRead
                0x0801e400       0x36 Thirdparty\STM32G0xx_HAL_Driver\Src\stm32g0xx_hal_rtc_ex.o
                0x0801e400                HAL_RTCEx_BKUPRead
 .text.HAL_TIM_Base_Init
                0x0801e436       0xb0 Thirdparty\STM32G0xx_HAL_Driver\Src\stm32g0xx_hal_tim.o
                0x0801e436                HAL_TIM_Base_Init
 .text.HAL_TIM_Base_MspInit
                0x0801e4e6       0x10 Thirdparty\STM32G0xx_HAL_Driver\Src\stm32g0xx_hal_tim.o
                0x0801e4e6                HAL_TIM_Base_MspInit
 *fill*         0x0801e4f6        0x2 
 .text.HAL_TIM_Base_Start
                0x0801e4f8       0xb4 Thirdparty\STM32G0xx_HAL_Driver\Src\stm32g0xx_hal_tim.o
                0x0801e4f8                HAL_TIM_Base_Start
 .text.TIM_Base_SetConfig
                0x0801e5ac      0x114 Thirdparty\STM32G0xx_HAL_Driver\Src\stm32g0xx_hal_tim.o
                0x0801e5ac                TIM_Base_SetConfig
 .text.HAL_UART_Init
                0x0801e6c0       0xac Thirdparty\STM32G0xx_HAL_Driver\Src\stm32g0xx_hal_uart.o
                0x0801e6c0                HAL_UART_Init
 .text.HAL_UART_DeInit
                0x0801e76c       0x80 Thirdparty\STM32G0xx_HAL_Driver\Src\stm32g0xx_hal_uart.o
                0x0801e76c                HAL_UART_DeInit
 .text.HAL_UART_MspDeInit
                0x0801e7ec       0x10 Thirdparty\STM32G0xx_HAL_Driver\Src\stm32g0xx_hal_uart.o
                0x0801e7ec                HAL_UART_MspDeInit
 .text.HAL_UART_Transmit
                0x0801e7fc      0x138 Thirdparty\STM32G0xx_HAL_Driver\Src\stm32g0xx_hal_uart.o
                0x0801e7fc                HAL_UART_Transmit
 .text.HAL_UART_Transmit_IT
                0x0801e934      0x150 Thirdparty\STM32G0xx_HAL_Driver\Src\stm32g0xx_hal_uart.o
                0x0801e934                HAL_UART_Transmit_IT
 .text.HAL_UART_Receive_IT
                0x0801ea84       0xcc Thirdparty\STM32G0xx_HAL_Driver\Src\stm32g0xx_hal_uart.o
                0x0801ea84                HAL_UART_Receive_IT
 .text.HAL_UART_Receive_DMA
                0x0801eb50       0xcc Thirdparty\STM32G0xx_HAL_Driver\Src\stm32g0xx_hal_uart.o
                0x0801eb50                HAL_UART_Receive_DMA
 .text.HAL_UART_DMAStop
                0x0801ec1c      0x128 Thirdparty\STM32G0xx_HAL_Driver\Src\stm32g0xx_hal_uart.o
                0x0801ec1c                HAL_UART_DMAStop
 .text.HAL_UART_IRQHandler
                0x0801ed44      0x64c Thirdparty\STM32G0xx_HAL_Driver\Src\stm32g0xx_hal_uart.o
                0x0801ed44                HAL_UART_IRQHandler
 .text.HAL_UART_RxHalfCpltCallback
                0x0801f390       0x10 Thirdparty\STM32G0xx_HAL_Driver\Src\stm32g0xx_hal_uart.o
                0x0801f390                HAL_UART_RxHalfCpltCallback
 .text.HAL_UARTEx_RxEventCallback
                0x0801f3a0       0x16 Thirdparty\STM32G0xx_HAL_Driver\Src\stm32g0xx_hal_uart.o
                0x0801f3a0                HAL_UARTEx_RxEventCallback
 *fill*         0x0801f3b6        0x2 
 .text.UART_SetConfig
                0x0801f3b8      0x6ac Thirdparty\STM32G0xx_HAL_Driver\Src\stm32g0xx_hal_uart.o
                0x0801f3b8                UART_SetConfig
 .text.UART_AdvFeatureConfig
                0x0801fa64      0x168 Thirdparty\STM32G0xx_HAL_Driver\Src\stm32g0xx_hal_uart.o
                0x0801fa64                UART_AdvFeatureConfig
 .text.UART_CheckIdleState
                0x0801fbcc       0x9c Thirdparty\STM32G0xx_HAL_Driver\Src\stm32g0xx_hal_uart.o
                0x0801fbcc                UART_CheckIdleState
 .text.UART_WaitOnFlagUntilTimeout
                0x0801fc68      0x190 Thirdparty\STM32G0xx_HAL_Driver\Src\stm32g0xx_hal_uart.o
                0x0801fc68                UART_WaitOnFlagUntilTimeout
 .text.UART_Start_Receive_IT
                0x0801fdf8      0x248 Thirdparty\STM32G0xx_HAL_Driver\Src\stm32g0xx_hal_uart.o
                0x0801fdf8                UART_Start_Receive_IT
 .text.UART_Start_Receive_DMA
                0x08020040      0x14c Thirdparty\STM32G0xx_HAL_Driver\Src\stm32g0xx_hal_uart.o
                0x08020040                UART_Start_Receive_DMA
 .text.UART_EndTxTransfer
                0x0802018c       0x80 Thirdparty\STM32G0xx_HAL_Driver\Src\stm32g0xx_hal_uart.o
 .text.UART_EndRxTransfer
                0x0802020c       0xcc Thirdparty\STM32G0xx_HAL_Driver\Src\stm32g0xx_hal_uart.o
 .text.UART_DMAReceiveCplt
                0x080202d8      0x130 Thirdparty\STM32G0xx_HAL_Driver\Src\stm32g0xx_hal_uart.o
 .text.UART_DMARxHalfCplt
                0x08020408       0x42 Thirdparty\STM32G0xx_HAL_Driver\Src\stm32g0xx_hal_uart.o
 .text.UART_DMAError
                0x0802044a       0x86 Thirdparty\STM32G0xx_HAL_Driver\Src\stm32g0xx_hal_uart.o
 .text.UART_DMAAbortOnError
                0x080204d0       0x2e Thirdparty\STM32G0xx_HAL_Driver\Src\stm32g0xx_hal_uart.o
 .text.UART_TxISR_8BIT
                0x080204fe       0xb4 Thirdparty\STM32G0xx_HAL_Driver\Src\stm32g0xx_hal_uart.o
 .text.UART_TxISR_16BIT
                0x080205b2       0xbe Thirdparty\STM32G0xx_HAL_Driver\Src\stm32g0xx_hal_uart.o
 .text.UART_TxISR_8BIT_FIFOEN
                0x08020670       0xec Thirdparty\STM32G0xx_HAL_Driver\Src\stm32g0xx_hal_uart.o
 .text.UART_TxISR_16BIT_FIFOEN
                0x0802075c       0xf4 Thirdparty\STM32G0xx_HAL_Driver\Src\stm32g0xx_hal_uart.o
 .text.UART_EndTransmit_IT
                0x08020850       0x58 Thirdparty\STM32G0xx_HAL_Driver\Src\stm32g0xx_hal_uart.o
 .text.UART_RxISR_8BIT
                0x080208a8      0x174 Thirdparty\STM32G0xx_HAL_Driver\Src\stm32g0xx_hal_uart.o
 .text.UART_RxISR_16BIT
                0x08020a1c      0x174 Thirdparty\STM32G0xx_HAL_Driver\Src\stm32g0xx_hal_uart.o
 .text.UART_RxISR_8BIT_FIFOEN
                0x08020b90      0x2ec Thirdparty\STM32G0xx_HAL_Driver\Src\stm32g0xx_hal_uart.o
 .text.UART_RxISR_16BIT_FIFOEN
                0x08020e7c      0x2ec Thirdparty\STM32G0xx_HAL_Driver\Src\stm32g0xx_hal_uart.o
 .text.HAL_UARTEx_RxFifoFullCallback
                0x08021168       0x10 Thirdparty\STM32G0xx_HAL_Driver\Src\stm32g0xx_hal_uart_ex.o
                0x08021168                HAL_UARTEx_RxFifoFullCallback
 .text.HAL_UARTEx_TxFifoEmptyCallback
                0x08021178       0x10 Thirdparty\STM32G0xx_HAL_Driver\Src\stm32g0xx_hal_uart_ex.o
                0x08021178                HAL_UARTEx_TxFifoEmptyCallback
 .text.HAL_UARTEx_StopModeWakeUpSourceConfig
                0x08021188       0xd0 Thirdparty\STM32G0xx_HAL_Driver\Src\stm32g0xx_hal_uart_ex.o
                0x08021188                HAL_UARTEx_StopModeWakeUpSourceConfig
 .text.HAL_UARTEx_EnableStopMode
                0x08021258       0x62 Thirdparty\STM32G0xx_HAL_Driver\Src\stm32g0xx_hal_uart_ex.o
                0x08021258                HAL_UARTEx_EnableStopMode
 .text.HAL_UARTEx_DisableStopMode
                0x080212ba       0x62 Thirdparty\STM32G0xx_HAL_Driver\Src\stm32g0xx_hal_uart_ex.o
                0x080212ba                HAL_UARTEx_DisableStopMode
 .text.HAL_UARTEx_DisableFifoMode
                0x0802131c       0x74 Thirdparty\STM32G0xx_HAL_Driver\Src\stm32g0xx_hal_uart_ex.o
                0x0802131c                HAL_UARTEx_DisableFifoMode
 .text.HAL_UARTEx_SetTxFifoThreshold
                0x08021390       0x7e Thirdparty\STM32G0xx_HAL_Driver\Src\stm32g0xx_hal_uart_ex.o
                0x08021390                HAL_UARTEx_SetTxFifoThreshold
 *fill*         0x0802140e        0x2 
 .text.HAL_UARTEx_SetRxFifoThreshold
                0x08021410       0x84 Thirdparty\STM32G0xx_HAL_Driver\Src\stm32g0xx_hal_uart_ex.o
                0x08021410                HAL_UARTEx_SetRxFifoThreshold
 .text.UARTEx_Wakeup_AddressConfig
                0x08021494       0x48 Thirdparty\STM32G0xx_HAL_Driver\Src\stm32g0xx_hal_uart_ex.o
 .text.UARTEx_SetNbDataToProcess
                0x080214dc       0xbc Thirdparty\STM32G0xx_HAL_Driver\Src\stm32g0xx_hal_uart_ex.o
 .text.main     0x08021598        0xa User\main.o
                0x08021598                main
 .text.UserTask
                0x080215a2        0xa User\main.o
                0x080215a2                UserTask
 .text.atof     0x080215ac        0xa C:/ST/STM32CubeIDE_1.10.1/STM32CubeIDE/plugins/com.st.stm32cube.ide.mcu.externaltools.gnu-tools-for-stm32.12.3.rel1.win32_1.0.200.202406191623/tools/bin/../lib/gcc/arm-none-eabi/12.3.1/../../../../arm-none-eabi/lib/thumb/v6-m/nofp\libc.a(libc_a-atof.o)
                0x080215ac                atof
 .text.atoi     0x080215b6        0xc C:/ST/STM32CubeIDE_1.10.1/STM32CubeIDE/plugins/com.st.stm32cube.ide.mcu.externaltools.gnu-tools-for-stm32.12.3.rel1.win32_1.0.200.202406191623/tools/bin/../lib/gcc/arm-none-eabi/12.3.1/../../../../arm-none-eabi/lib/thumb/v6-m/nofp\libc.a(libc_a-atoi.o)
                0x080215b6                atoi