Archive member included to satisfy reference by file (symbol)

c:/st/stm32cubeide_1.9.0/stm32cubeide/plugins/com.st.stm32cube.ide.mcu.externaltools.gnu-tools-for-stm32.10.3-2021.10.win32_1.0.0.202111181127/tools/bin/../lib/gcc/arm-none-eabi/10.3.1/../../../../arm-none-eabi/lib/thumb/v6-m/nofp\libc.a(lib_a-atof.o)
                              ./BOS/BOS_CLI.o (atof)
c:/st/stm32cubeide_1.9.0/stm32cubeide/plugins/com.st.stm32cube.ide.mcu.externaltools.gnu-tools-for-stm32.10.3-2021.10.win32_1.0.0.202111181127/tools/bin/../lib/gcc/arm-none-eabi/10.3.1/../../../../arm-none-eabi/lib/thumb/v6-m/nofp\libc.a(lib_a-atoi.o)
                              ./BOS/BOS_CLI.o (atoi)
c:/st/stm32cubeide_1.9.0/stm32cubeide/plugins/com.st.stm32cube.ide.mcu.externaltools.gnu-tools-for-stm32.10.3-2021.10.win32_1.0.0.202111181127/tools/bin/../lib/gcc/arm-none-eabi/10.3.1/../../../../arm-none-eabi/lib/thumb/v6-m/nofp\libc.a(lib_a-atol.o)
                              ./BOS/BOS.o (atol)
c:/st/stm32cubeide_1.9.0/stm32cubeide/plugins/com.st.stm32cube.ide.mcu.externaltools.gnu-tools-for-stm32.10.3-2021.10.win32_1.0.0.202111181127/tools/bin/../lib/gcc/arm-none-eabi/10.3.1/../../../../arm-none-eabi/lib/thumb/v6-m/nofp\libc.a(lib_a-calloc.o)
                              ./BOS/BOS.o (calloc)
c:/st/stm32cubeide_1.9.0/stm32cubeide/plugins/com.st.stm32cube.ide.mcu.externaltools.gnu-tools-for-stm32.10.3-2021.10.win32_1.0.0.202111181127/tools/bin/../lib/gcc/arm-none-eabi/10.3.1/../../../../arm-none-eabi/lib/thumb/v6-m/nofp\libc.a(lib_a-callocr.o)
                              c:/st/stm32cubeide_1.9.0/stm32cubeide/plugins/com.st.stm32cube.ide.mcu.externaltools.gnu-tools-for-stm32.10.3-2021.10.win32_1.0.0.202111181127/tools/bin/../lib/gcc/arm-none-eabi/10.3.1/../../../../arm-none-eabi/lib/thumb/v6-m/nofp\libc.a(lib_a-calloc.o) (_calloc_r)
c:/st/stm32cubeide_1.9.0/stm32cubeide/plugins/com.st.stm32cube.ide.mcu.externaltools.gnu-tools-for-stm32.10.3-2021.10.win32_1.0.0.202111181127/tools/bin/../lib/gcc/arm-none-eabi/10.3.1/../../../../arm-none-eabi/lib/thumb/v6-m/nofp\libc.a(lib_a-ctype_.o)
                              ./BOS/BOS_CLI.o (_ctype_)
c:/st/stm32cubeide_1.9.0/stm32cubeide/plugins/com.st.stm32cube.ide.mcu.externaltools.gnu-tools-for-stm32.10.3-2021.10.win32_1.0.0.202111181127/tools/bin/../lib/gcc/arm-none-eabi/10.3.1/../../../../arm-none-eabi/lib/thumb/v6-m/nofp\libc.a(lib_a-errno.o)
                              c:/st/stm32cubeide_1.9.0/stm32cubeide/plugins/com.st.stm32cube.ide.mcu.externaltools.gnu-tools-for-stm32.10.3-2021.10.win32_1.0.0.202111181127/tools/bin/../lib/gcc/arm-none-eabi/10.3.1/../../../../arm-none-eabi/lib/thumb/v6-m/nofp\libc.a(lib_a-callocr.o) (__errno)
c:/st/stm32cubeide_1.9.0/stm32cubeide/plugins/com.st.stm32cube.ide.mcu.externaltools.gnu-tools-for-stm32.10.3-2021.10.win32_1.0.0.202111181127/tools/bin/../lib/gcc/arm-none-eabi/10.3.1/../../../../arm-none-eabi/lib/thumb/v6-m/nofp\libc.a(lib_a-exit.o)
                              c:/st/stm32cubeide_1.9.0/stm32cubeide/plugins/com.st.stm32cube.ide.mcu.externaltools.gnu-tools-for-stm32.10.3-2021.10.win32_1.0.0.202111181127/tools/bin/../lib/gcc/arm-none-eabi/10.3.1/../../../../arm-none-eabi/lib/thumb/v6-m/nofp/crt0.o (exit)
c:/st/stm32cubeide_1.9.0/stm32cubeide/plugins/com.st.stm32cube.ide.mcu.externaltools.gnu-tools-for-stm32.10.3-2021.10.win32_1.0.0.202111181127/tools/bin/../lib/gcc/arm-none-eabi/10.3.1/../../../../arm-none-eabi/lib/thumb/v6-m/nofp\libc.a(lib_a-impure.o)
                              c:/st/stm32cubeide_1.9.0/stm32cubeide/plugins/com.st.stm32cube.ide.mcu.externaltools.gnu-tools-for-stm32.10.3-2021.10.win32_1.0.0.202111181127/tools/bin/../lib/gcc/arm-none-eabi/10.3.1/../../../../arm-none-eabi/lib/thumb/v6-m/nofp\libc.a(lib_a-exit.o) (_global_impure_ptr)
c:/st/stm32cubeide_1.9.0/stm32cubeide/plugins/com.st.stm32cube.ide.mcu.externaltools.gnu-tools-for-stm32.10.3-2021.10.win32_1.0.0.202111181127/tools/bin/../lib/gcc/arm-none-eabi/10.3.1/../../../../arm-none-eabi/lib/thumb/v6-m/nofp\libc.a(lib_a-init.o)
                              c:/st/stm32cubeide_1.9.0/stm32cubeide/plugins/com.st.stm32cube.ide.mcu.externaltools.gnu-tools-for-stm32.10.3-2021.10.win32_1.0.0.202111181127/tools/bin/../lib/gcc/arm-none-eabi/10.3.1/../../../../arm-none-eabi/lib/thumb/v6-m/nofp/crt0.o (__libc_init_array)
c:/st/stm32cubeide_1.9.0/stm32cubeide/plugins/com.st.stm32cube.ide.mcu.externaltools.gnu-tools-for-stm32.10.3-2021.10.win32_1.0.0.202111181127/tools/bin/../lib/gcc/arm-none-eabi/10.3.1/../../../../arm-none-eabi/lib/thumb/v6-m/nofp\libc.a(lib_a-malloc.o)
                              ./BOS/BOS.o (malloc)
c:/st/stm32cubeide_1.9.0/stm32cubeide/plugins/com.st.stm32cube.ide.mcu.externaltools.gnu-tools-for-stm32.10.3-2021.10.win32_1.0.0.202111181127/tools/bin/../lib/gcc/arm-none-eabi/10.3.1/../../../../arm-none-eabi/lib/thumb/v6-m/nofp\libc.a(lib_a-mallocr.o)
[...]
Memory Configuration

Name             Origin             Length             Attributes
RAM              0x0000000020000000 0x0000000000008000 xrw
FLASH            0x0000000008000000 0x0000000000020000 xr
*default*        0x0000000000000000 0xffffffffffffffff

Linker script and memory map

LOAD c:/st/stm32cubeide_1.9.0/stm32cubeide/plugins/com.st.stm32cube.ide.mcu.externaltools.gnu-tools-for-stm32.10.3-2021.10.win32_1.0.0.202111181127/tools/bin/../lib/gcc/arm-none-eabi/10.3.1/thumb/v6-m/nofp/crti.o
LOAD c:/st/stm32cubeide_1.9.0/stm32cubeide/plugins/com.st.stm32cube.ide.mcu.externaltools.gnu-tools-for-stm32.10.3-2021.10.win32_1.0.0.202111181127/tools/bin/../lib/gcc/arm-none-eabi/10.3.1/thumb/v6-m/nofp/crtbegin.o
LOAD c:/st/stm32cubeide_1.9.0/stm32cubeide/plugins/com.st.stm32cube.ide.mcu.externaltools.gnu-tools-for-stm32.10.3-2021.10.win32_1.0.0.202111181127/tools/bin/../lib/gcc/arm-none-eabi/10.3.1/../../../../arm-none-eabi/lib/thumb/v6-m/nofp/crt0.o
LOAD ./BOS/BOS.o
LOAD ./BOS/BOS_CLI.o
LOAD ./BOS/BOS_CLIcommands.o
LOAD ./BOS/BOS_dma.o
LOAD ./BOS/BOS_freertos.o
LOAD ./BOS/BOS_messaging.o
LOAD ./BOS/BOS_msgparser.o
LOAD ./H0FR1/H0FR1.o
LOAD ./H0FR1/H0FR1_adc.o
LOAD ./H0FR1/H0FR1_dma.o
LOAD ./H0FR1/H0FR1_eeprom.o
LOAD ./H0FR1/H0FR1_gpio.o
LOAD ./H0FR1/H0FR1_inputs.o
LOAD ./H0FR1/H0FR1_it.o
LOAD ./H0FR1/H0FR1_rtc.o
LOAD ./H0FR1/H0FR1_timers.o
LOAD ./H0FR1/H0FR1_uart.o
LOAD ./H0FR1/startup_stm32f091xc.o
LOAD ./Thirdparty/CMSIS/STM32F0xx/Device/ST/STM32F0xx/Source/Templates/system_stm32f0xx.o
LOAD ./Thirdparty/Middleware/STM32F0xx/FreeRTOS/Source/CMSIS_RTOS/cmsis_os.o
LOAD ./Thirdparty/Middleware/STM32F0xx/FreeRTOS/Source/FreeRTOS_CLI.o
LOAD ./Thirdparty/Middleware/STM32F0xx/FreeRTOS/Source/croutine.o
LOAD ./Thirdparty/Middleware/STM32F0xx/FreeRTOS/Source/event_groups.o
LOAD ./Thirdparty/Middleware/STM32F0xx/FreeRTOS/Source/list.o
LOAD ./Thirdparty/Middleware/STM32F0xx/FreeRTOS/Source/queue.o
LOAD ./Thirdparty/Middleware/STM32F0xx/FreeRTOS/Source/tasks.o
LOAD ./Thirdparty/Middleware/STM32F0xx/FreeRTOS/Source/timers.o
LOAD ./Thirdparty/Middleware/STM32F0xx/FreeRTOS/Source/portable/GCC/ARM_CM0/port.o
LOAD ./Thirdparty/Middleware/STM32F0xx/FreeRTOS/Source/portable/MemMang/heap_4.o
LOAD ./Thirdparty/STM32F0xx_HAL_Driver/Src/stm32f0xx_hal.o
LOAD ./Thirdparty/STM32F0xx_HAL_Driver/Src/stm32f0xx_hal_adc.o
LOAD ./Thirdparty/STM32F0xx_HAL_Driver/Src/stm32f0xx_hal_adc_ex.o
LOAD ./Thirdparty/STM32F0xx_HAL_Driver/Src/stm32f0xx_hal_can.o
LOAD ./Thirdparty/STM32F0xx_HAL_Driver/Src/stm32f0xx_hal_cec.o
LOAD ./Thirdparty/STM32F0xx_HAL_Driver/Src/stm32f0xx_hal_comp.o
LOAD ./Thirdparty/STM32F0xx_HAL_Driver/Src/stm32f0xx_hal_cortex.o
LOAD ./Thirdparty/STM32F0xx_HAL_Driver/Src/stm32f0xx_hal_crc.o
LOAD ./Thirdparty/STM32F0xx_HAL_Driver/Src/stm32f0xx_hal_crc_ex.o
LOAD ./Thirdparty/STM32F0xx_HAL_Driver/Src/stm32f0xx_hal_dac.o
LOAD ./Thirdparty/STM32F0xx_HAL_Driver/Src/stm32f0xx_hal_dac_ex.o
LOAD ./Thirdparty/STM32F0xx_HAL_Driver/Src/stm32f0xx_hal_dma.o
LOAD ./Thirdparty/STM32F0xx_HAL_Driver/Src/stm32f0xx_hal_flash.o
LOAD ./Thirdparty/STM32F0xx_HAL_Driver/Src/stm32f0xx_hal_flash_ex.o
LOAD ./Thirdparty/STM32F0xx_HAL_Driver/Src/stm32f0xx_hal_gpio.o
LOAD ./Thirdparty/STM32F0xx_HAL_Driver/Src/stm32f0xx_hal_i2c.o
LOAD ./Thirdparty/STM32F0xx_HAL_Driver/Src/stm32f0xx_hal_i2c_ex.o
LOAD ./Thirdparty/STM32F0xx_HAL_Driver/Src/stm32f0xx_hal_i2s.o
LOAD ./Thirdparty/STM32F0xx_HAL_Driver/Src/stm32f0xx_hal_irda.o
LOAD ./Thirdparty/STM32F0xx_HAL_Driver/Src/stm32f0xx_hal_iwdg.o
LOAD ./Thirdparty/STM32F0xx_HAL_Driver/Src/stm32f0xx_hal_msp_template.o
LOAD ./Thirdparty/STM32F0xx_HAL_Driver/Src/stm32f0xx_hal_pcd.o
LOAD ./Thirdparty/STM32F0xx_HAL_Driver/Src/stm32f0xx_hal_pcd_ex.o
LOAD ./Thirdparty/STM32F0xx_HAL_Driver/Src/stm32f0xx_hal_pwr.o
LOAD ./Thirdparty/STM32F0xx_HAL_Driver/Src/stm32f0xx_hal_pwr_ex.o
LOAD ./Thirdparty/STM32F0xx_HAL_Driver/Src/stm32f0xx_hal_rcc.o
LOAD ./Thirdparty/STM32F0xx_HAL_Driver/Src/stm32f0xx_hal_rcc_ex.o
LOAD ./Thirdparty/STM32F0xx_HAL_Driver/Src/stm32f0xx_hal_rtc.o
LOAD ./Thirdparty/STM32F0xx_HAL_Driver/Src/stm32f0xx_hal_rtc_ex.o
LOAD ./Thirdparty/STM32F0xx_HAL_Driver/Src/stm32f0xx_hal_smartcard.o
LOAD ./Thirdparty/STM32F0xx_HAL_Driver/Src/stm32f0xx_hal_smartcard_ex.o
LOAD ./Thirdparty/STM32F0xx_HAL_Driver/Src/stm32f0xx_hal_smbus.o
LOAD ./Thirdparty/STM32F0xx_HAL_Driver/Src/stm32f0xx_hal_spi.o
LOAD ./Thirdparty/STM32F0xx_HAL_Driver/Src/stm32f0xx_hal_spi_ex.o
LOAD ./Thirdparty/STM32F0xx_HAL_Driver/Src/stm32f0xx_hal_tim.o
LOAD ./Thirdparty/STM32F0xx_HAL_Driver/Src/stm32f0xx_hal_tim_ex.o
LOAD ./Thirdparty/STM32F0xx_HAL_Driver/Src/stm32f0xx_hal_tsc.o
LOAD ./Thirdparty/STM32F0xx_HAL_Driver/Src/stm32f0xx_hal_uart.o
LOAD ./Thirdparty/STM32F0xx_HAL_Driver/Src/stm32f0xx_hal_uart_ex.o
LOAD ./Thirdparty/STM32F0xx_HAL_Driver/Src/stm32f0xx_hal_usart.o
LOAD ./Thirdparty/STM32F0xx_HAL_Driver/Src/stm32f0xx_hal_wwdg.o
LOAD ./User/main.o
START GROUP
LOAD c:/st/stm32cubeide_1.9.0/stm32cubeide/plugins/com.st.stm32cube.ide.mcu.externaltools.gnu-tools-for-stm32.10.3-2021.10.win32_1.0.0.202111181127/tools/bin/../lib/gcc/arm-none-eabi/10.3.1/../../../../arm-none-eabi/lib/thumb/v6-m/nofp\libc.a
LOAD c:/st/stm32cubeide_1.9.0/stm32cubeide/plugins/com.st.stm32cube.ide.mcu.externaltools.gnu-tools-for-stm32.10.3-2021.10.win32_1.0.0.202111181127/tools/bin/../lib/gcc/arm-none-eabi/10.3.1/../../../../arm-none-eabi/lib/thumb/v6-m/nofp\libm.a
END GROUP
START GROUP
LOAD c:/st/stm32cubeide_1.9.0/stm32cubeide/plugins/com.st.stm32cube.ide.mcu.externaltools.gnu-tools-for-stm32.10.3-2021.10.win32_1.0.0.202111181127/tools/bin/../lib/gcc/arm-none-eabi/10.3.1/thumb/v6-m/nofp\libgcc.a
LOAD c:/st/stm32cubeide_1.9.0/stm32cubeide/plugins/com.st.stm32cube.ide.mcu.externaltools.gnu-tools-for-stm32.10.3-2021.10.win32_1.0.0.202111181127/tools/bin/../lib/gcc/arm-none-eabi/10.3.1/../../../../arm-none-eabi/lib/thumb/v6-m/nofp\libc.a
END GROUP
START GROUP
LOAD c:/st/stm32cubeide_1.9.0/stm32cubeide/plugins/com.st.stm32cube.ide.mcu.externaltools.gnu-tools-for-stm32.10.3-2021.10.win32_1.0.0.202111181127/tools/bin/../lib/gcc/arm-none-eabi/10.3.1/thumb/v6-m/nofp\libgcc.a
LOAD c:/st/stm32cubeide_1.9.0/stm32cubeide/plugins/com.st.stm32cube.ide.mcu.externaltools.gnu-tools-for-stm32.10.3-2021.10.win32_1.0.0.202111181127/tools/bin/../lib/gcc/arm-none-eabi/10.3.1/../../../../arm-none-eabi/lib/thumb/v6-m/nofp\libc.a
LOAD c:/st/stm32cubeide_1.9.0/stm32cubeide/plugins/com.st.stm32cube.ide.mcu.externaltools.gnu-tools-for-stm32.10.3-2021.10.win32_1.0.0.202111181127/tools/bin/../lib/gcc/arm-none-eabi/10.3.1/../../../../arm-none-eabi/lib/thumb/v6-m/nofp\libnosys.a
END GROUP
LOAD c:/st/stm32cubeide_1.9.0/stm32cubeide/plugins/com.st.stm32cube.ide.mcu.externaltools.gnu-tools-for-stm32.10.3-2021.10.win32_1.0.0.202111181127/tools/bin/../lib/gcc/arm-none-eabi/10.3.1/thumb/v6-m/nofp/crtend.o
LOAD c:/st/stm32cubeide_1.9.0/stm32cubeide/plugins/com.st.stm32cube.ide.mcu.externaltools.gnu-tools-for-stm32.10.3-2021.10.win32_1.0.0.202111181127/tools/bin/../lib/gcc/arm-none-eabi/10.3.1/thumb/v6-m/nofp/crtn.o
                0x0000000020008000                _estack = 0x20008000
                0x0000000000000200                _Min_Heap_Size = 0x200
                0x0000000000000400                _Min_Stack_Size = 0x400

.isr_vector     0x0000000008000000       0xbc
                0x0000000008000000                . = ALIGN (0x4)
 *(.isr_vector)
 .isr_vector    0x0000000008000000       0xbc ./H0FR1/startup_stm32f091xc.o
                0x0000000008000000                g_pfnVectors
                0x00000000080000bc                . = ALIGN (0x4)

.text           0x00000000080000bc    0x191f4
                0x00000000080000bc                . = ALIGN (0x4)
 *(.text)
 .text          0x00000000080000bc       0x48 c:/st/stm32cubeide_1.9.0/stm32cubeide/plugins/com.st.stm32cube.ide.mcu.externaltools.gnu-tools-for-stm32.10.3-2021.10.win32_1.0.0.202111181127/tools/bin/../lib/gcc/arm-none-eabi/10.3.1/thumb/v6-m/nofp/crtbegin.o
 .text          0x0000000008000104       0x14 c:/st/stm32cubeide_1.9.0/stm32cubeide/plugins/com.st.stm32cube.ide.mcu.externaltools.gnu-tools-for-stm32.10.3-2021.10.win32_1.0.0.202111181127/tools/bin/../lib/gcc/arm-none-eabi/10.3.1/../../../../arm-none-eabi/lib/thumb/v6-m/nofp\libc.a(lib_a-strcmp.o)
                0x0000000008000104                strcmp
 .text          0x0000000008000118        0xe c:/st/stm32cubeide_1.9.0/stm32cubeide/plugins/com.st.stm32cube.ide.mcu.externaltools.gnu-tools-for-stm32.10.3-2021.10.win32_1.0.0.202111181127/tools/bin/../lib/gcc/arm-none-eabi/10.3.1/../../../../arm-none-eabi/lib/thumb/v6-m/nofp\libc.a(lib_a-strlen.o)
                0x0000000008000118                strlen
 *fill*         0x0000000008000126        0x2 
 .text          0x0000000008000128       0x14 c:/st/stm32cubeide_1.9.0/stm32cubeide/plugins/com.st.stm32cube.ide.mcu.externaltools.gnu-tools-for-stm32.10.3-2021.10.win32_1.0.0.202111181127/tools/bin/../lib/gcc/arm-none-eabi/10.3.1/thumb/v6-m/nofp\libgcc.a(_thumb1_case_uqi.o)
                0x0000000008000128                __gnu_thumb1_case_uqi
 .text          0x000000000800013c       0x14 c:/st/stm32cubeide_1.9.0/stm32cubeide/plugins/com.st.stm32cube.ide.mcu.externaltools.gnu-tools-for-stm32.10.3-2021.10.win32_1.0.0.202111181127/tools/bin/../lib/gcc/arm-none-eabi/10.3.1/thumb/v6-m/nofp\libgcc.a(_thumb1_case_uhi.o)
                0x000000000800013c                __gnu_thumb1_case_uhi
 .text          0x0000000008000150      0x114 c:/st/stm32cubeide_1.9.0/stm32cubeide/plugins/com.st.stm32cube.ide.mcu.externaltools.gnu-tools-for-stm32.10.3-2021.10.win32_1.0.0.202111181127/tools/bin/../lib/gcc/arm-none-eabi/10.3.1/thumb/v6-m/nofp\libgcc.a(_udivsi3.o)
                0x0000000008000150                __aeabi_uidiv
                0x0000000008000150                __udivsi3
                0x000000000800025c                __aeabi_uidivmod
 .text          0x0000000008000264      0x1d4 c:/st/stm32cubeide_1.9.0/stm32cubeide/plugins/com.st.stm32cube.ide.mcu.externaltools.gnu-tools-for-stm32.10.3-2021.10.win32_1.0.0.202111181127/tools/bin/../lib/gcc/arm-none-eabi/10.3.1/thumb/v6-m/nofp\libgcc.a(_divsi3.o)
                0x0000000008000264                __divsi3
                0x0000000008000264                __aeabi_idiv
                0x0000000008000430                __aeabi_idivmod
 .text          0x0000000008000438        0x4 c:/st/stm32cubeide_1.9.0/stm32cubeide/plugins/com.st.stm32cube.ide.mcu.externaltools.gnu-tools-for-stm32.10.3-2021.10.win32_1.0.0.202111181127/tools/bin/../lib/gcc/arm-none-eabi/10.3.1/thumb/v6-m/nofp\libgcc.a(_dvmd_tls.o)
                0x0000000008000438                __aeabi_idiv0
                0x0000000008000438                __aeabi_ldiv0
 .text          0x000000000800043c       0x7c c:/st/stm32cubeide_1.9.0/stm32cubeide/plugins/com.st.stm32cube.ide.mcu.externaltools.gnu-tools-for-stm32.10.3-2021.10.win32_1.0.0.202111181127/tools/bin/../lib/gcc/arm-none-eabi/10.3.1/thumb/v6-m/nofp\libgcc.a(_arm_cmpdf2.o)
                0x000000000800043c                __aeabi_cdrcmple
                0x000000000800044c                __aeabi_cdcmple
                0x000000000800044c                __aeabi_cdcmpeq
                0x000000000800045c                __aeabi_dcmpeq
                0x0000000008000468                __aeabi_dcmplt
                0x000000000800047c                __aeabi_dcmple
                0x0000000008000490                __aeabi_dcmpgt
                0x00000000080004a4                __aeabi_dcmpge
 .text          0x00000000080004b8       0x74 c:/st/stm32cubeide_1.9.0/stm32cubeide/plugins/com.st.stm32cube.ide.mcu.externaltools.gnu-tools-for-stm32.10.3-2021.10.win32_1.0.0.202111181127/tools/bin/../lib/gcc/arm-none-eabi/10.3.1/thumb/v6-m/nofp\libgcc.a(_arm_cmpsf2.o)
                0x00000000080004b8                __aeabi_cfrcmple
                0x00000000080004c0                __aeabi_cfcmpeq
                0x00000000080004c0                __aeabi_cfcmple
                0x00000000080004d0                __aeabi_fcmpeq
                0x00000000080004dc                __aeabi_fcmplt
                0x00000000080004f0                __aeabi_fcmple
                0x0000000008000504                __aeabi_fcmpgt
                0x0000000008000518                __aeabi_fcmpge
 .text          0x000000000800052c       0x40 c:/st/stm32cubeide_1.9.0/stm32cubeide/plugins/com.st.stm32cube.ide.mcu.externaltools.gnu-tools-for-stm32.10.3-2021.10.win32_1.0.0.202111181127/tools/bin/../lib/gcc/arm-none-eabi/10.3.1/thumb/v6-m/nofp\libgcc.a(_aeabi_uldivmod.o)
                0x000000000800052c                __aeabi_uldivmod
 .text          0x000000000800056c       0x5c c:/st/stm32cubeide_1.9.0/stm32cubeide/plugins/com.st.stm32cube.ide.mcu.externaltools.gnu-tools-for-stm32.10.3-2021.10.win32_1.0.0.202111181127/tools/bin/../lib/gcc/arm-none-eabi/10.3.1/thumb/v6-m/nofp\libgcc.a(_muldi3.o)
                0x000000000800056c                __muldi3
                0x000000000800056c                __aeabi_lmul
 .text          0x00000000080005c8       0x30 c:/st/stm32cubeide_1.9.0/stm32cubeide/plugins/com.st.stm32cube.ide.mcu.externaltools.gnu-tools-for-stm32.10.3-2021.10.win32_1.0.0.202111181127/tools/bin/../lib/gcc/arm-none-eabi/10.3.1/thumb/v6-m/nofp\libgcc.a(_fixunssfsi.o)
                0x00000000080005c8                __fixunssfsi
                0x00000000080005c8                __aeabi_f2uiz
 .text          0x00000000080005f8       0x3c c:/st/stm32cubeide_1.9.0/stm32cubeide/plugins/com.st.stm32cube.ide.mcu.externaltools.gnu-tools-for-stm32.10.3-2021.10.win32_1.0.0.202111181127/tools/bin/../lib/gcc/arm-none-eabi/10.3.1/thumb/v6-m/nofp\libgcc.a(_fixunsdfsi.o)
                0x00000000080005f8                __aeabi_d2uiz
                0x00000000080005f8                __fixunsdfsi
 .text          0x0000000008000634       0x3c c:/st/stm32cubeide_1.9.0/stm32cubeide/plugins/com.st.stm32cube.ide.mcu.externaltools.gnu-tools-for-stm32.10.3-2021.10.win32_1.0.0.202111181127/tools/bin/../lib/gcc/arm-none-eabi/10.3.1/thumb/v6-m/nofp\libgcc.a(_fixdfdi.o)
                0x0000000008000634                __fixdfdi
                0x0000000008000634                __aeabi_d2lz
 .text          0x0000000008000670       0x3c c:/st/stm32cubeide_1.9.0/stm32cubeide/plugins/com.st.stm32cube.ide.mcu.externaltools.gnu-tools-for-stm32.10.3-2021.10.win32_1.0.0.202111181127/tools/bin/../lib/gcc/arm-none-eabi/10.3.1/thumb/v6-m/nofp\libgcc.a(_fixunsdfdi.o)
                0x0000000008000670                __fixunsdfdi
                0x0000000008000670                __aeabi_d2ulz
 .text          0x00000000080006ac       0x2c c:/st/stm32cubeide_1.9.0/stm32cubeide/plugins/com.st.stm32cube.ide.mcu.externaltools.gnu-tools-for-stm32.10.3-2021.10.win32_1.0.0.202111181127/tools/bin/../lib/gcc/arm-none-eabi/10.3.1/thumb/v6-m/nofp\libgcc.a(_floatdidf.o)
                0x00000000080006ac                __aeabi_l2d
                0x00000000080006ac                __floatdidf
 .text          0x00000000080006d8      0x198 c:/st/stm32cubeide_1.9.0/stm32cubeide/plugins/com.st.stm32cube.ide.mcu.externaltools.gnu-tools-for-stm32.10.3-2021.10.win32_1.0.0.202111181127/tools/bin/../lib/gcc/arm-none-eabi/10.3.1/thumb/v6-m/nofp\libgcc.a(_udivmoddi4.o)
                0x00000000080006d8                __udivmoddi4
 .text          0x0000000008000870       0x4c c:/st/stm32cubeide_1.9.0/stm32cubeide/plugins/com.st.stm32cube.ide.mcu.externaltools.gnu-tools-for-stm32.10.3-2021.10.win32_1.0.0.202111181127/tools/bin/../lib/gcc/arm-none-eabi/10.3.1/thumb/v6-m/nofp\libgcc.a(eqsf2.o)
                0x0000000008000870                __eqsf2
                0x0000000008000870                __nesf2
 .text          0x00000000080008bc       0x8c c:/st/stm32cubeide_1.9.0/stm32cubeide/plugins/com.st.stm32cube.ide.mcu.externaltools.gnu-tools-for-stm32.10.3-2021.10.win32_1.0.0.202111181127/tools/bin/../lib/gcc/arm-none-eabi/10.3.1/thumb/v6-m/nofp\libgcc.a(gesf2.o)
                0x00000000080008bc                __gesf2
                0x00000000080008bc                __gtsf2
 .text          0x0000000008000948       0x88 c:/st/stm32cubeide_1.9.0/stm32cubeide/plugins/com.st.stm32cube.ide.mcu.externaltools.gnu-tools-for-stm32.10.3-2021.10.win32_1.0.0.202111181127/tools/bin/../lib/gcc/arm-none-eabi/10.3.1/thumb/v6-m/nofp\libgcc.a(lesf2.o)
                0x0000000008000948                __ltsf2
                0x0000000008000948                __lesf2
 .text          0x00000000080009d0      0x24c c:/st/stm32cubeide_1.9.0/stm32cubeide/plugins/com.st.stm32cube.ide.mcu.externaltools.gnu-tools-for-stm32.10.3-2021.10.win32_1.0.0.202111181127/tools/bin/../lib/gcc/arm-none-eabi/10.3.1/thumb/v6-m/nofp\libgcc.a(mulsf3.o)
                0x00000000080009d0                __aeabi_fmul
 .text          0x0000000008000c1c      0x35c c:/st/stm32cubeide_1.9.0/stm32cubeide/plugins/com.st.stm32cube.ide.mcu.externaltools.gnu-tools-for-stm32.10.3-2021.10.win32_1.0.0.202111181127/tools/bin/../lib/gcc/arm-none-eabi/10.3.1/thumb/v6-m/nofp\libgcc.a(subsf3.o)
                0x0000000008000c1c                __aeabi_fsub
 .text          0x0000000008000f78       0x40 c:/st/stm32cubeide_1.9.0/stm32cubeide/plugins/com.st.stm32cube.ide.mcu.externaltools.gnu-tools-for-stm32.10.3-2021.10.win32_1.0.0.202111181127/tools/bin/../lib/gcc/arm-none-eabi/10.3.1/thumb/v6-m/nofp\libgcc.a(fixsfsi.o)
                0x0000000008000f78                __aeabi_f2iz
 .text          0x0000000008000fb8       0x84 c:/st/stm32cubeide_1.9.0/stm32cubeide/plugins/com.st.stm32cube.ide.mcu.externaltools.gnu-tools-for-stm32.10.3-2021.10.win32_1.0.0.202111181127/tools/bin/../lib/gcc/arm-none-eabi/10.3.1/thumb/v6-m/nofp\libgcc.a(floatunsisf.o)
                0x0000000008000fb8                __aeabi_ui2f
 .text          0x000000000800103c      0x678 c:/st/stm32cubeide_1.9.0/stm32cubeide/plugins/com.st.stm32cube.ide.mcu.externaltools.gnu-tools-for-stm32.10.3-2021.10.win32_1.0.0.202111181127/tools/bin/../lib/gcc/arm-none-eabi/10.3.1/thumb/v6-m/nofp\libgcc.a(adddf3.o)
                0x000000000800103c                __aeabi_dadd
 .text          0x00000000080016b4      0x5ec c:/st/stm32cubeide_1.9.0/stm32cubeide/plugins/com.st.stm32cube.ide.mcu.externaltools.gnu-tools-for-stm32.10.3-2021.10.win32_1.0.0.202111181127/tools/bin/../lib/gcc/arm-none-eabi/10.3.1/thumb/v6-m/nofp\libgcc.a(divdf3.o)
                0x00000000080016b4                __aeabi_ddiv
 .text          0x0000000008001ca0       0x84 c:/st/stm32cubeide_1.9.0/stm32cubeide/plugins/com.st.stm32cube.ide.mcu.externaltools.gnu-tools-for-stm32.10.3-2021.10.win32_1.0.0.202111181127/tools/bin/../lib/gcc/arm-none-eabi/10.3.1/thumb/v6-m/nofp\libgcc.a(eqdf2.o)
                0x0000000008001ca0                __nedf2
                0x0000000008001ca0                __eqdf2
 .text          0x0000000008001d24       0xcc c:/st/stm32cubeide_1.9.0/stm32cubeide/plugins/com.st.stm32cube.ide.mcu.externaltools.gnu-tools-for-stm32.10.3-2021.10.win32_1.0.0.202111181127/tools/bin/../lib/gcc/arm-none-eabi/10.3.1/thumb/v6-m/nofp\libgcc.a(gedf2.o)
                0x0000000008001d24                __gedf2
                0x0000000008001d24                __gtdf2
 .text          0x0000000008001df0       0xc8 c:/st/stm32cubeide_1.9.0/stm32cubeide/plugins/com.st.stm32cube.ide.mcu.externaltools.gnu-tools-for-stm32.10.3-2021.10.win32_1.0.0.202111181127/tools/bin/../lib/gcc/arm-none-eabi/10.3.1/thumb/v6-m/nofp\libgcc.a(ledf2.o)
                0x0000000008001df0                __ledf2
                0x0000000008001df0                __ltdf2
 .text          0x0000000008001eb8      0x4d8 c:/st/stm32cubeide_1.9.0/stm32cubeide/plugins/com.st.stm32cube.ide.mcu.externaltools.gnu-tools-for-stm32.10.3-2021.10.win32_1.0.0.202111181127/tools/bin/../lib/gcc/arm-none-eabi/10.3.1/thumb/v6-m/nofp\libgcc.a(muldf3.o)
                0x0000000008001eb8                __aeabi_dmul
 .text          0x0000000008002390      0x724 c:/st/stm32cubeide_1.9.0/stm32cubeide/plugins/com.st.stm32cube.ide.mcu.externaltools.gnu-tools-for-stm32.10.3-2021.10.win32_1.0.0.202111181127/tools/bin/../lib/gcc/arm-none-eabi/10.3.1/thumb/v6-m/nofp\libgcc.a(subdf3.o)
                0x0000000008002390                __aeabi_dsub
 .text          0x0000000008002ab4       0x3c c:/st/stm32cubeide_1.9.0/stm32cubeide/plugins/com.st.stm32cube.ide.mcu.externaltools.gnu-tools-for-stm32.10.3-2021.10.win32_1.0.0.202111181127/tools/bin/../lib/gcc/arm-none-eabi/10.3.1/thumb/v6-m/nofp\libgcc.a(unorddf2.o)
                0x0000000008002ab4                __aeabi_dcmpun
 .text          0x0000000008002af0       0x6c c:/st/stm32cubeide_1.9.0/stm32cubeide/plugins/com.st.stm32cube.ide.mcu.externaltools.gnu-tools-for-stm32.10.3-2021.10.win32_1.0.0.202111181127/tools/bin/../lib/gcc/arm-none-eabi/10.3.1/thumb/v6-m/nofp\libgcc.a(fixdfsi.o)
                0x0000000008002af0                __aeabi_d2iz
 .text          0x0000000008002b5c       0x60 c:/st/stm32cubeide_1.9.0/stm32cubeide/plugins/com.st.stm32cube.ide.mcu.externaltools.gnu-tools-for-stm32.10.3-2021.10.win32_1.0.0.202111181127/tools/bin/../lib/gcc/arm-none-eabi/10.3.1/thumb/v6-m/nofp\libgcc.a(floatsidf.o)
                0x0000000008002b5c                __aeabi_i2d
 .text          0x0000000008002bbc       0x4c c:/st/stm32cubeide_1.9.0/stm32cubeide/plugins/com.st.stm32cube.ide.mcu.externaltools.gnu-tools-for-stm32.10.3-2021.10.win32_1.0.0.202111181127/tools/bin/../lib/gcc/arm-none-eabi/10.3.1/thumb/v6-m/nofp\libgcc.a(floatunsidf.o)
                0x0000000008002bbc                __aeabi_ui2d
 .text          0x0000000008002c08       0x90 c:/st/stm32cubeide_1.9.0/stm32cubeide/plugins/com.st.stm32cube.ide.mcu.externaltools.gnu-tools-for-stm32.10.3-2021.10.win32_1.0.0.202111181127/tools/bin/../lib/gcc/arm-none-eabi/10.3.1/thumb/v6-m/nofp\libgcc.a(extendsfdf2.o)
                0x0000000008002c08                __aeabi_f2d
 .text          0x0000000008002c98      0x110 c:/st/stm32cubeide_1.9.0/stm32cubeide/plugins/com.st.stm32cube.ide.mcu.externaltools.gnu-tools-for-stm32.10.3-2021.10.win32_1.0.0.202111181127/tools/bin/../lib/gcc/arm-none-eabi/10.3.1/thumb/v6-m/nofp\libgcc.a(truncdfsf2.o)
                0x0000000008002c98                __aeabi_d2f
 .text          0x0000000008002da8       0x3c c:/st/stm32cubeide_1.9.0/stm32cubeide/plugins/com.st.stm32cube.ide.mcu.externaltools.gnu-tools-for-stm32.10.3-2021.10.win32_1.0.0.202111181127/tools/bin/../lib/gcc/arm-none-eabi/10.3.1/thumb/v6-m/nofp\libgcc.a(_clzsi2.o)
                0x0000000008002da8                __clzsi2
 .text          0x0000000008002de4       0x18 c:/st/stm32cubeide_1.9.0/stm32cubeide/plugins/com.st.stm32cube.ide.mcu.externaltools.gnu-tools-for-stm32.10.3-2021.10.win32_1.0.0.202111181127/tools/bin/../lib/gcc/arm-none-eabi/10.3.1/thumb/v6-m/nofp\libgcc.a(_clzdi2.o)
                0x0000000008002de4                __clzdi2
 *(.text*)
 .text.Processor_type
                0x0000000008002dfc       0x18 ./BOS/BOS.o
                0x0000000008002dfc                Processor_type
 .text.Send_BOS_Message
                0x0000000008002e14       0x9c ./BOS/BOS.o
                0x0000000008002e14                Send_BOS_Message
 .text.LoadROtopology
                0x0000000008002eb0       0xa0 ./BOS/BOS.o
                0x0000000008002eb0                LoadROtopology
 .text.LoadEEalias
                0x0000000008002f50       0x88 ./BOS/BOS.o
                0x0000000008002f50                LoadEEalias
 .text.LoadEEgroup
                0x0000000008002fd8       0xa8 ./BOS/BOS.o
                0x0000000008002fd8                LoadEEgroup
 .text.LoadEEstreams
                0x0000000008003080      0x11c ./BOS/BOS.o
                0x0000000008003080                LoadEEstreams
 .text.LoadEEparams
                0x000000000800319c      0x164 ./BOS/BOS.o
                0x000000000800319c                LoadEEparams
 .text.LoadEEbuttons
                0x0000000008003300       0xf8 ./BOS/BOS.o
                0x0000000008003300                LoadEEbuttons
 .text.LoadROsnippets
                0x00000000080033f8      0x100 ./BOS/BOS.o
                0x00000000080033f8                LoadROsnippets
 .text.LoadEEvars
                0x00000000080034f8       0x4c ./BOS/BOS.o
                0x00000000080034f8                LoadEEvars
 .text.SaveEEportsDir
                0x0000000008003544       0x50 ./BOS/BOS.o
                0x0000000008003544                SaveEEportsDir
 .text.SaveEEalias
                0x0000000008003594       0x88 ./BOS/BOS.o
                0x0000000008003594                SaveEEalias
 .text.SaveEEstreams
                0x000000000800361c       0x94 ./BOS/BOS.o
                0x000000000800361c                SaveEEstreams
 .text.SaveEEparams
                0x00000000080036b0       0x8c ./BOS/BOS.o
                0x00000000080036b0                SaveEEparams
 .text.ClearEEportsDir
                0x000000000800373c       0x58 ./BOS/BOS.o
                0x000000000800373c                ClearEEportsDir
 .text.IsLowerCLIbaud
                0x0000000008003794       0x9c ./BOS/BOS.o
                0x0000000008003794                IsLowerCLIbaud
 .text.IsModuleParameter
                0x0000000008003830       0x18 ./BOS/BOS.o
                0x0000000008003830                IsModuleParameter
 .text.IsMathOperator
                0x0000000008003848       0x84 ./BOS/BOS.o
                0x0000000008003848                IsMathOperator
 .text.BOS_Init
                0x00000000080038cc      0x12c ./BOS/BOS.o
                0x00000000080038cc                BOS_Init
 .text.Module_Init
                0x00000000080039f8       0x18 ./BOS/BOS.o
                0x00000000080039f8                Module_Init
 .text.ExploreNeighbors
                0x0000000008003a10       0x58 ./BOS/BOS.o
                0x0000000008003a10                ExploreNeighbors
 .text.FindBroadcastRoutes
                0x0000000008003a68      0x148 ./BOS/BOS.o
                0x0000000008003a68                FindBroadcastRoutes
 .text.FindRoute
                0x0000000008003bb0      0x1e0 ./BOS/BOS.o
                0x0000000008003bb0                FindRoute
 .text.DisplayTopology
                0x0000000008003d90      0x1a8 ./BOS/BOS.o
                0x0000000008003d90                DisplayTopology
 .text.DisplayPortsDir
                0x0000000008003f38      0x100 ./BOS/BOS.o
                0x0000000008003f38                DisplayPortsDir
 .text.DisplayModuleStatus
                0x0000000008004038      0x2f4 ./BOS/BOS.o
                0x0000000008004038                DisplayModuleStatus
 .text.GetID    0x000000000800432c       0xc4 ./BOS/BOS.o
                0x000000000800432c                GetID
 .text.NameModule
                0x00000000080043f0       0xcc ./BOS/BOS.o
                0x00000000080043f0                NameModule
 .text.AddModuleToGroup
                0x00000000080044bc      0x114 ./BOS/BOS.o
                0x00000000080044bc                AddModuleToGroup
 .text.WriteToRemote
                0x00000000080045d0      0x26c ./BOS/BOS.o
                0x00000000080045d0                WriteToRemote
 .text.GetDateString
                0x000000000800483c       0x44 ./BOS/BOS.o
                0x000000000800483c                GetDateString
 .text.Bridge   0x0000000008004880       0x28 ./BOS/BOS.o
                0x0000000008004880                Bridge
 .text.Unbridge
                0x00000000080048a8       0x94 ./BOS/BOS.o
                0x00000000080048a8                Unbridge
 .text.AddSnippet.part.0
                0x000000000800493c       0xa4 ./BOS/BOS_CLI.o
 .text.ParseSnippetCondition
                0x00000000080049e0      0x3ac ./BOS/BOS_CLI.o
                0x00000000080049e0                ParseSnippetCondition
 .text.CLI_CommandParser
                0x0000000008004d8c      0x458 ./BOS/BOS_CLI.o
                0x0000000008004d8c                CLI_CommandParser
 .text.prvCLITask
                0x00000000080051e4      0x1b8 ./BOS/BOS_CLI.o
                0x00000000080051e4                prvCLITask
 .text.ParseSnippetCommand
                0x000000000800539c       0x74 ./BOS/BOS_CLI.o
                0x000000000800539c                ParseSnippetCommand
 .text.CheckSnippetCondition
                0x0000000008005410       0xcc ./BOS/BOS_CLI.o
                0x0000000008005410                CheckSnippetCondition
 .text.ExecuteSnippet
                0x00000000080054dc       0xb0 ./BOS/BOS_CLI.o
                0x00000000080054dc                ExecuteSnippet
 .text.exploreCommand
                0x000000000800558c        0x4 ./BOS/BOS_CLIcommands.o
 .text.resetCommand
                0x0000000008005590       0x1c ./BOS/BOS_CLIcommands.o
 .text.setBaudrateCommand
                0x00000000080055ac       0x78 ./BOS/BOS_CLIcommands.o
 .text.flashsizeCommand
                0x0000000008005624       0x18 ./BOS/BOS_CLIcommands.o
 .text.GetReadPrecentageCommand
                0x000000000800563c       0x58 ./BOS/BOS_CLIcommands.o
 .text.ReadVrefCommand
                0x0000000008005694       0x38 ./BOS/BOS_CLIcommands.o
 .text.ReadTempCommand
                0x00000000080056cc       0x38 ./BOS/BOS_CLIcommands.o
 .text.ADCReadCommand
                0x0000000008005704       0xb0 ./BOS/BOS_CLIcommands.o
 .text.testportCommand
                0x00000000080057b4      0x1b0 ./BOS/BOS_CLIcommands.o
 .text.unbridgeCommand
                0x0000000008005964       0xa8 ./BOS/BOS_CLIcommands.o
 .text.bridgeCommand
                0x0000000008005a0c       0xa8 ./BOS/BOS_CLIcommands.o
 .text.delSnipCommand
                0x0000000008005ab4       0xe8 ./BOS/BOS_CLIcommands.o
 .text.pauseSnipCommand
                0x0000000008005b9c       0x68 ./BOS/BOS_CLIcommands.o
 .text.actSnipCommand
                0x0000000008005c04       0x6c ./BOS/BOS_CLIcommands.o
 .text.snipCommand
                0x0000000008005c70      0x218 ./BOS/BOS_CLIcommands.o
 .text.idcodeCommand
                0x0000000008005e88       0xa0 ./BOS/BOS_CLIcommands.o
 .text.uuidCommand
                0x0000000008005f28       0x64 ./BOS/BOS_CLIcommands.o
 .text.dateCommand
                0x0000000008005f8c       0x20 ./BOS/BOS_CLIcommands.o
 .text.getCommand
                0x0000000008005fac      0x234 ./BOS/BOS_CLIcommands.o
 .text.defaultCommand
                0x00000000080061e0       0xb4 ./BOS/BOS_CLIcommands.o
 .text.setCommand
                0x0000000008006294      0x808 ./BOS/BOS_CLIcommands.o
 .text.removebuttonCommand
                0x0000000008006a9c       0x4c ./BOS/BOS_CLIcommands.o
 .text.addbuttonCommand
                0x0000000008006ae8       0xcc ./BOS/BOS_CLIcommands.o
 .text.scastCommand
                0x0000000008006bb4      0x190 ./BOS/BOS_CLIcommands.o
 .text.infoCommand
                0x0000000008006d44       0xf8 ./BOS/BOS_CLIcommands.o
 .text.statusCommand
                0x0000000008006e3c        0xc ./BOS/BOS_CLIcommands.o
 .text.groupCommand
                0x0000000008006e48      0x1b4 ./BOS/BOS_CLIcommands.o
 .text.nameCommand
                0x0000000008006ffc       0x88 ./BOS/BOS_CLIcommands.o
 .text.pingCommand
                0x0000000008007084       0x5c ./BOS/BOS_CLIcommands.o
 .text.prvRunTimeStatsCommand
                0x00000000080070e0       0x1c ./BOS/BOS_CLIcommands.o
 .text.prvTaskStatsCommand
                0x00000000080070fc       0x1c ./BOS/BOS_CLIcommands.o
 .text.timeCommand
                0x0000000008007118       0x74 ./BOS/BOS_CLIcommands.o
 .text.bootloaderUpdateCommand
                0x000000000800718c      0x178 ./BOS/BOS_CLIcommands.o
 .text.RegisterUserCLICommands
                0x0000000008007304        0x4 ./BOS/BOS_CLIcommands.o
                0x0000000008007304                RegisterUserCLICommands
 .text.vRegisterCLICommands
                0x0000000008007308      0x134 ./BOS/BOS_CLIcommands.o
                0x0000000008007308                vRegisterCLICommands
 .text.StartDMAstream
                0x000000000800743c       0x58 ./BOS/BOS_dma.o
                0x000000000800743c                StartDMAstream
 .text.DMA_IRQHandler
                0x0000000008007494       0x5c ./BOS/BOS_dma.o
                0x0000000008007494                DMA_IRQHandler
 .text.ResetUartORE
                0x00000000080074f0       0x38 ./BOS/BOS_dma.o
                0x00000000080074f0                ResetUartORE
 .text.ExecuteMonitor.part.0
                0x0000000008007528      0x360 ./BOS/BOS_freertos.o
 .text.StartDefaultTask
                0x0000000008007888       0xa4 ./BOS/BOS_freertos.o
                0x0000000008007888                StartDefaultTask
 .text.MX_FREERTOS_Init
                0x000000000800792c      0x1a4 ./BOS/BOS_freertos.o
                0x000000000800792c                MX_FREERTOS_Init
 .text.vMainConfigureTimerForRunTimeStats
                0x0000000008007ad0       0x20 ./BOS/BOS_freertos.o
                0x0000000008007ad0                vMainConfigureTimerForRunTimeStats
 .text.ulMainGetRunTimeCounterValue
                0x0000000008007af0       0x4c ./BOS/BOS_freertos.o
                0x0000000008007af0                ulMainGetRunTimeCounterValue
 .text.StreamTimerCallback
                0x0000000008007b3c       0x18 ./BOS/BOS_messaging.o
                0x0000000008007b3c                StreamTimerCallback
 .text.SetupDMAStreams
                0x0000000008007b54      0x19c ./BOS/BOS_messaging.o
                0x0000000008007b54                SetupDMAStreams
 .text.NotifyMessagingTask
                0x0000000008007cf0       0x48 ./BOS/BOS_messaging.o
                0x0000000008007cf0                NotifyMessagingTask
 .text.SendMessageFromPort
                0x0000000008007d38       0x2c ./BOS/BOS_messaging.o
                0x0000000008007d38                SendMessageFromPort
 .text.SendMessageFromPort.part.0
                0x0000000008007d64      0x3d8 ./BOS/BOS_messaging.o
 .text.BroadcastReceivedMessage
                0x000000000800813c       0x3c ./BOS/BOS_messaging.o
                0x000000000800813c                BroadcastReceivedMessage
 .text.BroadcastMessage
                0x0000000008008178       0x4c ./BOS/BOS_messaging.o
                0x0000000008008178                BroadcastMessage
 .text.ForwardReceivedMessage
                0x00000000080081c4       0x54 ./BOS/BOS_messaging.o
                0x00000000080081c4                ForwardReceivedMessage
 .text.SendMessageToModule
                0x0000000008008218       0x6c ./BOS/BOS_messaging.o
                0x0000000008008218                SendMessageToModule
 .text.StartScastDMAStream
                0x0000000008008284      0x18c ./BOS/BOS_messaging.o
                0x0000000008008284                StartScastDMAStream
 .text.BackEndTask
                0x0000000008008410      0x3a8 ./BOS/BOS_msgparser.o
                0x0000000008008410                BackEndTask
 .text.User_MessagingParser
                0x00000000080087b8        0x4 ./BOS/BOS_msgparser.o
                0x00000000080087b8                User_MessagingParser
 .text.PxMessagingTask
                0x00000000080087bc     0x1854 ./BOS/BOS_msgparser.o
                0x00000000080087bc                PxMessagingTask
 .text.ledModeCommand
                0x000000000800a010       0x98 ./H0FR1/H0FR1.o
                0x000000000800a010                ledModeCommand
 .text.SwitchTimerCallback
                0x000000000800a0a8       0x34 ./H0FR1/H0FR1.o
                0x000000000800a0a8                SwitchTimerCallback
 .text.offCommand
                0x000000000800a0dc       0x44 ./H0FR1/H0FR1.o
                0x000000000800a0dc                offCommand
 .text.toggleCommand
                0x000000000800a120       0x90 ./H0FR1/H0FR1.o
                0x000000000800a120                toggleCommand
 .text.SystemClock_Config
                0x000000000800a1b0       0xb0 ./H0FR1/H0FR1.o
                0x000000000800a1b0                SystemClock_Config
 .text.SaveToRO
                0x000000000800a260      0x208 ./H0FR1/H0FR1.o
                0x000000000800a260                SaveToRO
 .text.ClearROtopology
                0x000000000800a468       0x2c ./H0FR1/H0FR1.o
                0x000000000800a468                ClearROtopology
 .text.remoteBootloaderUpdate
                0x000000000800a494      0x110 ./H0FR1/H0FR1.o
                0x000000000800a494                remoteBootloaderUpdate
 .text.Module_Peripheral_Init
                0x000000000800a5a4       0x44 ./H0FR1/H0FR1.o
                0x000000000800a5a4                Module_Peripheral_Init
 .text.RegisterModuleCLICommands
                0x000000000800a5e8       0x28 ./H0FR1/H0FR1.o
                0x000000000800a5e8                RegisterModuleCLICommands
 .text.GetPort  0x000000000800a610       0x54 ./H0FR1/H0FR1.o
                0x000000000800a610                GetPort
 .text.Output_on
                0x000000000800a664       0x88 ./H0FR1/H0FR1.o
                0x000000000800a664                Output_on
 .text.onCommand
                0x000000000800a6ec       0x78 ./H0FR1/H0FR1.o
                0x000000000800a6ec                onCommand
 .text.Module_MessagingTask
                0x000000000800a764       0xdc ./H0FR1/H0FR1.o
                0x000000000800a764                Module_MessagingTask
 .text.DMA_Init
                0x000000000800a840      0x188 ./H0FR1/H0FR1_dma.o
                0x000000000800a840                DMA_Init
 .text.StopStreamDMA
                0x000000000800a9c8       0x30 ./H0FR1/H0FR1_dma.o
                0x000000000800a9c8                StopStreamDMA
 .text.SwitchMsgDMAToStream
                0x000000000800a9f8       0x40 ./H0FR1/H0FR1_dma.o
                0x000000000800a9f8                SwitchMsgDMAToStream
 .text.SetupDMAInterrupts
                0x000000000800aa38       0xbc ./H0FR1/H0FR1_dma.o
                0x000000000800aa38                SetupDMAInterrupts
 .text.UnSetupDMAInterrupts
                0x000000000800aaf4       0xa4 ./H0FR1/H0FR1_dma.o
                0x000000000800aaf4                UnSetupDMAInterrupts
 .text.DMA_MSG_TX_UnSetup
                0x000000000800ab98       0x14 ./H0FR1/H0FR1_dma.o
                0x000000000800ab98                DMA_MSG_TX_UnSetup
 .text.RemapAndLinkDMAtoUARTRx
                0x000000000800abac      0x5f0 ./H0FR1/H0FR1_dma.o
                0x000000000800abac                RemapAndLinkDMAtoUARTRx
 .text.DMA_STREAM_Setup
                0x000000000800b19c       0x40 ./H0FR1/H0FR1_dma.o
                0x000000000800b19c                DMA_STREAM_Setup
 .text.SwitchStreamDMAToMsg
                0x000000000800b1dc       0xbc ./H0FR1/H0FR1_dma.o
                0x000000000800b1dc                SwitchStreamDMAToMsg
 .text.SetupMessagingRxDMAs
                0x000000000800b298      0x138 ./H0FR1/H0FR1_dma.o
                0x000000000800b298                SetupMessagingRxDMAs
 .text.CRC_Init
                0x000000000800b3d0       0x28 ./H0FR1/H0FR1_dma.o
                0x000000000800b3d0                CRC_Init
 .text.HAL_CRC_MspInit
                0x000000000800b3f8       0x1c ./H0FR1/H0FR1_dma.o
                0x000000000800b3f8                HAL_CRC_MspInit
 .text.CalculateCRC8
                0x000000000800b414       0x8c ./H0FR1/H0FR1_dma.o
                0x000000000800b414                CalculateCRC8
 .text.EE_VerifyPageFullWriteVariable
                0x000000000800b4a0       0xbc ./H0FR1/H0FR1_eeprom.o
 .text.EE_ReadVariable
                0x000000000800b55c       0x58 ./H0FR1/H0FR1_eeprom.o
                0x000000000800b55c                EE_ReadVariable
 .text.EE_WriteVariable
                0x000000000800b5b4      0x128 ./H0FR1/H0FR1_eeprom.o
                0x000000000800b5b4                EE_WriteVariable
 .text.EE_Format
                0x000000000800b6dc       0xa0 ./H0FR1/H0FR1_eeprom.o
                0x000000000800b6dc                EE_Format
 .text.EE_Init  0x000000000800b77c      0x2c0 ./H0FR1/H0FR1_eeprom.o
                0x000000000800b77c                EE_Init
 .text.EraseSector
                0x000000000800ba3c       0x30 ./H0FR1/H0FR1_eeprom.o
                0x000000000800ba3c                EraseSector
 .text.GPIO_Init
                0x000000000800ba6c       0x84 ./H0FR1/H0FR1_gpio.o
                0x000000000800ba6c                GPIO_Init
 .text.Switch_Init
                0x000000000800baf0       0x24 ./H0FR1/H0FR1_gpio.o
                0x000000000800baf0                Switch_Init
 .text.GetPortGPIOs
                0x000000000800bb14       0xb8 ./H0FR1/H0FR1_gpio.o
                0x000000000800bb14                GetPortGPIOs
 .text.IsFactoryReset
                0x000000000800bbcc       0xf0 ./H0FR1/H0FR1_gpio.o
                0x000000000800bbcc                IsFactoryReset
 .text.buttonPressedCallback
                0x000000000800bcbc        0x4 ./H0FR1/H0FR1_inputs.o
                0x000000000800bcbc                buttonPressedCallback
 .text.CheckForTimedButtonPress
                0x000000000800bcc0       0x54 ./H0FR1/H0FR1_inputs.o
                0x000000000800bcc0                CheckForTimedButtonPress
 .text.CheckForTimedButtonRelease
                0x000000000800bd14       0x54 ./H0FR1/H0FR1_inputs.o
                0x000000000800bd14                CheckForTimedButtonRelease
 .text.AddPortButton
                0x000000000800bd68       0xf4 ./H0FR1/H0FR1_inputs.o
                0x000000000800bd68                AddPortButton
 .text.RemovePortButton
                0x000000000800be5c      0x118 ./H0FR1/H0FR1_inputs.o
                0x000000000800be5c                RemovePortButton
 .text.SetButtonEvents
                0x000000000800bf74      0x1cc ./H0FR1/H0FR1_inputs.o
                0x000000000800bf74                SetButtonEvents
 .text.MX_ADC_Init
                0x000000000800c140       0x68 ./H0FR1/H0FR1_inputs.o
                0x000000000800c140                MX_ADC_Init
 .text.HAL_ADC_MspInit
                0x000000000800c1a8       0x60 ./H0FR1/H0FR1_inputs.o
                0x000000000800c1a8                HAL_ADC_MspInit
 .text.ReadTempAndVref
                0x000000000800c208      0x198 ./H0FR1/H0FR1_inputs.o
                0x000000000800c208                ReadTempAndVref
 .text.GetReadPrecentage
                0x000000000800c3a0      0x184 ./H0FR1/H0FR1_inputs.o
                0x000000000800c3a0                GetReadPrecentage
 .text.Get_Rank
                0x000000000800c524       0x64 ./H0FR1/H0FR1_inputs.o
                0x000000000800c524                Get_Rank
 .text.ADCSelectChannel
                0x000000000800c588       0x9c ./H0FR1/H0FR1_inputs.o
                0x000000000800c588                ADCSelectChannel
 .text.ReadADCChannel
                0x000000000800c624      0x120 ./H0FR1/H0FR1_inputs.o
                0x000000000800c624                ReadADCChannel
 .text.buttonReleasedCallback
                0x000000000800c744        0x4 ./H0FR1/H0FR1_inputs.o
                0x000000000800c744                buttonReleasedCallback
 .text.buttonClickedCallback
                0x000000000800c748        0x4 ./H0FR1/H0FR1_inputs.o
                0x000000000800c748                buttonClickedCallback
 .text.buttonDblClickedCallback
                0x000000000800c74c        0x4 ./H0FR1/H0FR1_inputs.o
                0x000000000800c74c                buttonDblClickedCallback
 .text.buttonPressedForXCallback
                0x000000000800c750        0x4 ./H0FR1/H0FR1_inputs.o
                0x000000000800c750                buttonPressedForXCallback
 .text.buttonReleasedForYCallback
                0x000000000800c754        0x4 ./H0FR1/H0FR1_inputs.o
                0x000000000800c754                buttonReleasedForYCallback
 .text.CheckAttachedButtons
                0x000000000800c758      0x474 ./H0FR1/H0FR1_inputs.o
                0x000000000800c758                CheckAttachedButtons
 .text.NVIC_SystemReset
                0x000000000800cbcc       0x1c ./H0FR1/H0FR1_it.o
 .text.SysTick_Handler
                0x000000000800cbe8        0xc ./H0FR1/H0FR1_it.o
                0x000000000800cbe8                SysTick_Handler
 .text.HardFault_Handler
                0x000000000800cbf4       0x38 ./H0FR1/H0FR1_it.o
                0x000000000800cbf4                HardFault_Handler
 .text.USART1_IRQHandler
                0x000000000800cc2c       0x10 ./H0FR1/H0FR1_it.o
                0x000000000800cc2c                USART1_IRQHandler
 .text.USART2_IRQHandler
                0x000000000800cc3c       0x10 ./H0FR1/H0FR1_it.o
                0x000000000800cc3c                USART2_IRQHandler
 .text.USART3_8_IRQHandler
                0x000000000800cc4c       0x24 ./H0FR1/H0FR1_it.o
                0x000000000800cc4c                USART3_8_IRQHandler
 .text.DMA1_Ch2_3_DMA2_Ch1_2_IRQHandler
                0x000000000800cc70       0x40 ./H0FR1/H0FR1_it.o
                0x000000000800cc70                DMA1_Ch2_3_DMA2_Ch1_2_IRQHandler
 .text.DMA1_Ch4_7_DMA2_Ch3_5_IRQHandler
                0x000000000800ccb0       0x5c ./H0FR1/H0FR1_it.o
                0x000000000800ccb0                DMA1_Ch4_7_DMA2_Ch3_5_IRQHandler
 .text.ADC1_COMP_IRQHandler
                0x000000000800cd0c       0x10 ./H0FR1/H0FR1_it.o
                0x000000000800cd0c                ADC1_COMP_IRQHandler
 .text.HAL_UART_TxCpltCallback
                0x000000000800cd1c       0x30 ./H0FR1/H0FR1_it.o
                0x000000000800cd1c                HAL_UART_TxCpltCallback
 .text.HAL_UART_ErrorCallback
                0x000000000800cd4c       0x48 ./H0FR1/H0FR1_it.o
                0x000000000800cd4c                HAL_UART_ErrorCallback
 .text.HAL_UART_RxCpltCallback
                0x000000000800cd94      0x1d0 ./H0FR1/H0FR1_it.o
                0x000000000800cd94                HAL_UART_RxCpltCallback
 .text.vApplicationStackOverflowHook
                0x000000000800cf64       0x38 ./H0FR1/H0FR1_it.o
                0x000000000800cf64                vApplicationStackOverflowHook
 .text.vApplicationMallocFailedHook
                0x000000000800cf9c       0x38 ./H0FR1/H0FR1_it.o
                0x000000000800cf9c                vApplicationMallocFailedHook
 .text.RTC_CalendarConfig
                0x000000000800cfd4      0x100 ./H0FR1/H0FR1_rtc.o
                0x000000000800cfd4                RTC_CalendarConfig
 .text.RTC_Init
                0x000000000800d0d4       0x84 ./H0FR1/H0FR1_rtc.o
                0x000000000800d0d4                RTC_Init
 .text.BOS_CalendarConfig
                0x000000000800d158       0xbc ./H0FR1/H0FR1_rtc.o
                0x000000000800d158                BOS_CalendarConfig
 .text.GetTimeDate
                0x000000000800d214       0x64 ./H0FR1/H0FR1_rtc.o
                0x000000000800d214                GetTimeDate
 .text.TIM_USEC_Init
                0x000000000800d278       0x64 ./H0FR1/H0FR1_timers.o
                0x000000000800d278                TIM_USEC_Init
 .text.TIM_MSEC_Init
                0x000000000800d2dc       0x64 ./H0FR1/H0FR1_timers.o
                0x000000000800d2dc                TIM_MSEC_Init
 .text.StartMicroDelay
                0x000000000800d340       0x24 ./H0FR1/H0FR1_timers.o
                0x000000000800d340                StartMicroDelay
 .text.StartMilliDelay
                0x000000000800d364       0x24 ./H0FR1/H0FR1_timers.o
                0x000000000800d364                StartMilliDelay
 .text.MX_USART1_UART_Init
                0x000000000800d388       0x30 ./H0FR1/H0FR1_uart.o
                0x000000000800d388                MX_USART1_UART_Init
 .text.MX_USART2_UART_Init
                0x000000000800d3b8       0x30 ./H0FR1/H0FR1_uart.o
                0x000000000800d3b8                MX_USART2_UART_Init
 .text.MX_USART3_UART_Init
                0x000000000800d3e8       0x30 ./H0FR1/H0FR1_uart.o
                0x000000000800d3e8                MX_USART3_UART_Init
 .text.MX_USART5_UART_Init
                0x000000000800d418       0x30 ./H0FR1/H0FR1_uart.o
                0x000000000800d418                MX_USART5_UART_Init
 .text.MX_USART6_UART_Init
                0x000000000800d448       0x30 ./H0FR1/H0FR1_uart.o
                0x000000000800d448                MX_USART6_UART_Init
 .text.HAL_UART_MspInit
                0x000000000800d478      0x1e4 ./H0FR1/H0FR1_uart.o
                0x000000000800d478                HAL_UART_MspInit
 .text.writePxMutex
                0x000000000800d65c       0x6c ./H0FR1/H0FR1_uart.o
                0x000000000800d65c                writePxMutex
 .text.writePxITMutex
                0x000000000800d6c8       0x40 ./H0FR1/H0FR1_uart.o
                0x000000000800d6c8                writePxITMutex
 .text.UpdateBaudrate
                0x000000000800d708       0x24 ./H0FR1/H0FR1_uart.o
                0x000000000800d708                UpdateBaudrate
 .text.GetUart  0x000000000800d72c       0x18 ./H0FR1/H0FR1_uart.o
                0x000000000800d72c                GetUart
 .text.SwapUartPins
                0x000000000800d744       0x74 ./H0FR1/H0FR1_uart.o
                0x000000000800d744                SwapUartPins
 .text.ReadPortsDir
                0x000000000800d7b8       0x58 ./H0FR1/H0FR1_uart.o
                0x000000000800d7b8                ReadPortsDir
 .text.ReadPortsDirMSG
                0x000000000800d810       0x4c ./H0FR1/H0FR1_uart.o
                0x000000000800d810                ReadPortsDirMSG
 .text.UpdateMyPortsDir
                0x000000000800d85c       0xc4 ./H0FR1/H0FR1_uart.o
                0x000000000800d85c                UpdateMyPortsDir
 .text.Reset_Handler
                0x000000000800d920       0x8c ./H0FR1/startup_stm32f091xc.o
                0x000000000800d920                Reset_Handler
 .text.Default_Handler
                0x000000000800d9ac        0x2 ./H0FR1/startup_stm32f091xc.o
                0x000000000800d9ac                TIM1_CC_IRQHandler
                0x000000000800d9ac                TSC_IRQHandler
                0x000000000800d9ac                NMI_Handler
                0x000000000800d9ac                I2C1_IRQHandler
                0x000000000800d9ac                RCC_CRS_IRQHandler
                0x000000000800d9ac                SPI1_IRQHandler
                0x000000000800d9ac                TIM6_DAC_IRQHandler
                0x000000000800d9ac                DMA1_Ch1_IRQHandler
                0x000000000800d9ac                EXTI2_3_IRQHandler
                0x000000000800d9ac                I2C2_IRQHandler
                0x000000000800d9ac                TIM17_IRQHandler
                0x000000000800d9ac                CEC_CAN_IRQHandler
                0x000000000800d9ac                RTC_IRQHandler
                0x000000000800d9ac                PVD_VDDIO2_IRQHandler
                0x000000000800d9ac                TIM16_IRQHandler
                0x000000000800d9ac                TIM3_IRQHandler
                0x000000000800d9ac                EXTI4_15_IRQHandler
                0x000000000800d9ac                Default_Handler
                0x000000000800d9ac                TIM14_IRQHandler
                0x000000000800d9ac                TIM7_IRQHandler
                0x000000000800d9ac                TIM15_IRQHandler
                0x000000000800d9ac                EXTI0_1_IRQHandler
                0x000000000800d9ac                SPI2_IRQHandler
                0x000000000800d9ac                WWDG_IRQHandler
                0x000000000800d9ac                TIM2_IRQHandler
                0x000000000800d9ac                FLASH_IRQHandler
                0x000000000800d9ac                TIM1_BRK_UP_TRG_COM_IRQHandler
 *fill*         0x000000000800d9ae        0x2 
 .text.SystemInit
                0x000000000800d9b0       0x60 ./Thirdparty/CMSIS/STM32F0xx/Device/ST/STM32F0xx/Source/Templates/system_stm32f0xx.o
                0x000000000800d9b0                SystemInit
 .text.osKernelStart
                0x000000000800da10        0xc ./Thirdparty/Middleware/STM32F0xx/FreeRTOS/Source/CMSIS_RTOS/cmsis_os.o
                0x000000000800da10                osKernelStart
 .text.osDelay  0x000000000800da1c       0x10 ./Thirdparty/Middleware/STM32F0xx/FreeRTOS/Source/CMSIS_RTOS/cmsis_os.o
                0x000000000800da1c                osDelay
 .text.osSemaphoreCreate
                0x000000000800da2c       0x2c ./Thirdparty/Middleware/STM32F0xx/FreeRTOS/Source/CMSIS_RTOS/cmsis_os.o
                0x000000000800da2c                osSemaphoreCreate
 .text.osSemaphoreWait
                0x000000000800da58       0x50 ./Thirdparty/Middleware/STM32F0xx/FreeRTOS/Source/CMSIS_RTOS/cmsis_os.o
                0x000000000800da58                osSemaphoreWait
 .text.osSemaphoreRelease
                0x000000000800daa8       0x48 ./Thirdparty/Middleware/STM32F0xx/FreeRTOS/Source/CMSIS_RTOS/cmsis_os.o
                0x000000000800daa8                osSemaphoreRelease
 .text.osSystickHandler
                0x000000000800daf0       0x10 ./Thirdparty/Middleware/STM32F0xx/FreeRTOS/Source/CMSIS_RTOS/cmsis_os.o
                0x000000000800daf0                osSystickHandler
 .text.prvHelpCommand
                0x000000000800db00      0x138 ./Thirdparty/Middleware/STM32F0xx/FreeRTOS/Source/FreeRTOS_CLI.o
 .text.FreeRTOS_CLIRegisterCommand
                0x000000000800dc38       0x30 ./Thirdparty/Middleware/STM32F0xx/FreeRTOS/Source/FreeRTOS_CLI.o
                0x000000000800dc38                FreeRTOS_CLIRegisterCommand
 .text.FreeRTOS_CLIProcessCommand
                0x000000000800dc68      0x104 ./Thirdparty/Middleware/STM32F0xx/FreeRTOS/Source/FreeRTOS_CLI.o
                0x000000000800dc68                FreeRTOS_CLIProcessCommand
 .text.FreeRTOS_CLIGetOutputBuffer
                0x000000000800dd6c        0x8 ./Thirdparty/Middleware/STM32F0xx/FreeRTOS/Source/FreeRTOS_CLI.o
                0x000000000800dd6c                FreeRTOS_CLIGetOutputBuffer
 .text.FreeRTOS_CLIGetParameter
                0x000000000800dd74       0x58 ./Thirdparty/Middleware/STM32F0xx/FreeRTOS/Source/FreeRTOS_CLI.o
                0x000000000800dd74                FreeRTOS_CLIGetParameter
 .text.vListInitialise
                0x000000000800ddcc       0x18 ./Thirdparty/Middleware/STM32F0xx/FreeRTOS/Source/list.o
                0x000000000800ddcc                vListInitialise
 .text.vListInitialiseItem
                0x000000000800dde4        0x8 ./Thirdparty/Middleware/STM32F0xx/FreeRTOS/Source/list.o
                0x000000000800dde4                vListInitialiseItem
 .text.vListInsertEnd
                0x000000000800ddec       0x18 ./Thirdparty/Middleware/STM32F0xx/FreeRTOS/Source/list.o
                0x000000000800ddec                vListInsertEnd
 .text.vListInsert
                0x000000000800de04       0x30 ./Thirdparty/Middleware/STM32F0xx/FreeRTOS/Source/list.o
                0x000000000800de04                vListInsert
 .text.uxListRemove
                0x000000000800de34       0x20 ./Thirdparty/Middleware/STM32F0xx/FreeRTOS/Source/list.o
                0x000000000800de34                uxListRemove
 .text.prvCopyDataToQueue
                0x000000000800de54       0x78 ./Thirdparty/Middleware/STM32F0xx/FreeRTOS/Source/queue.o
 .text.prvUnlockQueue
                0x000000000800decc       0x94 ./Thirdparty/Middleware/STM32F0xx/FreeRTOS/Source/queue.o
 .text.xQueueGenericCreate
                0x000000000800df60       0x74 ./Thirdparty/Middleware/STM32F0xx/FreeRTOS/Source/queue.o
                0x000000000800df60                xQueueGenericCreate
 .text.xQueueCreateCountingSemaphore
                0x000000000800dfd4       0x5c ./Thirdparty/Middleware/STM32F0xx/FreeRTOS/Source/queue.o
                0x000000000800dfd4                xQueueCreateCountingSemaphore
 .text.xQueueGenericSend
                0x000000000800e030       0xf8 ./Thirdparty/Middleware/STM32F0xx/FreeRTOS/Source/queue.o
                0x000000000800e030                xQueueGenericSend
 .text.xQueueGenericSendFromISR
                0x000000000800e128       0x74 ./Thirdparty/Middleware/STM32F0xx/FreeRTOS/Source/queue.o
                0x000000000800e128                xQueueGenericSendFromISR
 .text.xQueueGiveFromISR
                0x000000000800e19c       0x54 ./Thirdparty/Middleware/STM32F0xx/FreeRTOS/Source/queue.o
                0x000000000800e19c                xQueueGiveFromISR
 .text.xQueueGenericReceive
                0x000000000800e1f0      0x148 ./Thirdparty/Middleware/STM32F0xx/FreeRTOS/Source/queue.o
                0x000000000800e1f0                xQueueGenericReceive
 .text.xQueueReceiveFromISR
                0x000000000800e338       0x7c ./Thirdparty/Middleware/STM32F0xx/FreeRTOS/Source/queue.o
                0x000000000800e338                xQueueReceiveFromISR
 .text.vQueueAddToRegistry
                0x000000000800e3b4       0x28 ./Thirdparty/Middleware/STM32F0xx/FreeRTOS/Source/queue.o
                0x000000000800e3b4                vQueueAddToRegistry
 .text.vQueueWaitForMessageRestricted
                0x000000000800e3dc       0x3c ./Thirdparty/Middleware/STM32F0xx/FreeRTOS/Source/queue.o
                0x000000000800e3dc                vQueueWaitForMessageRestricted
 .text.prvListTaskWithinSingleList.part.0
                0x000000000800e418       0xa8 ./Thirdparty/Middleware/STM32F0xx/FreeRTOS/Source/tasks.o
 .text.prvAddCurrentTaskToDelayedList
                0x000000000800e4c0       0x3c ./Thirdparty/Middleware/STM32F0xx/FreeRTOS/Source/tasks.o
 .text.vTaskSwitchContext.part.0
                0x000000000800e4fc       0xac ./Thirdparty/Middleware/STM32F0xx/FreeRTOS/Source/tasks.o
 .text.xTaskGenericCreate
                0x000000000800e5a8      0x1a4 ./Thirdparty/Middleware/STM32F0xx/FreeRTOS/Source/tasks.o
                0x000000000800e5a8                xTaskGenericCreate
 .text.uxTaskPriorityGet
                0x000000000800e74c       0x20 ./Thirdparty/Middleware/STM32F0xx/FreeRTOS/Source/tasks.o
                0x000000000800e74c                uxTaskPriorityGet
 .text.vTaskPrioritySet
                0x000000000800e76c       0xac ./Thirdparty/Middleware/STM32F0xx/FreeRTOS/Source/tasks.o
                0x000000000800e76c                vTaskPrioritySet
 .text.vTaskStartScheduler
                0x000000000800e818       0x50 ./Thirdparty/Middleware/STM32F0xx/FreeRTOS/Source/tasks.o
                0x000000000800e818                vTaskStartScheduler
 .text.vTaskSuspendAll
                0x000000000800e868       0x10 ./Thirdparty/Middleware/STM32F0xx/FreeRTOS/Source/tasks.o
                0x000000000800e868                vTaskSuspendAll
 .text.xTaskGetTickCount
                0x000000000800e878        0xc ./Thirdparty/Middleware/STM32F0xx/FreeRTOS/Source/tasks.o
                0x000000000800e878                xTaskGetTickCount
 .text.xTaskGetTickCountFromISR
                0x000000000800e884        0xc ./Thirdparty/Middleware/STM32F0xx/FreeRTOS/Source/tasks.o
                0x000000000800e884                xTaskGetTickCountFromISR
 .text.xTaskIncrementTick
                0x000000000800e890      0x120 ./Thirdparty/Middleware/STM32F0xx/FreeRTOS/Source/tasks.o
                0x000000000800e890                xTaskIncrementTick
 .text.xTaskResumeAll
                0x000000000800e9b0       0xbc ./Thirdparty/Middleware/STM32F0xx/FreeRTOS/Source/tasks.o
                0x000000000800e9b0                xTaskResumeAll
 .text.vTaskDelay
                0x000000000800ea6c       0x38 ./Thirdparty/Middleware/STM32F0xx/FreeRTOS/Source/tasks.o
                0x000000000800ea6c                vTaskDelay
 .text.prvIdleTask
                0x000000000800eaa4       0x64 ./Thirdparty/Middleware/STM32F0xx/FreeRTOS/Source/tasks.o
 .text.uxTaskGetSystemState
                0x000000000800eb08       0xc4 ./Thirdparty/Middleware/STM32F0xx/FreeRTOS/Source/tasks.o
                0x000000000800eb08                uxTaskGetSystemState
 .text.vTaskSwitchContext
                0x000000000800ebcc       0x20 ./Thirdparty/Middleware/STM32F0xx/FreeRTOS/Source/tasks.o
                0x000000000800ebcc                vTaskSwitchContext
 .text.vTaskPlaceOnEventList
                0x000000000800ebec       0x38 ./Thirdparty/Middleware/STM32F0xx/FreeRTOS/Source/tasks.o
                0x000000000800ebec                vTaskPlaceOnEventList
 .text.vTaskPlaceOnEventListRestricted
                0x000000000800ec24       0x24 ./Thirdparty/Middleware/STM32F0xx/FreeRTOS/Source/tasks.o
                0x000000000800ec24                vTaskPlaceOnEventListRestricted
 .text.xTaskRemoveFromEventList
                0x000000000800ec48       0x6c ./Thirdparty/Middleware/STM32F0xx/FreeRTOS/Source/tasks.o
                0x000000000800ec48                xTaskRemoveFromEventList
 .text.vTaskSetTimeOutState
                0x000000000800ecb4       0x18 ./Thirdparty/Middleware/STM32F0xx/FreeRTOS/Source/tasks.o
                0x000000000800ecb4                vTaskSetTimeOutState
 .text.xTaskCheckForTimeOut
                0x000000000800eccc       0x58 ./Thirdparty/Middleware/STM32F0xx/FreeRTOS/Source/tasks.o
                0x000000000800eccc                xTaskCheckForTimeOut
 .text.vTaskMissedYield
                0x000000000800ed24        0xc ./Thirdparty/Middleware/STM32F0xx/FreeRTOS/Source/tasks.o
                0x000000000800ed24                vTaskMissedYield
 .text.xTaskGetSchedulerState
                0x000000000800ed30       0x18 ./Thirdparty/Middleware/STM32F0xx/FreeRTOS/Source/tasks.o
                0x000000000800ed30                xTaskGetSchedulerState
 .text.vTaskPriorityInherit
                0x000000000800ed48       0x68 ./Thirdparty/Middleware/STM32F0xx/FreeRTOS/Source/tasks.o
                0x000000000800ed48                vTaskPriorityInherit
 .text.xTaskPriorityDisinherit
                0x000000000800edb0       0x54 ./Thirdparty/Middleware/STM32F0xx/FreeRTOS/Source/tasks.o
                0x000000000800edb0                xTaskPriorityDisinherit
 .text.vTaskList
                0x000000000800ee04       0xe0 ./Thirdparty/Middleware/STM32F0xx/FreeRTOS/Source/tasks.o
                0x000000000800ee04                vTaskList
 .text.vTaskGetRunTimeStats
                0x000000000800eee4       0xfc ./Thirdparty/Middleware/STM32F0xx/FreeRTOS/Source/tasks.o
                0x000000000800eee4                vTaskGetRunTimeStats
 .text.pvTaskIncrementMutexHeldCount
                0x000000000800efe0       0x18 ./Thirdparty/Middleware/STM32F0xx/FreeRTOS/Source/tasks.o
                0x000000000800efe0                pvTaskIncrementMutexHeldCount
 .text.ulTaskNotifyTake
                0x000000000800eff8       0x80 ./Thirdparty/Middleware/STM32F0xx/FreeRTOS/Source/tasks.o
                0x000000000800eff8                ulTaskNotifyTake
 .text.xTaskGenericNotify
                0x000000000800f078       0x9c ./Thirdparty/Middleware/STM32F0xx/FreeRTOS/Source/tasks.o
                0x000000000800f078                xTaskGenericNotify
 .text.prvCheckForValidListAndQueue
                0x000000000800f114       0x4c ./Thirdparty/Middleware/STM32F0xx/FreeRTOS/Source/timers.o
 .text.xTimerCreateTimerTask
                0x000000000800f160       0x38 ./Thirdparty/Middleware/STM32F0xx/FreeRTOS/Source/timers.o
                0x000000000800f160                xTimerCreateTimerTask
 .text.xTimerCreate
                0x000000000800f198       0x40 ./Thirdparty/Middleware/STM32F0xx/FreeRTOS/Source/timers.o
                0x000000000800f198                xTimerCreate
 .text.xTimerGenericCommand
                0x000000000800f1d8       0x54 ./Thirdparty/Middleware/STM32F0xx/FreeRTOS/Source/timers.o
                0x000000000800f1d8                xTimerGenericCommand
 .text.prvSwitchTimerLists
                0x000000000800f22c       0x6c ./Thirdparty/Middleware/STM32F0xx/FreeRTOS/Source/timers.o
 .text.prvTimerTask
                0x000000000800f298      0x1c0 ./Thirdparty/Middleware/STM32F0xx/FreeRTOS/Source/timers.o
 .text.xTimerIsTimerActive
                0x000000000800f458       0x18 ./Thirdparty/Middleware/STM32F0xx/FreeRTOS/Source/timers.o
                0x000000000800f458                xTimerIsTimerActive
 .text.pvTimerGetTimerID
                0x000000000800f470       0x14 ./Thirdparty/Middleware/STM32F0xx/FreeRTOS/Source/timers.o
                0x000000000800f470                pvTimerGetTimerID
 .text.prvTaskExitError
                0x000000000800f484        0x4 ./Thirdparty/Middleware/STM32F0xx/FreeRTOS/Source/portable/GCC/ARM_CM0/port.o
 .text.vPortStartFirstTask
                0x000000000800f488       0x20 ./Thirdparty/Middleware/STM32F0xx/FreeRTOS/Source/portable/GCC/ARM_CM0/port.o
 .text.pxPortInitialiseStack
                0x000000000800f4a8       0x20 ./Thirdparty/Middleware/STM32F0xx/FreeRTOS/Source/portable/GCC/ARM_CM0/port.o
                0x000000000800f4a8                pxPortInitialiseStack
 .text.SVC_Handler
                0x000000000800f4c8        0x4 ./Thirdparty/Middleware/STM32F0xx/FreeRTOS/Source/portable/GCC/ARM_CM0/port.o
                0x000000000800f4c8                SVC_Handler
 .text.xPortStartScheduler
                0x000000000800f4cc       0x54 ./Thirdparty/Middleware/STM32F0xx/FreeRTOS/Source/portable/GCC/ARM_CM0/port.o
                0x000000000800f4cc                xPortStartScheduler
 .text.vPortYield
                0x000000000800f520       0x18 ./Thirdparty/Middleware/STM32F0xx/FreeRTOS/Source/portable/GCC/ARM_CM0/port.o
                0x000000000800f520                vPortYield
 .text.vPortEnterCritical
                0x000000000800f538       0x18 ./Thirdparty/Middleware/STM32F0xx/FreeRTOS/Source/portable/GCC/ARM_CM0/port.o
                0x000000000800f538                vPortEnterCritical
 .text.vPortExitCritical
                0x000000000800f550       0x14 ./Thirdparty/Middleware/STM32F0xx/FreeRTOS/Source/portable/GCC/ARM_CM0/port.o
                0x000000000800f550                vPortExitCritical
 .text.ulSetInterruptMaskFromISR
                0x000000000800f564        0xc ./Thirdparty/Middleware/STM32F0xx/FreeRTOS/Source/portable/GCC/ARM_CM0/port.o
                0x000000000800f564                ulSetInterruptMaskFromISR
 .text.vClearInterruptMaskFromISR
                0x000000000800f570        0x8 ./Thirdparty/Middleware/STM32F0xx/FreeRTOS/Source/portable/GCC/ARM_CM0/port.o
                0x000000000800f570                vClearInterruptMaskFromISR
 .text.PendSV_Handler
                0x000000000800f578       0x44 ./Thirdparty/Middleware/STM32F0xx/FreeRTOS/Source/portable/GCC/ARM_CM0/port.o
                0x000000000800f578                PendSV_Handler
 .text.xPortSysTickHandler
                0x000000000800f5bc       0x24 ./Thirdparty/Middleware/STM32F0xx/FreeRTOS/Source/portable/GCC/ARM_CM0/port.o
                0x000000000800f5bc                xPortSysTickHandler
 .text.prvInsertBlockIntoFreeList
                0x000000000800f5e0       0x4c ./Thirdparty/Middleware/STM32F0xx/FreeRTOS/Source/portable/MemMang/heap_4.o
 .text.pvPortMalloc
                0x000000000800f62c       0xf4 ./Thirdparty/Middleware/STM32F0xx/FreeRTOS/Source/portable/MemMang/heap_4.o
                0x000000000800f62c                pvPortMalloc
 .text.vPortFree
                0x000000000800f720       0x40 ./Thirdparty/Middleware/STM32F0xx/FreeRTOS/Source/portable/MemMang/heap_4.o
                0x000000000800f720                vPortFree
 .text.HAL_InitTick
                0x000000000800f760       0x24 ./Thirdparty/STM32F0xx_HAL_Driver/Src/stm32f0xx_hal.o
                0x000000000800f760                HAL_InitTick
 .text.HAL_Init
                0x000000000800f784       0x20 ./Thirdparty/STM32F0xx_HAL_Driver/Src/stm32f0xx_hal.o
                0x000000000800f784                HAL_Init
 .text.HAL_IncTick
                0x000000000800f7a4       0x10 ./Thirdparty/STM32F0xx_HAL_Driver/Src/stm32f0xx_hal.o
                0x000000000800f7a4                HAL_IncTick
 .text.HAL_GetTick
                0x000000000800f7b4        0xc ./Thirdparty/STM32F0xx_HAL_Driver/Src/stm32f0xx_hal.o
                0x000000000800f7b4                HAL_GetTick
 .text.HAL_Delay
                0x000000000800f7c0       0x1c ./Thirdparty/STM32F0xx_HAL_Driver/Src/stm32f0xx_hal.o
                0x000000000800f7c0                HAL_Delay
 .text.HAL_GetREVID
                0x000000000800f7dc        0xc ./Thirdparty/STM32F0xx_HAL_Driver/Src/stm32f0xx_hal.o
                0x000000000800f7dc                HAL_GetREVID
 .text.HAL_GetDEVID
                0x000000000800f7e8       0x10 ./Thirdparty/STM32F0xx_HAL_Driver/Src/stm32f0xx_hal.o
                0x000000000800f7e8                HAL_GetDEVID
 .text.ADC_Disable
                0x000000000800f7f8       0x7c ./Thirdparty/STM32F0xx_HAL_Driver/Src/stm32f0xx_hal_adc.o
 .text.ADC_Enable
                0x000000000800f874       0xa8 ./Thirdparty/STM32F0xx_HAL_Driver/Src/stm32f0xx_hal_adc.o
 .text.ADC_ConversionStop
                0x000000000800f91c       0x58 ./Thirdparty/STM32F0xx_HAL_Driver/Src/stm32f0xx_hal_adc.o
 .text.HAL_ADC_Init
                0x000000000800f974      0x140 ./Thirdparty/STM32F0xx_HAL_Driver/Src/stm32f0xx_hal_adc.o
                0x000000000800f974                HAL_ADC_Init
 .text.HAL_ADC_Start
                0x000000000800fab4       0x58 ./Thirdparty/STM32F0xx_HAL_Driver/Src/stm32f0xx_hal_adc.o
                0x000000000800fab4                HAL_ADC_Start
 .text.HAL_ADC_Stop
                0x000000000800fb0c       0x40 ./Thirdparty/STM32F0xx_HAL_Driver/Src/stm32f0xx_hal_adc.o
                0x000000000800fb0c                HAL_ADC_Stop
 .text.HAL_ADC_PollForConversion
                0x000000000800fb4c       0xbc ./Thirdparty/STM32F0xx_HAL_Driver/Src/stm32f0xx_hal_adc.o
                0x000000000800fb4c                HAL_ADC_PollForConversion
 .text.HAL_ADC_GetValue
                0x000000000800fc08        0xc ./Thirdparty/STM32F0xx_HAL_Driver/Src/stm32f0xx_hal_adc.o
                0x000000000800fc08                HAL_ADC_GetValue
 .text.HAL_ADC_ConvCpltCallback
                0x000000000800fc14        0x4 ./Thirdparty/STM32F0xx_HAL_Driver/Src/stm32f0xx_hal_adc.o
                0x000000000800fc14                HAL_ADC_ConvCpltCallback
 .text.HAL_ADC_LevelOutOfWindowCallback
                0x000000000800fc18        0x4 ./Thirdparty/STM32F0xx_HAL_Driver/Src/stm32f0xx_hal_adc.o
                0x000000000800fc18                HAL_ADC_LevelOutOfWindowCallback
 .text.HAL_ADC_ErrorCallback
                0x000000000800fc1c        0x4 ./Thirdparty/STM32F0xx_HAL_Driver/Src/stm32f0xx_hal_adc.o
                0x000000000800fc1c                HAL_ADC_ErrorCallback
 .text.HAL_ADC_IRQHandler
                0x000000000800fc20       0xe0 ./Thirdparty/STM32F0xx_HAL_Driver/Src/stm32f0xx_hal_adc.o
                0x000000000800fc20                HAL_ADC_IRQHandler
 .text.HAL_ADC_ConfigChannel
                0x000000000800fd00      0x124 ./Thirdparty/STM32F0xx_HAL_Driver/Src/stm32f0xx_hal_adc.o
                0x000000000800fd00                HAL_ADC_ConfigChannel
 .text.HAL_NVIC_SetPriority
                0x000000000800fe24       0x64 ./Thirdparty/STM32F0xx_HAL_Driver/Src/stm32f0xx_hal_cortex.o
                0x000000000800fe24                HAL_NVIC_SetPriority
 .text.HAL_NVIC_EnableIRQ
                0x000000000800fe88       0x14 ./Thirdparty/STM32F0xx_HAL_Driver/Src/stm32f0xx_hal_cortex.o
                0x000000000800fe88                HAL_NVIC_EnableIRQ
 .text.HAL_NVIC_DisableIRQ
                0x000000000800fe9c       0x14 ./Thirdparty/STM32F0xx_HAL_Driver/Src/stm32f0xx_hal_cortex.o
                0x000000000800fe9c                HAL_NVIC_DisableIRQ
 .text.HAL_SYSTICK_Config
                0x000000000800feb0       0x34 ./Thirdparty/STM32F0xx_HAL_Driver/Src/stm32f0xx_hal_cortex.o
                0x000000000800feb0                HAL_SYSTICK_Config
 .text.HAL_SYSTICK_CLKSourceConfig
                0x000000000800fee4       0x1c ./Thirdparty/STM32F0xx_HAL_Driver/Src/stm32f0xx_hal_cortex.o
                0x000000000800fee4                HAL_SYSTICK_CLKSourceConfig
 .text.CRC_Handle_8
                0x000000000800ff00       0x64 ./Thirdparty/STM32F0xx_HAL_Driver/Src/stm32f0xx_hal_crc.o
 .text.CRC_Handle_16
                0x000000000800ff64       0x2c ./Thirdparty/STM32F0xx_HAL_Driver/Src/stm32f0xx_hal_crc.o
 .text.HAL_CRC_Init
                0x000000000800ff90       0x5c ./Thirdparty/STM32F0xx_HAL_Driver/Src/stm32f0xx_hal_crc.o
                0x000000000800ff90                HAL_CRC_Init
 .text.HAL_CRC_Accumulate
                0x000000000800ffec       0x54 ./Thirdparty/STM32F0xx_HAL_Driver/Src/stm32f0xx_hal_crc.o
                0x000000000800ffec                HAL_CRC_Accumulate
 .text.HAL_CRC_Calculate
                0x0000000008010040       0x5c ./Thirdparty/STM32F0xx_HAL_Driver/Src/stm32f0xx_hal_crc.o
                0x0000000008010040                HAL_CRC_Calculate
 .text.HAL_CRCEx_Polynomial_Set
                0x000000000801009c       0x60 ./Thirdparty/STM32F0xx_HAL_Driver/Src/stm32f0xx_hal_crc_ex.o
                0x000000000801009c                HAL_CRCEx_Polynomial_Set
 .text.HAL_CRCEx_Init
                0x00000000080100fc       0x30 ./Thirdparty/STM32F0xx_HAL_Driver/Src/stm32f0xx_hal_crc_ex.o
                0x00000000080100fc                HAL_CRCEx_Init
 .text.HAL_DMA_Init
                0x000000000801012c       0x58 ./Thirdparty/STM32F0xx_HAL_Driver/Src/stm32f0xx_hal_dma.o
                0x000000000801012c                HAL_DMA_Init
 .text.HAL_DMA_Start_IT
                0x0000000008010184       0x58 ./Thirdparty/STM32F0xx_HAL_Driver/Src/stm32f0xx_hal_dma.o
                0x0000000008010184                HAL_DMA_Start_IT
 .text.HAL_DMA_Abort
                0x00000000080101dc       0x54 ./Thirdparty/STM32F0xx_HAL_Driver/Src/stm32f0xx_hal_dma.o
                0x00000000080101dc                HAL_DMA_Abort
 .text.HAL_DMA_IRQHandler
                0x0000000008010230      0xa6c ./Thirdparty/STM32F0xx_HAL_Driver/Src/stm32f0xx_hal_dma.o
                0x0000000008010230                HAL_DMA_IRQHandler
 .text.HAL_FLASH_Unlock
                0x0000000008010c9c       0x24 ./Thirdparty/STM32F0xx_HAL_Driver/Src/stm32f0xx_hal_flash.o
                0x0000000008010c9c                HAL_FLASH_Unlock
 .text.HAL_FLASH_Lock
                0x0000000008010cc0       0x14 ./Thirdparty/STM32F0xx_HAL_Driver/Src/stm32f0xx_hal_flash.o
                0x0000000008010cc0                HAL_FLASH_Lock
 .text.FLASH_WaitForLastOperation
                0x0000000008010cd4       0x88 ./Thirdparty/STM32F0xx_HAL_Driver/Src/stm32f0xx_hal_flash.o
                0x0000000008010cd4                FLASH_WaitForLastOperation
 .text.HAL_FLASH_Program
                0x0000000008010d5c       0xc8 ./Thirdparty/STM32F0xx_HAL_Driver/Src/stm32f0xx_hal_flash.o
                0x0000000008010d5c                HAL_FLASH_Program
 .text.HAL_FLASHEx_Erase
                0x0000000008010e24       0xd8 ./Thirdparty/STM32F0xx_HAL_Driver/Src/stm32f0xx_hal_flash_ex.o
                0x0000000008010e24                HAL_FLASHEx_Erase
 .text.FLASH_PageErase
                0x0000000008010efc       0x24 ./Thirdparty/STM32F0xx_HAL_Driver/Src/stm32f0xx_hal_flash_ex.o
                0x0000000008010efc                FLASH_PageErase
 .text.HAL_GPIO_Init
                0x0000000008010f20      0x22c ./Thirdparty/STM32F0xx_HAL_Driver/Src/stm32f0xx_hal_gpio.o
                0x0000000008010f20                HAL_GPIO_Init
 .text.HAL_GPIO_DeInit
                0x000000000801114c      0x130 ./Thirdparty/STM32F0xx_HAL_Driver/Src/stm32f0xx_hal_gpio.o
                0x000000000801114c                HAL_GPIO_DeInit
 .text.HAL_GPIO_ReadPin
                0x000000000801127c        0xc ./Thirdparty/STM32F0xx_HAL_Driver/Src/stm32f0xx_hal_gpio.o
                0x000000000801127c                HAL_GPIO_ReadPin
 .text.HAL_GPIO_WritePin
                0x0000000008011288        0xc ./Thirdparty/STM32F0xx_HAL_Driver/Src/stm32f0xx_hal_gpio.o
                0x0000000008011288                HAL_GPIO_WritePin
 .text.HAL_GPIO_TogglePin
                0x0000000008011294        0x8 ./Thirdparty/STM32F0xx_HAL_Driver/Src/stm32f0xx_hal_gpio.o
                0x0000000008011294                HAL_GPIO_TogglePin
 .text.HAL_MspInit
                0x000000000801129c        0x4 ./Thirdparty/STM32F0xx_HAL_Driver/Src/stm32f0xx_hal_msp_template.o
                0x000000000801129c                HAL_MspInit
 .text.HAL_PWR_EnableBkUpAccess
                0x00000000080112a0       0x14 ./Thirdparty/STM32F0xx_HAL_Driver/Src/stm32f0xx_hal_pwr.o
                0x00000000080112a0                HAL_PWR_EnableBkUpAccess
 .text.HAL_RCC_OscConfig
                0x00000000080112b4      0x544 ./Thirdparty/STM32F0xx_HAL_Driver/Src/stm32f0xx_hal_rcc.o
                0x00000000080112b4                HAL_RCC_OscConfig
 .text.HAL_RCC_ClockConfig
                0x00000000080117f8      0x248 ./Thirdparty/STM32F0xx_HAL_Driver/Src/stm32f0xx_hal_rcc.o
                0x00000000080117f8                HAL_RCC_ClockConfig
 .text.HAL_RCC_GetSysClockFreq
                0x0000000008011a40       0x90 ./Thirdparty/STM32F0xx_HAL_Driver/Src/stm32f0xx_hal_rcc.o
                0x0000000008011a40                HAL_RCC_GetSysClockFreq
 .text.HAL_RCC_GetHCLKFreq
                0x0000000008011ad0       0x28 ./Thirdparty/STM32F0xx_HAL_Driver/Src/stm32f0xx_hal_rcc.o
                0x0000000008011ad0                HAL_RCC_GetHCLKFreq
 .text.HAL_RCC_GetPCLK1Freq
                0x0000000008011af8       0x30 ./Thirdparty/STM32F0xx_HAL_Driver/Src/stm32f0xx_hal_rcc.o
                0x0000000008011af8                HAL_RCC_GetPCLK1Freq
 .text.HAL_RCCEx_PeriphCLKConfig
                0x0000000008011b28      0x128 ./Thirdparty/STM32F0xx_HAL_Driver/Src/stm32f0xx_hal_rcc_ex.o
                0x0000000008011b28                HAL_RCCEx_PeriphCLKConfig
 .text.HAL_RTC_MspInit
                0x0000000008011c50        0x4 ./Thirdparty/STM32F0xx_HAL_Driver/Src/stm32f0xx_hal_rtc.o
                0x0000000008011c50                HAL_RTC_MspInit
 .text.HAL_RTC_Init
                0x0000000008011c54       0xb0 ./Thirdparty/STM32F0xx_HAL_Driver/Src/stm32f0xx_hal_rtc.o
                0x0000000008011c54                HAL_RTC_Init
 .text.HAL_RTC_SetTime
                0x0000000008011d04      0x1ac ./Thirdparty/STM32F0xx_HAL_Driver/Src/stm32f0xx_hal_rtc.o
                0x0000000008011d04                HAL_RTC_SetTime
 .text.HAL_RTC_GetTime
                0x0000000008011eb0       0x60 ./Thirdparty/STM32F0xx_HAL_Driver/Src/stm32f0xx_hal_rtc.o
                0x0000000008011eb0                HAL_RTC_GetTime
 .text.HAL_RTC_SetDate
                0x0000000008011f10      0x170 ./Thirdparty/STM32F0xx_HAL_Driver/Src/stm32f0xx_hal_rtc.o
                0x0000000008011f10                HAL_RTC_SetDate
 .text.HAL_RTC_GetDate
                0x0000000008012080       0x5c ./Thirdparty/STM32F0xx_HAL_Driver/Src/stm32f0xx_hal_rtc.o
                0x0000000008012080                HAL_RTC_GetDate
 .text.HAL_RTCEx_BKUPWrite
                0x00000000080120dc        0xc ./Thirdparty/STM32F0xx_HAL_Driver/Src/stm32f0xx_hal_rtc_ex.o
                0x00000000080120dc                HAL_RTCEx_BKUPWrite
 .text.HAL_RTCEx_BKUPRead
                0x00000000080120e8        0xc ./Thirdparty/STM32F0xx_HAL_Driver/Src/stm32f0xx_hal_rtc_ex.o
                0x00000000080120e8                HAL_RTCEx_BKUPRead
 .text.HAL_TIM_Base_MspInit
                0x00000000080120f4        0x4 ./Thirdparty/STM32F0xx_HAL_Driver/Src/stm32f0xx_hal_tim.o
                0x00000000080120f4                HAL_TIM_Base_MspInit
 .text.HAL_TIM_Base_Start
                0x00000000080120f8       0x18 ./Thirdparty/STM32F0xx_HAL_Driver/Src/stm32f0xx_hal_tim.o
                0x00000000080120f8                HAL_TIM_Base_Start
 .text.TIM_Base_SetConfig
                0x0000000008012110       0x8c ./Thirdparty/STM32F0xx_HAL_Driver/Src/stm32f0xx_hal_tim.o
                0x0000000008012110                TIM_Base_SetConfig
 .text.HAL_TIM_Base_Init
                0x000000000801219c       0x34 ./Thirdparty/STM32F0xx_HAL_Driver/Src/stm32f0xx_hal_tim.o
                0x000000000801219c                HAL_TIM_Base_Init
 .text.HAL_TIMEx_MasterConfigSynchronization
                0x00000000080121d0       0x44 ./Thirdparty/STM32F0xx_HAL_Driver/Src/stm32f0xx_hal_tim_ex.o
                0x00000000080121d0                HAL_TIMEx_MasterConfigSynchronization
 .text.HAL_UART_MspDeInit
                0x0000000008012214        0x4 ./Thirdparty/STM32F0xx_HAL_Driver/Src/stm32f0xx_hal_uart.o
                0x0000000008012214                HAL_UART_MspDeInit
 .text.HAL_UART_DeInit
                0x0000000008012218       0x34 ./Thirdparty/STM32F0xx_HAL_Driver/Src/stm32f0xx_hal_uart.o
                0x0000000008012218                HAL_UART_DeInit
 .text.HAL_UART_Transmit_IT
                0x000000000801224c       0x68 ./Thirdparty/STM32F0xx_HAL_Driver/Src/stm32f0xx_hal_uart.o
                0x000000000801224c                HAL_UART_Transmit_IT
 .text.HAL_UART_Receive_IT
                0x00000000080122b4       0xc0 ./Thirdparty/STM32F0xx_HAL_Driver/Src/stm32f0xx_hal_uart.o
                0x00000000080122b4                HAL_UART_Receive_IT
 .text.HAL_UART_Receive_DMA
                0x0000000008012374       0x88 ./Thirdparty/STM32F0xx_HAL_Driver/Src/stm32f0xx_hal_uart.o
                0x0000000008012374                HAL_UART_Receive_DMA
 .text.UART_DMAReceiveCplt
                0x00000000080123fc       0x3c ./Thirdparty/STM32F0xx_HAL_Driver/Src/stm32f0xx_hal_uart.o
 .text.HAL_UART_RxHalfCpltCallback
                0x0000000008012438        0x4 ./Thirdparty/STM32F0xx_HAL_Driver/Src/stm32f0xx_hal_uart.o
                0x0000000008012438                HAL_UART_RxHalfCpltCallback
 .text.UART_DMARxHalfCplt
                0x000000000801243c        0xc ./Thirdparty/STM32F0xx_HAL_Driver/Src/stm32f0xx_hal_uart.o
 .text.UART_DMAError
                0x0000000008012448       0x24 ./Thirdparty/STM32F0xx_HAL_Driver/Src/stm32f0xx_hal_uart.o
 .text.UART_SetConfig
                0x000000000801246c      0x1dc ./Thirdparty/STM32F0xx_HAL_Driver/Src/stm32f0xx_hal_uart.o
                0x000000000801246c                UART_SetConfig
 .text.UART_AdvFeatureConfig
                0x0000000008012648       0xd0 ./Thirdparty/STM32F0xx_HAL_Driver/Src/stm32f0xx_hal_uart.o
                0x0000000008012648                UART_AdvFeatureConfig
 .text.UART_WaitOnFlagUntilTimeout
                0x0000000008012718       0x98 ./Thirdparty/STM32F0xx_HAL_Driver/Src/stm32f0xx_hal_uart.o
                0x0000000008012718                UART_WaitOnFlagUntilTimeout
 .text.HAL_UART_Transmit
                0x00000000080127b0      0x11c ./Thirdparty/STM32F0xx_HAL_Driver/Src/stm32f0xx_hal_uart.o
                0x00000000080127b0                HAL_UART_Transmit
 .text.UART_CheckIdleState
                0x00000000080128cc       0x7c ./Thirdparty/STM32F0xx_HAL_Driver/Src/stm32f0xx_hal_uart.o
                0x00000000080128cc                UART_CheckIdleState
 .text.HAL_UART_Init
                0x0000000008012948       0x6c ./Thirdparty/STM32F0xx_HAL_Driver/Src/stm32f0xx_hal_uart.o
                0x0000000008012948                HAL_UART_Init
 .text.UART_Transmit_IT
                0x00000000080129b4       0x6c ./Thirdparty/STM32F0xx_HAL_Driver/Src/stm32f0xx_hal_uart.o
                0x00000000080129b4                UART_Transmit_IT
 .text.UART_EndTransmit_IT
                0x0000000008012a20       0x2c ./Thirdparty/STM32F0xx_HAL_Driver/Src/stm32f0xx_hal_uart.o
                0x0000000008012a20                UART_EndTransmit_IT
 .text.UART_Receive_IT
                0x0000000008012a4c       0x94 ./Thirdparty/STM32F0xx_HAL_Driver/Src/stm32f0xx_hal_uart.o
                0x0000000008012a4c                UART_Receive_IT
 .text.HAL_UARTEx_WakeupCallback
                0x0000000008012ae0        0x4 ./Thirdparty/STM32F0xx_HAL_Driver/Src/stm32f0xx_hal_uart_ex.o
                0x0000000008012ae0                HAL_UARTEx_WakeupCallback
 .text.HAL_UART_IRQHandler
                0x0000000008012ae4      0x108 ./Thirdparty/STM32F0xx_HAL_Driver/Src/stm32f0xx_hal_uart_ex.o
                0x0000000008012ae4                HAL_UART_IRQHandler
 .text.startup.main
                0x0000000008012bec        0x8 ./User/main.o
                0x0000000008012bec                main
 .text.UserTask
                0x0000000008012bf4        0x4 ./User/main.o
                0x0000000008012bf4                UserTask
 .text.atof     0x0000000008012bf8        0xa c:/st/stm32cubeide_1.9.0/stm32cubeide/plugins/com.st.stm32cube.ide.mcu.externaltools.gnu-tools-for-stm32.10.3-2021.10.win32_1.0.0.202111181127/tools/bin/../lib/gcc/arm-none-eabi/10.3.1/../../../../arm-none-eabi/lib/thumb/v6-m/nofp\libc.a(lib_a-atof.o)
                0x0000000008012bf8                atof
 .text.atoi     0x0000000008012c02        0xc c:/st/stm32cubeide_1.9.0/stm32cubeide/plugins/com.st.stm32cube.ide.mcu.externaltools.gnu-tools-for-stm32.10.3-2021.10.win32_1.0.0.202111181127/tools/bin/../lib/gcc/arm-none-eabi/10.3.1/../../../../arm-none-eabi/lib/thumb/v6-m/nofp\libc.a(lib_a-atoi.o)
                0x0000000008012c02                atoi
 .text.atol     0x0000000008012c0e        0xc c:/st/stm32cubeide_1.9.0/stm32cubeide/plugins/com.st.stm32cube.ide.mcu.externaltools.gnu-tools-for-stm32.10.3-2021.10.win32_1.0.0.202111181127/tools/bin/../lib/gcc/arm-none-eabi/10.3.1/../../../../arm-none-eabi/lib/thumb/v6-m/nofp\libc.a(lib_a-atol.o)
                0x0000000008012c0e                atol
 *fill*         0x0000000008012c1a        0x2 
 .text.calloc   0x0000000008012c1c       0x14 c:/st/stm32cubeide_1.9.0/stm32cubeide/plugins/com.st.stm32cube.ide.mcu.externaltools.gnu-tools-for-stm32.10.3-2021.10.win32_1.0.0.202111181127/tools/bin/../lib/gcc/arm-none-eabi/10.3.1/../../../../arm-none-eabi/lib/thumb/v6-m/nofp\libc.a(lib_a-calloc.o)
                0x0000000008012c1c                calloc
 .text._calloc_r
                0x0000000008012c30       0x9e c:/st/stm32cubeide_1.9.0/stm32cubeide/plugins/com.st.stm32cube.ide.mcu.externaltools.gnu-tools-for-stm32.10.3-2021.10.win32_1.0.0.202111181127/tools/bin/../lib/gcc/arm-none-eabi/10.3.1/../../../../arm-none-eabi/lib/thumb/v6-m/nofp\libc.a(lib_a-callocr.o)
                0x0000000008012c30                _calloc_r
 *fill*         0x0000000008012cce        0x2 
 .text.__errno  0x0000000008012cd0        0xc c:/st/stm32cubeide_1.9.0/stm32cubeide/plugins/com.st.stm32cube.ide.mcu.externaltools.gnu-tools-for-stm32.10.3-2021.10.win32_1.0.0.202111181127/tools/bin/../lib/gcc/arm-none-eabi/10.3.1/../../../../arm-none-eabi/lib/thumb/v6-m/nofp\libc.a(lib_a-errno.o)
                0x0000000008012cd0                __errno
 .text.__libc_init_array
                0x0000000008012cdc       0x48 c:/st/stm32cubeide_1.9.0/stm32cubeide/plugins/com.st.stm32cube.ide.mcu.externaltools.gnu-tools-for-stm32.10.3-2021.10.win32_1.0.0.202111181127/tools/bin/../lib/gcc/arm-none-eabi/10.3.1/../../../../arm-none-eabi/lib/thumb/v6-m/nofp\libc.a(lib_a-init.o)
                0x0000000008012cdc                __libc_init_array
 .text.malloc   0x0000000008012d24       0x14 c:/st/stm32cubeide_1.9.0/stm32cubeide/plugins/com.st.stm32cube.ide.mcu.externaltools.gnu-tools-for-stm32.10.3-2021.10.win32_1.0.0.202111181127/tools/bin/../lib/gcc/arm-none-eabi/10.3.1/../../../../arm-none-eabi/lib/thumb/v6-m/nofp\libc.a(lib_a-malloc.o)
                0x0000000008012d24                malloc
 .text.free     0x0000000008012d38       0x14 c:/st/stm32cubeide_1.9.0/stm32cubeide/plugins/com.st.stm32cube.ide.mcu.externaltools.gnu-tools-for-stm32.10.3-2021.10.win32_1.0.0.202111181127/tools/bin/../lib/gcc/arm-none-eabi/10.3.1/../../../../arm-none-eabi/lib/thumb/v6-m/nofp\libc.a(lib_a-malloc.o)
                0x0000000008012d38                free
 .text._malloc_r
                0x0000000008012d4c      0x424 c:/st/stm32cubeide_1.9.0/stm32cubeide/plugins/com.st.stm32cube.ide.mcu.externaltools.gnu-tools-for-stm32.10.3-2021.10.win32_1.0.0.202111181127/tools/bin/../lib/gcc/arm-none-eabi/10.3.1/../../../../arm-none-eabi/lib/thumb/v6-m/nofp\libc.a(lib_a-mallocr.o)
                0x0000000008012d4c                _malloc_r
 .text.memcmp   0x0000000008013170       0x1c c:/st/stm32cubeide_1.9.0/stm32cubeide/plugins/com.st.stm32cube.ide.mcu.externaltools.gnu-tools-for-stm32.10.3-2021.10.win32_1.0.0.202111181127/tools/bin/../lib/gcc/arm-none-eabi/10.3.1/../../../../arm-none-eabi/lib/thumb/v6-m/nofp\libc.a(lib_a-memcmp.o)
                0x0000000008013170                memcmp
 .text.memcpy   0x000000000801318c       0x12 c:/st/stm32cubeide_1.9.0/stm32cubeide/plugins/com.st.stm32cube.ide.mcu.externaltools.gnu-tools-for-stm32.10.3-2021.10.win32_1.0.0.202111181127/tools/bin/../lib/gcc/arm-none-eabi/10.3.1/../../../../arm-none-eabi/lib/thumb/v6-m/nofp\libc.a(lib_a-memcpy-stub.o)
                0x000000000801318c                memcpy
 .text.memset   0x000000000801319e       0x10 c:/st/stm32cubeide_1.9.0/stm32cubeide/plugins/com.st.stm32cube.ide.mcu.externaltools.gnu-tools-for-stm32.10.3-2021.10.win32_1.0.0.202111181127/tools/bin/../lib/gcc/arm-none-eabi/10.3.1/../../../../arm-none-eabi/lib/thumb/v6-m/nofp\libc.a(lib_a-memset.o)
                0x000000000801319e                memset
 *fill*         0x00000000080131ae        0x2 
 .text.__malloc_lock
                0x00000000080131b0       0x10 c:/st/stm32cubeide_1.9.0/stm32cubeide/plugins/com.st.stm32cube.ide.mcu.externaltools.gnu-tools-for-stm32.10.3-2021.10.win32_1.0.0.202111181127/tools/bin/../lib/gcc/arm-none-eabi/10.3.1/../../../../arm-none-eabi/lib/thumb/v6-m/nofp\libc.a(lib_a-mlock.o)
                0x00000000080131b0                __malloc_lock
 .text.__malloc_unlock
                0x00000000080131c0       0x10 c:/st/stm32cubeide_1.9.0/stm32cubeide/plugins/com.st.stm32cube.ide.mcu.externaltools.gnu-tools-for-stm32.10.3-2021.10.win32_1.0.0.202111181127/tools/bin/../lib/gcc/arm-none-eabi/10.3.1/../../../../arm-none-eabi/lib/thumb/v6-m/nofp\libc.a(lib_a-mlock.o)
                0x00000000080131c0                __malloc_unlock
 .text.rand     0x00000000080131d0       0x34 c:/st/stm32cubeide_1.9.0/stm32cubeide/plugins/com.st.stm32cube.ide.mcu.externaltools.gnu-tools-for-stm32.10.3-2021.10.win32_1.0.0.202111181127/tools/bin/../lib/gcc/arm-none-eabi/10.3.1/../../../../arm-none-eabi/lib/thumb/v6-m/nofp\libc.a(lib_a-rand.o)
                0x00000000080131d0                rand
 .text.realloc  0x0000000008013204       0x14 c:/st/stm32cubeide_1.9.0/stm32cubeide/plugins/com.st.stm32cube.ide.mcu.externaltools.gnu-tools-for-stm32.10.3-2021.10.win32_1.0.0.202111181127/tools/bin/../lib/gcc/arm-none-eabi/10.3.1/../../../../arm-none-eabi/lib/thumb/v6-m/nofp\libc.a(lib_a-realloc.o)
                0x0000000008013204                realloc
 .text._realloc_r
                0x0000000008013218      0x344 c:/st/stm32cubeide_1.9.0/stm32cubeide/plugins/com.st.stm32cube.ide.mcu.externaltools.gnu-tools-for-stm32.10.3-2021.10.win32_1.0.0.202111181127/tools/bin/../lib/gcc/arm-none-eabi/10.3.1/../../../../arm-none-eabi/lib/thumb/v6-m/nofp\libc.a(lib_a-reallocr.o)
                0x0000000008013218                _realloc_r
 .text._sbrk_r  0x000000000801355c       0x24 c:/st/stm32cubeide_1.9.0/stm32cubeide/plugins/com.st.stm32cube.ide.mcu.externaltools.gnu-tools-for-stm32.10.3-2021.10.win32_1.0.0.202111181127/tools/bin/../lib/gcc/arm-none-eabi/10.3.1/../../../../arm-none-eabi/lib/thumb/v6-m/nofp\libc.a(lib_a-sbrkr.o)
                0x000000000801355c                _sbrk_r
 .text.sprintf  0x0000000008013580       0x40 c:/st/stm32cubeide_1.9.0/stm32cubeide/plugins/com.st.stm32cube.ide.mcu.externaltools.gnu-tools-for-stm32.10.3-2021.10.win32_1.0.0.202111181127/tools/bin/../lib/gcc/arm-none-eabi/10.3.1/../../../../arm-none-eabi/lib/thumb/v6-m/nofp\libc.a(lib_a-sprintf.o)
                0x0000000008013580                sprintf
 .text.strcat   0x00000000080135c0       0x1a c:/st/stm32cubeide_1.9.0/stm32cubeide/plugins/com.st.stm32cube.ide.mcu.externaltools.gnu-tools-for-stm32.10.3-2021.10.win32_1.0.0.202111181127/tools/bin/../lib/gcc/arm-none-eabi/10.3.1/../../../../arm-none-eabi/lib/thumb/v6-m/nofp\libc.a(lib_a-strcat.o)
                0x00000000080135c0                strcat
 .text.strchr   0x00000000080135da       0x1c c:/st/stm32cubeide_1.9.0/stm32cubeide/plugins/com.st.stm32cube.ide.mcu.externaltools.gnu-tools-for-stm32.10.3-2021.10.win32_1.0.0.202111181127/tools/bin/../lib/gcc/arm-none-eabi/10.3.1/../../../../arm-none-eabi/lib/thumb/v6-m/nofp\libc.a(lib_a-strchr.o)
                0x00000000080135da                strchr
 .text.strcpy   0x00000000080135f6       0x10 c:/st/stm32cubeide_1.9.0/stm32cubeide/plugins/com.st.stm32cube.ide.mcu.externaltools.gnu-tools-for-stm32.10.3-2021.10.win32_1.0.0.202111181127/tools/bin/../lib/gcc/arm-none-eabi/10.3.1/../../../../arm-none-eabi/lib/thumb/v6-m/nofp\libc.a(lib_a-strcpy.o)
                0x00000000080135f6                strcpy
 .text.strncmp  0x0000000008013606       0x24 c:/st/stm32cubeide_1.9.0/stm32cubeide/plugins/com.st.stm32cube.ide.mcu.externaltools.gnu-tools-for-stm32.10.3-2021.10.win32_1.0.0.202111181127/tools/bin/../lib/gcc/arm-none-eabi/10.3.1/../../../../arm-none-eabi/lib/thumb/v6-m/nofp\libc.a(lib_a-strncmp.o)
                0x0000000008013606                strncmp
 .text.strncpy  0x000000000801362a       0x28 c:/st/stm32cubeide_1.9.0/stm32cubeide/plugins/com.st.stm32cube.ide.mcu.externaltools.gnu-tools-for-stm32.10.3-2021.10.win32_1.0.0.202111181127/tools/bin/../lib/gcc/arm-none-eabi/10.3.1/../../../../arm-none-eabi/lib/thumb/v6-m/nofp\libc.a(lib_a-strncpy.o)
                0x000000000801362a                strncpy
 *fill*         0x0000000008013652        0x2 
 .text.sulp     0x0000000008013654       0x30 c:/st/stm32cubeide_1.9.0/stm32cubeide/plugins/com.st.stm32cube.ide.mcu.externaltools.gnu-tools-for-stm32.10.3-2021.10.win32_1.0.0.202111181127/tools/bin/../lib/gcc/arm-none-eabi/10.3.1/../../../../arm-none-eabi/lib/thumb/v6-m/nofp\libc.a(lib_a-strtod.o)
 .text._strtod_l
                0x0000000008013684      0xc28 c:/st/stm32cubeide_1.9.0/stm32cubeide/plugins/com.st.stm32cube.ide.mcu.externaltools.gnu-tools-for-stm32.10.3-2021.10.win32_1.0.0.202111181127/tools/bin/../lib/gcc/arm-none-eabi/10.3.1/../../../../arm-none-eabi/lib/thumb/v6-m/nofp\libc.a(lib_a-strtod.o)
                0x0000000008013684                _strtod_l